0 verbose cli /usr/local/bin/node /usr/local/bin/npm
1 info using npm@11.13.0
2 info using node@v24.16.0
3 silly config load:file:/usr/local/lib/node_modules/npm/npmrc
4 silly config load:file:/Users/ayoubelamrani/Desktop/AssuTempo/.npmrc
5 silly config load:file:/Users/ayoubelamrani/.npmrc
6 silly config load:file:/usr/local/etc/npmrc
7 verbose title npm uninstall vite-react-ssg
8 verbose argv "uninstall" "vite-react-ssg" "--cache" ".npm-cache"
9 verbose logfile logs-max:10 dir:/Users/ayoubelamrani/Desktop/AssuTempo/.npm-cache/_logs/2026-06-03T03_49_25_065Z-
10 verbose logfile /Users/ayoubelamrani/Desktop/AssuTempo/.npm-cache/_logs/2026-06-03T03_49_25_065Z-debug-0.log
11 silly logfile start cleaning logs, removing 1 files
12 silly packumentCache heap:2348810240 maxSize:587202560 maxEntrySize:293601280
13 silly logfile done cleaning log files
14 silly idealTree buildDeps
15 silly reify mark retired [
15 silly reify   '/Users/ayoubelamrani/Desktop/AssuTempo/node_modules/@asamuzakjp/css-color'
15 silly reify ]
16 silly reify mark retired [
16 silly reify   '/Users/ayoubelamrani/Desktop/AssuTempo/node_modules/@babel/runtime'
16 silly reify ]
17 silly reify mark retired [
17 silly reify   '/Users/ayoubelamrani/Desktop/AssuTempo/node_modules/@csstools/color-helpers'
17 silly reify ]
18 silly reify mark retired [
18 silly reify   '/Users/ayoubelamrani/Desktop/AssuTempo/node_modules/@csstools/css-calc'
18 silly reify ]
19 silly reify mark retired [
19 silly reify   '/Users/ayoubelamrani/Desktop/AssuTempo/node_modules/@csstools/css-color-parser'
19 silly reify ]
20 silly reify mark retired [
20 silly reify   '/Users/ayoubelamrani/Desktop/AssuTempo/node_modules/@csstools/css-parser-algorithms'
20 silly reify ]
21 silly reify mark retired [
21 silly reify   '/Users/ayoubelamrani/Desktop/AssuTempo/node_modules/@csstools/css-tokenizer'
21 silly reify ]
22 silly reify mark retired [ '/Users/ayoubelamrani/Desktop/AssuTempo/node_modules/agent-base' ]
23 silly reify mark retired [ '/Users/ayoubelamrani/Desktop/AssuTempo/node_modules/ansi-styles' ]
24 silly reify mark retired [ '/Users/ayoubelamrani/Desktop/AssuTempo/node_modules/asynckit' ]
25 silly reify mark retired [
25 silly reify   '/Users/ayoubelamrani/Desktop/AssuTempo/node_modules/call-bind-apply-helpers'
25 silly reify ]
26 silly reify mark retired [ '/Users/ayoubelamrani/Desktop/AssuTempo/node_modules/cliui' ]
27 silly reify mark retired [ '/Users/ayoubelamrani/Desktop/AssuTempo/node_modules/color-convert' ]
28 silly reify mark retired [ '/Users/ayoubelamrani/Desktop/AssuTempo/node_modules/color-name' ]
29 silly reify mark retired [
29 silly reify   '/Users/ayoubelamrani/Desktop/AssuTempo/node_modules/combined-stream'
29 silly reify ]
30 silly reify mark retired [ '/Users/ayoubelamrani/Desktop/AssuTempo/node_modules/cssstyle' ]
31 silly reify mark retired [ '/Users/ayoubelamrani/Desktop/AssuTempo/node_modules/data-urls' ]
32 silly reify mark retired [ '/Users/ayoubelamrani/Desktop/AssuTempo/node_modules/debug' ]
33 silly reify mark retired [ '/Users/ayoubelamrani/Desktop/AssuTempo/node_modules/decimal.js' ]
34 silly reify mark retired [
34 silly reify   '/Users/ayoubelamrani/Desktop/AssuTempo/node_modules/delayed-stream'
34 silly reify ]
35 silly reify mark retired [ '/Users/ayoubelamrani/Desktop/AssuTempo/node_modules/dunder-proto' ]
36 silly reify mark retired [ '/Users/ayoubelamrani/Desktop/AssuTempo/node_modules/entities' ]
37 silly reify mark retired [
37 silly reify   '/Users/ayoubelamrani/Desktop/AssuTempo/node_modules/es-define-property'
37 silly reify ]
38 silly reify mark retired [
38 silly reify   '/Users/ayoubelamrani/Desktop/AssuTempo/node_modules/es-object-atoms'
38 silly reify ]
39 silly reify mark retired [
39 silly reify   '/Users/ayoubelamrani/Desktop/AssuTempo/node_modules/es-set-tostringtag'
39 silly reify ]
40 silly reify mark retired [ '/Users/ayoubelamrani/Desktop/AssuTempo/node_modules/eventemitter3' ]
41 silly reify mark retired [ '/Users/ayoubelamrani/Desktop/AssuTempo/node_modules/form-data' ]
42 silly reify mark retired [ '/Users/ayoubelamrani/Desktop/AssuTempo/node_modules/fs-extra' ]
43 silly reify mark retired [
43 silly reify   '/Users/ayoubelamrani/Desktop/AssuTempo/node_modules/get-caller-file'
43 silly reify ]
44 silly reify mark retired [ '/Users/ayoubelamrani/Desktop/AssuTempo/node_modules/get-intrinsic' ]
45 silly reify mark retired [ '/Users/ayoubelamrani/Desktop/AssuTempo/node_modules/get-proto' ]
46 silly reify mark retired [ '/Users/ayoubelamrani/Desktop/AssuTempo/node_modules/gopd' ]
47 silly reify mark retired [ '/Users/ayoubelamrani/Desktop/AssuTempo/node_modules/graceful-fs' ]
48 silly reify mark retired [ '/Users/ayoubelamrani/Desktop/AssuTempo/node_modules/has-symbols' ]
49 silly reify mark retired [
49 silly reify   '/Users/ayoubelamrani/Desktop/AssuTempo/node_modules/has-tostringtag'
49 silly reify ]
50 silly reify mark retired [
50 silly reify   '/Users/ayoubelamrani/Desktop/AssuTempo/node_modules/html-encoding-sniffer'
50 silly reify ]
51 silly reify mark retired [ '/Users/ayoubelamrani/Desktop/AssuTempo/node_modules/html5parser' ]
52 silly reify mark retired [
52 silly reify   '/Users/ayoubelamrani/Desktop/AssuTempo/node_modules/http-proxy-agent'
52 silly reify ]
53 silly reify mark retired [
53 silly reify   '/Users/ayoubelamrani/Desktop/AssuTempo/node_modules/https-proxy-agent'
53 silly reify ]
54 silly reify mark retired [ '/Users/ayoubelamrani/Desktop/AssuTempo/node_modules/iconv-lite' ]
55 silly reify mark retired [
55 silly reify   '/Users/ayoubelamrani/Desktop/AssuTempo/node_modules/is-fullwidth-code-point'
55 silly reify ]
56 silly reify mark retired [
56 silly reify   '/Users/ayoubelamrani/Desktop/AssuTempo/node_modules/is-potential-custom-element-name'
56 silly reify ]
57 silly reify mark retired [ '/Users/ayoubelamrani/Desktop/AssuTempo/node_modules/jsdom' ]
58 silly reify mark retired [ '/Users/ayoubelamrani/Desktop/AssuTempo/node_modules/jsonfile' ]
59 silly reify mark retired [ '/Users/ayoubelamrani/Desktop/AssuTempo/node_modules/kolorist' ]
60 silly reify mark retired [ '/Users/ayoubelamrani/Desktop/AssuTempo/node_modules/lru-cache' ]
61 silly reify mark retired [
61 silly reify   '/Users/ayoubelamrani/Desktop/AssuTempo/node_modules/math-intrinsics'
61 silly reify ]
62 silly reify mark retired [ '/Users/ayoubelamrani/Desktop/AssuTempo/node_modules/mime-db' ]
63 silly reify mark retired [ '/Users/ayoubelamrani/Desktop/AssuTempo/node_modules/mime-types' ]
64 silly reify mark retired [ '/Users/ayoubelamrani/Desktop/AssuTempo/node_modules/ms' ]
65 silly reify mark retired [ '/Users/ayoubelamrani/Desktop/AssuTempo/node_modules/nwsapi' ]
66 silly reify mark retired [ '/Users/ayoubelamrani/Desktop/AssuTempo/node_modules/p-queue' ]
67 silly reify mark retired [ '/Users/ayoubelamrani/Desktop/AssuTempo/node_modules/p-timeout' ]
68 silly reify mark retired [ '/Users/ayoubelamrani/Desktop/AssuTempo/node_modules/parse5' ]
69 silly reify mark retired [ '/Users/ayoubelamrani/Desktop/AssuTempo/node_modules/psl' ]
70 silly reify mark retired [ '/Users/ayoubelamrani/Desktop/AssuTempo/node_modules/punycode' ]
71 silly reify mark retired [
71 silly reify   '/Users/ayoubelamrani/Desktop/AssuTempo/node_modules/querystringify'
71 silly reify ]
72 silly reify mark retired [
72 silly reify   '/Users/ayoubelamrani/Desktop/AssuTempo/node_modules/require-directory'
72 silly reify ]
73 silly reify mark retired [ '/Users/ayoubelamrani/Desktop/AssuTempo/node_modules/requires-port' ]
74 silly reify mark retired [ '/Users/ayoubelamrani/Desktop/AssuTempo/node_modules/rrweb-cssom' ]
75 silly reify mark retired [ '/Users/ayoubelamrani/Desktop/AssuTempo/node_modules/safer-buffer' ]
76 silly reify mark retired [ '/Users/ayoubelamrani/Desktop/AssuTempo/node_modules/saxes' ]
77 silly reify mark retired [ '/Users/ayoubelamrani/Desktop/AssuTempo/node_modules/symbol-tree' ]
78 silly reify mark retired [ '/Users/ayoubelamrani/Desktop/AssuTempo/node_modules/tough-cookie' ]
79 silly reify mark retired [ '/Users/ayoubelamrani/Desktop/AssuTempo/node_modules/tr46' ]
80 silly reify mark retired [ '/Users/ayoubelamrani/Desktop/AssuTempo/node_modules/universalify' ]
81 silly reify mark retired [ '/Users/ayoubelamrani/Desktop/AssuTempo/node_modules/url-parse' ]
82 silly reify mark retired [
82 silly reify   '/Users/ayoubelamrani/Desktop/AssuTempo/node_modules/vite-react-ssg',
82 silly reify   '/Users/ayoubelamrani/Desktop/AssuTempo/node_modules/.bin/vite-react-ssg'
82 silly reify ]
83 silly reify mark retired [
83 silly reify   '/Users/ayoubelamrani/Desktop/AssuTempo/node_modules/w3c-xmlserializer'
83 silly reify ]
84 silly reify mark retired [
84 silly reify   '/Users/ayoubelamrani/Desktop/AssuTempo/node_modules/webidl-conversions'
84 silly reify ]
85 silly reify mark retired [
85 silly reify   '/Users/ayoubelamrani/Desktop/AssuTempo/node_modules/whatwg-encoding'
85 silly reify ]
86 silly reify mark retired [
86 silly reify   '/Users/ayoubelamrani/Desktop/AssuTempo/node_modules/whatwg-mimetype'
86 silly reify ]
87 silly reify mark retired [ '/Users/ayoubelamrani/Desktop/AssuTempo/node_modules/whatwg-url' ]
88 silly reify mark retired [ '/Users/ayoubelamrani/Desktop/AssuTempo/node_modules/wrap-ansi' ]
89 silly reify mark retired [ '/Users/ayoubelamrani/Desktop/AssuTempo/node_modules/ws' ]
90 silly reify mark retired [
90 silly reify   '/Users/ayoubelamrani/Desktop/AssuTempo/node_modules/xml-name-validator'
90 silly reify ]
91 silly reify mark retired [ '/Users/ayoubelamrani/Desktop/AssuTempo/node_modules/xmlchars' ]
92 silly reify mark retired [ '/Users/ayoubelamrani/Desktop/AssuTempo/node_modules/y18n' ]
93 silly reify mark retired [ '/Users/ayoubelamrani/Desktop/AssuTempo/node_modules/yargs' ]
94 silly reify mark retired [ '/Users/ayoubelamrani/Desktop/AssuTempo/node_modules/yargs-parser' ]
95 silly reify moves {
95 silly reify   '/Users/ayoubelamrani/Desktop/AssuTempo/node_modules/@asamuzakjp/css-color': '/Users/ayoubelamrani/Desktop/AssuTempo/node_modules/@asamuzakjp/.css-color-BfbRDHBE',
95 silly reify   '/Users/ayoubelamrani/Desktop/AssuTempo/node_modules/@babel/runtime': '/Users/ayoubelamrani/Desktop/AssuTempo/node_modules/@babel/.runtime-fdNTy2ob',
95 silly reify   '/Users/ayoubelamrani/Desktop/AssuTempo/node_modules/@csstools/color-helpers': '/Users/ayoubelamrani/Desktop/AssuTempo/node_modules/@csstools/.color-helpers-nHYR2wYp',
95 silly reify   '/Users/ayoubelamrani/Desktop/AssuTempo/node_modules/@csstools/css-calc': '/Users/ayoubelamrani/Desktop/AssuTempo/node_modules/@csstools/.css-calc-ey2saHDL',
95 silly reify   '/Users/ayoubelamrani/Desktop/AssuTempo/node_modules/@csstools/css-color-parser': '/Users/ayoubelamrani/Desktop/AssuTempo/node_modules/@csstools/.css-color-parser-kPYuEMWe',
95 silly reify   '/Users/ayoubelamrani/Desktop/AssuTempo/node_modules/@csstools/css-parser-algorithms': '/Users/ayoubelamrani/Desktop/AssuTempo/node_modules/@csstools/.css-parser-algorithms-lrsLsQkp',
95 silly reify   '/Users/ayoubelamrani/Desktop/AssuTempo/node_modules/@csstools/css-tokenizer': '/Users/ayoubelamrani/Desktop/AssuTempo/node_modules/@csstools/.css-tokenizer-JoRqEHhT',
95 silly reify   '/Users/ayoubelamrani/Desktop/AssuTempo/node_modules/agent-base': '/Users/ayoubelamrani/Desktop/AssuTempo/node_modules/.agent-base-3NVS4r4l',
95 silly reify   '/Users/ayoubelamrani/Desktop/AssuTempo/node_modules/ansi-styles': '/Users/ayoubelamrani/Desktop/AssuTempo/node_modules/.ansi-styles-ZoUlVhoG',
95 silly reify   '/Users/ayoubelamrani/Desktop/AssuTempo/node_modules/asynckit': '/Users/ayoubelamrani/Desktop/AssuTempo/node_modules/.asynckit-4brsaPtN',
95 silly reify   '/Users/ayoubelamrani/Desktop/AssuTempo/node_modules/call-bind-apply-helpers': '/Users/ayoubelamrani/Desktop/AssuTempo/node_modules/.call-bind-apply-helpers-acoIsTlX',
95 silly reify   '/Users/ayoubelamrani/Desktop/AssuTempo/node_modules/cliui': '/Users/ayoubelamrani/Desktop/AssuTempo/node_modules/.cliui-vwSQPUXh',
95 silly reify   '/Users/ayoubelamrani/Desktop/AssuTempo/node_modules/color-convert': '/Users/ayoubelamrani/Desktop/AssuTempo/node_modules/.color-convert-fJSZvd5V',
95 silly reify   '/Users/ayoubelamrani/Desktop/AssuTempo/node_modules/color-name': '/Users/ayoubelamrani/Desktop/AssuTempo/node_modules/.color-name-l6qt9FeO',
95 silly reify   '/Users/ayoubelamrani/Desktop/AssuTempo/node_modules/combined-stream': '/Users/ayoubelamrani/Desktop/AssuTempo/node_modules/.combined-stream-L5EVaUMU',
95 silly reify   '/Users/ayoubelamrani/Desktop/AssuTempo/node_modules/cssstyle': '/Users/ayoubelamrani/Desktop/AssuTempo/node_modules/.cssstyle-7NZ5zOs3',
95 silly reify   '/Users/ayoubelamrani/Desktop/AssuTempo/node_modules/data-urls': '/Users/ayoubelamrani/Desktop/AssuTempo/node_modules/.data-urls-fkebw8kJ',
95 silly reify   '/Users/ayoubelamrani/Desktop/AssuTempo/node_modules/debug': '/Users/ayoubelamrani/Desktop/AssuTempo/node_modules/.debug-Z2FYjV6e',
95 silly reify   '/Users/ayoubelamrani/Desktop/AssuTempo/node_modules/decimal.js': '/Users/ayoubelamrani/Desktop/AssuTempo/node_modules/.decimal.js-4bZDDltb',
95 silly reify   '/Users/ayoubelamrani/Desktop/AssuTempo/node_modules/delayed-stream': '/Users/ayoubelamrani/Desktop/AssuTempo/node_modules/.delayed-stream-JHr1NpDQ',
95 silly reify   '/Users/ayoubelamrani/Desktop/AssuTempo/node_modules/dunder-proto': '/Users/ayoubelamrani/Desktop/AssuTempo/node_modules/.dunder-proto-E3dQSK6G',
95 silly reify   '/Users/ayoubelamrani/Desktop/AssuTempo/node_modules/entities': '/Users/ayoubelamrani/Desktop/AssuTempo/node_modules/.entities-sFK5U9bZ',
95 silly reify   '/Users/ayoubelamrani/Desktop/AssuTempo/node_modules/es-define-property': '/Users/ayoubelamrani/Desktop/AssuTempo/node_modules/.es-define-property-irE6Ag1L',
95 silly reify   '/Users/ayoubelamrani/Desktop/AssuTempo/node_modules/es-object-atoms': '/Users/ayoubelamrani/Desktop/AssuTempo/node_modules/.es-object-atoms-WPXpbwFx',
95 silly reify   '/Users/ayoubelamrani/Desktop/AssuTempo/node_modules/es-set-tostringtag': '/Users/ayoubelamrani/Desktop/AssuTempo/node_modules/.es-set-tostringtag-4O4VUVOf',
95 silly reify   '/Users/ayoubelamrani/Desktop/AssuTempo/node_modules/eventemitter3': '/Users/ayoubelamrani/Desktop/AssuTempo/node_modules/.eventemitter3-2S8g3TDC',
95 silly reify   '/Users/ayoubelamrani/Desktop/AssuTempo/node_modules/form-data': '/Users/ayoubelamrani/Desktop/AssuTempo/node_modules/.form-data-RHtqUcKu',
95 silly reify   '/Users/ayoubelamrani/Desktop/AssuTempo/node_modules/fs-extra': '/Users/ayoubelamrani/Desktop/AssuTempo/node_modules/.fs-extra-5ACLlKul',
95 silly reify   '/Users/ayoubelamrani/Desktop/AssuTempo/node_modules/get-caller-file': '/Users/ayoubelamrani/Desktop/AssuTempo/node_modules/.get-caller-file-a47c2mu1',
95 silly reify   '/Users/ayoubelamrani/Desktop/AssuTempo/node_modules/get-intrinsic': '/Users/ayoubelamrani/Desktop/AssuTempo/node_modules/.get-intrinsic-838taIow',
95 silly reify   '/Users/ayoubelamrani/Desktop/AssuTempo/node_modules/get-proto': '/Users/ayoubelamrani/Desktop/AssuTempo/node_modules/.get-proto-AHzSGwDW',
95 silly reify   '/Users/ayoubelamrani/Desktop/AssuTempo/node_modules/gopd': '/Users/ayoubelamrani/Desktop/AssuTempo/node_modules/.gopd-3czwrSkE',
95 silly reify   '/Users/ayoubelamrani/Desktop/AssuTempo/node_modules/graceful-fs': '/Users/ayoubelamrani/Desktop/AssuTempo/node_modules/.graceful-fs-dV64ffI8',
95 silly reify   '/Users/ayoubelamrani/Desktop/AssuTempo/node_modules/has-symbols': '/Users/ayoubelamrani/Desktop/AssuTempo/node_modules/.has-symbols-2Y1o4r12',
95 silly reify   '/Users/ayoubelamrani/Desktop/AssuTempo/node_modules/has-tostringtag': '/Users/ayoubelamrani/Desktop/AssuTempo/node_modules/.has-tostringtag-2HwcbrKH',
95 silly reify   '/Users/ayoubelamrani/Desktop/AssuTempo/node_modules/html-encoding-sniffer': '/Users/ayoubelamrani/Desktop/AssuTempo/node_modules/.html-encoding-sniffer-x62BF3r1',
95 silly reify   '/Users/ayoubelamrani/Desktop/AssuTempo/node_modules/html5parser': '/Users/ayoubelamrani/Desktop/AssuTempo/node_modules/.html5parser-J42sc27d',
95 silly reify   '/Users/ayoubelamrani/Desktop/AssuTempo/node_modules/http-proxy-agent': '/Users/ayoubelamrani/Desktop/AssuTempo/node_modules/.http-proxy-agent-gxGeftcP',
95 silly reify   '/Users/ayoubelamrani/Desktop/AssuTempo/node_modules/https-proxy-agent': '/Users/ayoubelamrani/Desktop/AssuTempo/node_modules/.https-proxy-agent-kTJovj01',
95 silly reify   '/Users/ayoubelamrani/Desktop/AssuTempo/node_modules/iconv-lite': '/Users/ayoubelamrani/Desktop/AssuTempo/node_modules/.iconv-lite-pcmDMNgG',
95 silly reify   '/Users/ayoubelamrani/Desktop/AssuTempo/node_modules/is-fullwidth-code-point': '/Users/ayoubelamrani/Desktop/AssuTempo/node_modules/.is-fullwidth-code-point-9GviSvAs',
95 silly reify   '/Users/ayoubelamrani/Desktop/AssuTempo/node_modules/is-potential-custom-element-name': '/Users/ayoubelamrani/Desktop/AssuTempo/node_modules/.is-potential-custom-element-name-ZnQ0JCVn',
95 silly reify   '/Users/ayoubelamrani/Desktop/AssuTempo/node_modules/jsdom': '/Users/ayoubelamrani/Desktop/AssuTempo/node_modules/.jsdom-WTO2bl6h',
95 silly reify   '/Users/ayoubelamrani/Desktop/AssuTempo/node_modules/jsonfile': '/Users/ayoubelamrani/Desktop/AssuTempo/node_modules/.jsonfile-n9squto1',
95 silly reify   '/Users/ayoubelamrani/Desktop/AssuTempo/node_modules/kolorist': '/Users/ayoubelamrani/Desktop/AssuTempo/node_modules/.kolorist-BTMtxNYM',
95 silly reify   '/Users/ayoubelamrani/Desktop/AssuTempo/node_modules/lru-cache': '/Users/ayoubelamrani/Desktop/AssuTempo/node_modules/.lru-cache-LXjlD0r0',
95 silly reify   '/Users/ayoubelamrani/Desktop/AssuTempo/node_modules/math-intrinsics': '/Users/ayoubelamrani/Desktop/AssuTempo/node_modules/.math-intrinsics-maaG0TlM',
95 silly reify   '/Users/ayoubelamrani/Desktop/AssuTempo/node_modules/mime-db': '/Users/ayoubelamrani/Desktop/AssuTempo/node_modules/.mime-db-5LD0k9UT',
95 silly reify   '/Users/ayoubelamrani/Desktop/AssuTempo/node_modules/mime-types': '/Users/ayoubelamrani/Desktop/AssuTempo/node_modules/.mime-types-A9M8wctk',
95 silly reify   '/Users/ayoubelamrani/Desktop/AssuTempo/node_modules/ms': '/Users/ayoubelamrani/Desktop/AssuTempo/node_modules/.ms-qzLFdjq4',
95 silly reify   '/Users/ayoubelamrani/Desktop/AssuTempo/node_modules/nwsapi': '/Users/ayoubelamrani/Desktop/AssuTempo/node_modules/.nwsapi-DxPP1Ppp',
95 silly reify   '/Users/ayoubelamrani/Desktop/AssuTempo/node_modules/p-queue': '/Users/ayoubelamrani/Desktop/AssuTempo/node_modules/.p-queue-jccWxrhy',
95 silly reify   '/Users/ayoubelamrani/Desktop/AssuTempo/node_modules/p-timeout': '/Users/ayoubelamrani/Desktop/AssuTempo/node_modules/.p-timeout-zHpjZP0y',
95 silly reify   '/Users/ayoubelamrani/Desktop/AssuTempo/node_modules/parse5': '/Users/ayoubelamrani/Desktop/AssuTempo/node_modules/.parse5-LPXCG6Wu',
95 silly reify   '/Users/ayoubelamrani/Desktop/AssuTempo/node_modules/psl': '/Users/ayoubelamrani/Desktop/AssuTempo/node_modules/.psl-Qx1aXwAS',
95 silly reify   '/Users/ayoubelamrani/Desktop/AssuTempo/node_modules/punycode': '/Users/ayoubelamrani/Desktop/AssuTempo/node_modules/.punycode-qHnNC6ZK',
95 silly reify   '/Users/ayoubelamrani/Desktop/AssuTempo/node_modules/querystringify': '/Users/ayoubelamrani/Desktop/AssuTempo/node_modules/.querystringify-V1TpD48Q',
95 silly reify   '/Users/ayoubelamrani/Desktop/AssuTempo/node_modules/require-directory': '/Users/ayoubelamrani/Desktop/AssuTempo/node_modules/.require-directory-Mgp74Xdj',
95 silly reify   '/Users/ayoubelamrani/Desktop/AssuTempo/node_modules/requires-port': '/Users/ayoubelamrani/Desktop/AssuTempo/node_modules/.requires-port-GIBiWB6u',
95 silly reify   '/Users/ayoubelamrani/Desktop/AssuTempo/node_modules/rrweb-cssom': '/Users/ayoubelamrani/Desktop/AssuTempo/node_modules/.rrweb-cssom-tRlRkmRp',
95 silly reify   '/Users/ayoubelamrani/Desktop/AssuTempo/node_modules/safer-buffer': '/Users/ayoubelamrani/Desktop/AssuTempo/node_modules/.safer-buffer-Fb1hooSl',
95 silly reify   '/Users/ayoubelamrani/Desktop/AssuTempo/node_modules/saxes': '/Users/ayoubelamrani/Desktop/AssuTempo/node_modules/.saxes-arQUqbrU',
95 silly reify   '/Users/ayoubelamrani/Desktop/AssuTempo/node_modules/symbol-tree': '/Users/ayoubelamrani/Desktop/AssuTempo/node_modules/.symbol-tree-LyQ5Lmki',
95 silly reify   '/Users/ayoubelamrani/Desktop/AssuTempo/node_modules/tough-cookie': '/Users/ayoubelamrani/Desktop/AssuTempo/node_modules/.tough-cookie-bxAEmkwq',
95 silly reify   '/Users/ayoubelamrani/Desktop/AssuTempo/node_modules/tr46': '/Users/ayoubelamrani/Desktop/AssuTempo/node_modules/.tr46-gnQSr0yU',
95 silly reify   '/Users/ayoubelamrani/Desktop/AssuTempo/node_modules/universalify': '/Users/ayoubelamrani/Desktop/AssuTempo/node_modules/.universalify-CLop4x3Z',
95 silly reify   '/Users/ayoubelamrani/Desktop/AssuTempo/node_modules/url-parse': '/Users/ayoubelamrani/Desktop/AssuTempo/node_modules/.url-parse-1FINmqdb',
95 silly reify   '/Users/ayoubelamrani/Desktop/AssuTempo/node_modules/vite-react-ssg': '/Users/ayoubelamrani/Desktop/AssuTempo/node_modules/.vite-react-ssg-8xWOOSZ7',
95 silly reify   '/Users/ayoubelamrani/Desktop/AssuTempo/node_modules/.bin/vite-react-ssg': '/Users/ayoubelamrani/Desktop/AssuTempo/node_modules/.bin/.vite-react-ssg-2e1x1nMb',
95 silly reify   '/Users/ayoubelamrani/Desktop/AssuTempo/node_modules/w3c-xmlserializer': '/Users/ayoubelamrani/Desktop/AssuTempo/node_modules/.w3c-xmlserializer-4NuNvkZC',
95 silly reify   '/Users/ayoubelamrani/Desktop/AssuTempo/node_modules/webidl-conversions': '/Users/ayoubelamrani/Desktop/AssuTempo/node_modules/.webidl-conversions-G17eIRMy',
95 silly reify   '/Users/ayoubelamrani/Desktop/AssuTempo/node_modules/whatwg-encoding': '/Users/ayoubelamrani/Desktop/AssuTempo/node_modules/.whatwg-encoding-Mb4QuwAJ',
95 silly reify   '/Users/ayoubelamrani/Desktop/AssuTempo/node_modules/whatwg-mimetype': '/Users/ayoubelamrani/Desktop/AssuTempo/node_modules/.whatwg-mimetype-4CaGn6us',
95 silly reify   '/Users/ayoubelamrani/Desktop/AssuTempo/node_modules/whatwg-url': '/Users/ayoubelamrani/Desktop/AssuTempo/node_modules/.whatwg-url-fdSB3rTt',
95 silly reify   '/Users/ayoubelamrani/Desktop/AssuTempo/node_modules/wrap-ansi': '/Users/ayoubelamrani/Desktop/AssuTempo/node_modules/.wrap-ansi-SoxxAQuK',
95 silly reify   '/Users/ayoubelamrani/Desktop/AssuTempo/node_modules/ws': '/Users/ayoubelamrani/Desktop/AssuTempo/node_modules/.ws-Yfcdb2I3',
95 silly reify   '/Users/ayoubelamrani/Desktop/AssuTempo/node_modules/xml-name-validator': '/Users/ayoubelamrani/Desktop/AssuTempo/node_modules/.xml-name-validator-sP30hkpd',
95 silly reify   '/Users/ayoubelamrani/Desktop/AssuTempo/node_modules/xmlchars': '/Users/ayoubelamrani/Desktop/AssuTempo/node_modules/.xmlchars-rKx3PPpc',
95 silly reify   '/Users/ayoubelamrani/Desktop/AssuTempo/node_modules/y18n': '/Users/ayoubelamrani/Desktop/AssuTempo/node_modules/.y18n-5k0W91hQ',
95 silly reify   '/Users/ayoubelamrani/Desktop/AssuTempo/node_modules/yargs': '/Users/ayoubelamrani/Desktop/AssuTempo/node_modules/.yargs-vqW98iQs',
95 silly reify   '/Users/ayoubelamrani/Desktop/AssuTempo/node_modules/yargs-parser': '/Users/ayoubelamrani/Desktop/AssuTempo/node_modules/.yargs-parser-Cnl0qLdd'
95 silly reify }
96 silly audit bulk request {
96 silly audit   '@alloc/quick-lru': [ '5.2.0' ],
96 silly audit   '@emnapi/core': [ '1.10.0' ],
96 silly audit   '@emnapi/runtime': [ '1.10.0' ],
96 silly audit   '@emnapi/wasi-threads': [ '1.2.1' ],
96 silly audit   '@jridgewell/gen-mapping': [ '0.3.13' ],
96 silly audit   '@jridgewell/resolve-uri': [ '3.1.2' ],
96 silly audit   '@jridgewell/sourcemap-codec': [ '1.5.5' ],
96 silly audit   '@jridgewell/trace-mapping': [ '0.3.31' ],
96 silly audit   '@napi-rs/wasm-runtime': [ '1.1.4' ],
96 silly audit   '@nodelib/fs.scandir': [ '2.1.5' ],
96 silly audit   '@nodelib/fs.stat': [ '2.0.5' ],
96 silly audit   '@nodelib/fs.walk': [ '1.2.8' ],
96 silly audit   '@oxc-project/types': [ '0.132.0' ],
96 silly audit   '@rolldown/binding-android-arm64': [ '1.0.2' ],
96 silly audit   '@rolldown/binding-darwin-arm64': [ '1.0.2' ],
96 silly audit   '@rolldown/binding-darwin-x64': [ '1.0.2' ],
96 silly audit   '@rolldown/binding-freebsd-x64': [ '1.0.2' ],
96 silly audit   '@rolldown/binding-linux-arm-gnueabihf': [ '1.0.2' ],
96 silly audit   '@rolldown/binding-linux-arm64-gnu': [ '1.0.2' ],
96 silly audit   '@rolldown/binding-linux-arm64-musl': [ '1.0.2' ],
96 silly audit   '@rolldown/binding-linux-ppc64-gnu': [ '1.0.2' ],
96 silly audit   '@rolldown/binding-linux-s390x-gnu': [ '1.0.2' ],
96 silly audit   '@rolldown/binding-linux-x64-gnu': [ '1.0.2' ],
96 silly audit   '@rolldown/binding-linux-x64-musl': [ '1.0.2' ],
96 silly audit   '@rolldown/binding-openharmony-arm64': [ '1.0.2' ],
96 silly audit   '@rolldown/binding-wasm32-wasi': [ '1.0.2' ],
96 silly audit   '@rolldown/binding-win32-arm64-msvc': [ '1.0.2' ],
96 silly audit   '@rolldown/binding-win32-x64-msvc': [ '1.0.2' ],
96 silly audit   '@rolldown/pluginutils': [ '1.0.1' ],
96 silly audit   '@tybys/wasm-util': [ '0.10.2' ],
96 silly audit   '@vitejs/plugin-react': [ '6.0.2' ],
96 silly audit   'ansi-regex': [ '6.2.2' ],
96 silly audit   'any-promise': [ '1.3.0' ],
96 silly audit   anymatch: [ '3.1.3' ],
96 silly audit   picomatch: [ '2.3.2', '4.0.4' ],
96 silly audit   arg: [ '5.0.2' ],
96 silly audit   autoprefixer: [ '10.5.0' ],
96 silly audit   'baseline-browser-mapping': [ '2.10.32' ],
96 silly audit   'binary-extensions': [ '2.3.0' ],
96 silly audit   braces: [ '3.0.3' ],
96 silly audit   browserslist: [ '4.28.2' ],
96 silly audit   'camelcase-css': [ '2.0.1' ],
96 silly audit   'caniuse-lite': [ '1.0.30001793' ],
96 silly audit   chalk: [ '5.6.2' ],
96 silly audit   chokidar: [ '3.6.0' ],
96 silly audit   'glob-parent': [ '5.1.2', '6.0.2' ],
96 silly audit   'cli-cursor': [ '5.0.0' ],
96 silly audit   'cli-spinners': [ '2.9.2' ],
96 silly audit   'emoji-regex': [ '10.6.0' ],
96 silly audit   'string-width': [ '7.2.0' ],
96 silly audit   'strip-ansi': [ '7.2.0' ],
96 silly audit   commander: [ '12.1.0', '4.1.1', '2.20.3' ],
96 silly audit   cookie: [ '1.1.1' ],
96 silly audit   cssesc: [ '3.0.0' ],
96 silly audit   'd3-array': [ '2.12.1' ],
96 silly audit   'd3-color': [ '2.0.0' ],
96 silly audit   'd3-dispatch': [ '2.0.0' ],
96 silly audit   'd3-drag': [ '2.0.0' ],
96 silly audit   'd3-ease': [ '2.0.0' ],
96 silly audit   'd3-geo': [ '2.0.2' ],
96 silly audit   'd3-interpolate': [ '2.0.1' ],
96 silly audit   'd3-selection': [ '2.0.0' ],
96 silly audit   'd3-timer': [ '2.0.0' ],
96 silly audit   'd3-transition': [ '2.0.0' ],
96 silly audit   'd3-zoom': [ '2.0.0' ],
96 silly audit   'detect-libc': [ '2.1.2' ],
96 silly audit   didyoumean: [ '1.2.2' ],
96 silly audit   dlv: [ '1.1.3' ],
96 silly audit   'electron-to-chromium': [ '1.5.364' ],
96 silly audit   'es-errors': [ '1.3.0' ],
96 silly audit   escalade: [ '3.2.0' ],
96 silly audit   'fast-glob': [ '3.3.3' ],
96 silly audit   fastq: [ '1.20.1' ],
96 silly audit   fdir: [ '6.5.0' ],
96 silly audit   'fill-range': [ '7.1.1' ],
96 silly audit   'fraction.js': [ '5.3.4' ],
96 silly audit   'framer-motion': [ '12.40.0' ],
96 silly audit   fsevents: [ '2.3.3' ],
96 silly audit   'function-bind': [ '1.1.2' ],
96 silly audit   'get-east-asian-width': [ '1.6.0' ],
96 silly audit   hasown: [ '2.0.4' ],
96 silly audit   internmap: [ '1.0.1' ],
96 silly audit   invariant: [ '2.2.4' ],
96 silly audit   'is-binary-path': [ '2.1.0' ],
96 silly audit   'is-core-module': [ '2.16.2' ],
96 silly audit   'is-extglob': [ '2.1.1' ],
96 silly audit   'is-glob': [ '4.0.3' ],
96 silly audit   'is-interactive': [ '2.0.0' ],
96 silly audit   'is-number': [ '7.0.0' ],
96 silly audit   'is-unicode-supported': [ '2.1.0', '1.3.0' ],
96 silly audit   'js-tokens': [ '4.0.0' ],
96 silly audit   kleur: [ '3.0.3' ],
96 silly audit   lightningcss: [ '1.32.0' ],
96 silly audit   'lightningcss-android-arm64': [ '1.32.0' ],
96 silly audit   'lightningcss-darwin-arm64': [ '1.32.0' ],
96 silly audit   'lightningcss-darwin-x64': [ '1.32.0' ],
96 silly audit   'lightningcss-freebsd-x64': [ '1.32.0' ],
96 silly audit   'lightningcss-linux-arm-gnueabihf': [ '1.32.0' ],
96 silly audit   'lightningcss-linux-arm64-gnu': [ '1.32.0' ],
96 silly audit   'lightningcss-linux-arm64-musl': [ '1.32.0' ],
96 silly audit   'lightningcss-linux-x64-gnu': [ '1.32.0' ],
96 silly audit   'lightningcss-linux-x64-musl': [ '1.32.0' ],
96 silly audit   'lightningcss-win32-arm64-msvc': [ '1.32.0' ],
96 silly audit   'lightningcss-win32-x64-msvc': [ '1.32.0' ],
96 silly audit   lilconfig: [ '2.1.0', '3.1.3' ],
96 silly audit   'lines-and-columns': [ '1.2.4' ],
96 silly audit   'log-symbols': [ '6.0.0' ],
96 silly audit   'loose-envify': [ '1.4.0' ],
96 silly audit   'lucide-react': [ '1.17.0' ],
96 silly audit   merge2: [ '1.4.1' ],
96 silly audit   micromatch: [ '4.0.8' ],
96 silly audit   'mimic-function': [ '5.0.1' ],
96 silly audit   'motion-dom': [ '12.40.0' ],
96 silly audit   'motion-utils': [ '12.39.0' ],
96 silly audit   mz: [ '2.7.0' ],
96 silly audit   nanoid: [ '3.3.12' ],
96 silly audit   'node-releases': [ '2.0.46' ],
96 silly audit   'normalize-path': [ '3.0.0' ],
96 silly audit   'object-assign': [ '4.1.1' ],
96 silly audit   'object-hash': [ '3.0.0' ],
96 silly audit   onetime: [ '7.0.0' ],
96 silly audit   ora: [ '8.2.0' ],
96 silly audit   'path-parse': [ '1.0.7' ],
96 silly audit   picocolors: [ '1.1.1' ],
96 silly audit   pify: [ '2.3.0' ],
96 silly audit   pirates: [ '4.0.7' ],
96 silly audit   postcss: [ '8.5.15' ],
96 silly audit   'postcss-import': [ '15.1.0' ],
96 silly audit   'postcss-js': [ '4.1.0' ],
96 silly audit   'postcss-load-config': [ '4.0.2' ],
96 silly audit   'postcss-nested': [ '6.2.0' ],
96 silly audit   'postcss-selector-parser': [ '6.1.2' ],
96 silly audit   'postcss-value-parser': [ '4.2.0' ],
96 silly audit   prompts: [ '2.4.2' ],
96 silly audit   'prop-types': [ '15.8.1' ],
96 silly audit   'queue-microtask': [ '1.2.3' ],
96 silly audit   react: [ '19.2.6' ],
96 silly audit   'react-dom': [ '19.2.6' ],
96 silly audit   'react-fast-compare': [ '3.2.2' ],
96 silly audit   'react-helmet-async': [ '3.0.0' ],
96 silly audit   'react-is': [ '16.13.1' ],
96 silly audit   'react-router': [ '7.16.0' ],
96 silly audit   'react-router-dom': [ '7.16.0' ],
96 silly audit   'react-simple-maps': [ '3.0.0' ],
96 silly audit   'read-cache': [ '1.0.0' ],
96 silly audit   readdirp: [ '3.6.0' ],
96 silly audit   resolve: [ '1.22.12' ],
96 silly audit   'restore-cursor': [ '5.1.0' ],
96 silly audit   reusify: [ '1.1.0' ],
96 silly audit   rolldown: [ '1.0.2' ],
96 silly audit   'run-parallel': [ '1.2.0' ],
96 silly audit   scheduler: [ '0.27.0' ],
96 silly audit   'set-cookie-parser': [ '2.7.2' ],
96 silly audit   shallowequal: [ '1.1.0' ],
96 silly audit   'signal-exit': [ '4.1.0' ],
96 silly audit   sisteransi: [ '1.0.5' ],
96 silly audit   'source-map-js': [ '1.2.1' ],
96 silly audit   'stdin-discarder': [ '0.2.2' ],
96 silly audit   sucrase: [ '3.35.1' ],
96 silly audit   'supports-preserve-symlinks-flag': [ '1.0.0' ],
96 silly audit   tailwindcss: [ '3.4.4' ],
96 silly audit   jiti: [ '1.21.7' ],
96 silly audit   thenify: [ '3.3.1' ],
96 silly audit   'thenify-all': [ '1.6.0' ],
96 silly audit   tinyglobby: [ '0.2.16' ],
96 silly audit   'to-regex-range': [ '5.0.1' ],
96 silly audit   'topojson-client': [ '3.1.0' ],
96 silly audit   'ts-interface-checker': [ '0.1.13' ],
96 silly audit   tslib: [ '2.8.1' ],
96 silly audit   'uipro-cli': [ '2.2.3' ],
96 silly audit   'update-browserslist-db': [ '1.2.3' ],
96 silly audit   'util-deprecate': [ '1.0.2' ],
96 silly audit   vite: [ '8.0.14' ],
96 silly audit   yaml: [ '2.9.0' ]
96 silly audit }
97 http fetch POST 200 https://registry.npmjs.org/-/npm/v1/security/advisories/bulk 412ms
98 silly audit report {
98 silly audit report   'd3-color': [
98 silly audit report     {
98 silly audit report       id: 1088594,
98 silly audit report       url: 'https://github.com/advisories/GHSA-36jr-mh4h-2g58',
98 silly audit report       title: 'd3-color vulnerable to ReDoS',
98 silly audit report       severity: 'high',
98 silly audit report       vulnerable_versions: '<3.1.0',
98 silly audit report       cwe: [Array],
98 silly audit report       cvss: [Object]
98 silly audit report     }
98 silly audit report   ]
98 silly audit report }
99 silly packumentCache corgi:https://registry.npmjs.org/d3-color cache-miss
100 http fetch GET 200 https://registry.npmjs.org/d3-color 30ms (cache revalidated)
101 silly packumentCache corgi:https://registry.npmjs.org/d3-color set size:43268 disposed:false
102 silly packumentCache corgi:https://registry.npmjs.org/d3-interpolate cache-miss
103 silly packumentCache corgi:https://registry.npmjs.org/d3-transition cache-miss
104 http fetch GET 200 https://registry.npmjs.org/d3-interpolate 23ms (cache revalidated)
105 silly packumentCache corgi:https://registry.npmjs.org/d3-interpolate set size:34444 disposed:false
106 http fetch GET 200 https://registry.npmjs.org/d3-transition 67ms (cache revalidated)
107 silly packumentCache corgi:https://registry.npmjs.org/d3-transition set size:49960 disposed:false
108 silly packumentCache corgi:https://registry.npmjs.org/d3-zoom cache-miss
109 http fetch GET 200 https://registry.npmjs.org/d3-zoom 24ms (cache revalidated)
110 silly packumentCache corgi:https://registry.npmjs.org/d3-zoom set size:33967 disposed:false
111 silly packumentCache corgi:https://registry.npmjs.org/react-simple-maps cache-miss
112 http fetch GET 200 https://registry.npmjs.org/react-simple-maps 172ms (cache revalidated)
113 silly packumentCache corgi:https://registry.npmjs.org/react-simple-maps set size:75800 disposed:false
114 silly REMOVE node_modules/yargs-parser
115 silly REMOVE node_modules/yargs
116 silly REMOVE node_modules/yargs/node_modules/strip-ansi
117 silly REMOVE node_modules/yargs/node_modules/string-width
118 silly REMOVE node_modules/yargs/node_modules/emoji-regex
119 silly REMOVE node_modules/yargs/node_modules/ansi-regex
120 silly REMOVE node_modules/y18n
121 silly REMOVE node_modules/xmlchars
122 silly REMOVE node_modules/xml-name-validator
123 silly REMOVE node_modules/ws
124 silly REMOVE node_modules/wrap-ansi
125 silly REMOVE node_modules/wrap-ansi/node_modules/strip-ansi
126 silly REMOVE node_modules/wrap-ansi/node_modules/string-width
127 silly REMOVE node_modules/wrap-ansi/node_modules/emoji-regex
128 silly REMOVE node_modules/wrap-ansi/node_modules/ansi-regex
129 silly REMOVE node_modules/whatwg-url
130 silly REMOVE node_modules/whatwg-mimetype
131 silly REMOVE node_modules/whatwg-encoding
132 silly REMOVE node_modules/webidl-conversions
133 silly REMOVE node_modules/w3c-xmlserializer
134 silly REMOVE node_modules/vite-react-ssg
135 silly REMOVE node_modules/vite-react-ssg/node_modules/react-helmet-async
136 silly REMOVE node_modules/url-parse
137 silly REMOVE node_modules/universalify
138 silly REMOVE node_modules/tr46
139 silly REMOVE node_modules/tough-cookie
140 silly REMOVE node_modules/tough-cookie/node_modules/universalify
141 silly REMOVE node_modules/symbol-tree
142 silly REMOVE node_modules/saxes
143 silly REMOVE node_modules/safer-buffer
144 silly REMOVE node_modules/rrweb-cssom
145 silly REMOVE node_modules/requires-port
146 silly REMOVE node_modules/require-directory
147 silly REMOVE node_modules/querystringify
148 silly REMOVE node_modules/punycode
149 silly REMOVE node_modules/psl
150 silly REMOVE node_modules/parse5
151 silly REMOVE node_modules/p-timeout
152 silly REMOVE node_modules/p-queue
153 silly REMOVE node_modules/nwsapi
154 silly REMOVE node_modules/ms
155 silly REMOVE node_modules/mime-types
156 silly REMOVE node_modules/mime-db
157 silly REMOVE node_modules/math-intrinsics
158 silly REMOVE node_modules/lru-cache
159 silly REMOVE node_modules/kolorist
160 silly REMOVE node_modules/jsonfile
161 silly REMOVE node_modules/jsdom
162 silly REMOVE node_modules/is-potential-custom-element-name
163 silly REMOVE node_modules/is-fullwidth-code-point
164 silly REMOVE node_modules/iconv-lite
165 silly REMOVE node_modules/https-proxy-agent
166 silly REMOVE node_modules/http-proxy-agent
167 silly REMOVE node_modules/html5parser
168 silly REMOVE node_modules/html-encoding-sniffer
169 silly REMOVE node_modules/has-tostringtag
170 silly REMOVE node_modules/has-symbols
171 silly REMOVE node_modules/graceful-fs
172 silly REMOVE node_modules/gopd
173 silly REMOVE node_modules/get-proto
174 silly REMOVE node_modules/get-intrinsic
175 silly REMOVE node_modules/get-caller-file
176 silly REMOVE node_modules/fs-extra
177 silly REMOVE node_modules/form-data
178 silly REMOVE node_modules/eventemitter3
179 silly REMOVE node_modules/es-set-tostringtag
180 silly REMOVE node_modules/es-object-atoms
181 silly REMOVE node_modules/es-define-property
182 silly REMOVE node_modules/entities
183 silly REMOVE node_modules/dunder-proto
184 silly REMOVE node_modules/delayed-stream
185 silly REMOVE node_modules/decimal.js
186 silly REMOVE node_modules/debug
187 silly REMOVE node_modules/data-urls
188 silly REMOVE node_modules/cssstyle
189 silly REMOVE node_modules/cssstyle/node_modules/rrweb-cssom
190 silly REMOVE node_modules/combined-stream
191 silly REMOVE node_modules/color-name
192 silly REMOVE node_modules/color-convert
193 silly REMOVE node_modules/cliui
194 silly REMOVE node_modules/cliui/node_modules/strip-ansi
195 silly REMOVE node_modules/cliui/node_modules/string-width
196 silly REMOVE node_modules/cliui/node_modules/emoji-regex
197 silly REMOVE node_modules/cliui/node_modules/ansi-regex
198 silly REMOVE node_modules/call-bind-apply-helpers
199 silly REMOVE node_modules/asynckit
200 silly REMOVE node_modules/ansi-styles
201 silly REMOVE node_modules/agent-base
202 silly REMOVE node_modules/@csstools/css-tokenizer
203 silly REMOVE node_modules/@csstools/css-parser-algorithms
204 silly REMOVE node_modules/@csstools/css-color-parser
205 silly REMOVE node_modules/@csstools/css-calc
206 silly REMOVE node_modules/@csstools/color-helpers
207 silly REMOVE node_modules/@babel/runtime
208 silly REMOVE node_modules/@asamuzakjp/css-color
209 verbose cwd /Users/ayoubelamrani/Desktop/AssuTempo
210 verbose os Darwin 24.6.0
211 verbose node v24.16.0
212 verbose npm  v11.13.0
213 verbose exit 0
214 info ok
