0 verbose cli /usr/local/bin/node /usr/local/bin/npm
1 info using npm@11.13.0
2 info using node@v24.16.0
3 silly config load:file:/usr/local/lib/node_modules/npm/npmrc
4 silly config load:file:/Users/ayoubelamrani/Desktop/AssuTempo/.npmrc
5 silly config load:file:/Users/ayoubelamrani/.npmrc
6 silly config load:file:/usr/local/etc/npmrc
7 verbose title npm uninstall @tailwindcss/postcss
8 verbose argv "uninstall" "--save-dev" "@tailwindcss/postcss"
9 verbose logfile logs-max:10 dir:/Users/ayoubelamrani/Desktop/AssuTempo/.npm-cache/_logs/2026-05-30T01_08_41_465Z-
10 verbose logfile /Users/ayoubelamrani/Desktop/AssuTempo/.npm-cache/_logs/2026-05-30T01_08_41_465Z-debug-0.log
11 silly logfile start cleaning logs, removing 1 files
12 silly packumentCache heap:2348810240 maxSize:587202560 maxEntrySize:293601280
13 silly logfile done cleaning log files
14 silly idealTree buildDeps
15 silly reify mark retired [
15 silly reify   '/Users/ayoubelamrani/Desktop/AssuTempo/node_modules/@jridgewell/remapping'
15 silly reify ]
16 silly reify mark retired [
16 silly reify   '/Users/ayoubelamrani/Desktop/AssuTempo/node_modules/@tailwindcss/node'
16 silly reify ]
17 silly reify mark retired [
17 silly reify   '/Users/ayoubelamrani/Desktop/AssuTempo/node_modules/@tailwindcss/oxide'
17 silly reify ]
18 silly reify mark retired [
18 silly reify   '/Users/ayoubelamrani/Desktop/AssuTempo/node_modules/@tailwindcss/oxide-darwin-arm64'
18 silly reify ]
19 silly reify mark retired [
19 silly reify   '/Users/ayoubelamrani/Desktop/AssuTempo/node_modules/@tailwindcss/postcss'
19 silly reify ]
20 silly reify mark retired [
20 silly reify   '/Users/ayoubelamrani/Desktop/AssuTempo/node_modules/enhanced-resolve'
20 silly reify ]
21 silly reify mark retired [ '/Users/ayoubelamrani/Desktop/AssuTempo/node_modules/graceful-fs' ]
22 silly reify mark retired [
22 silly reify   '/Users/ayoubelamrani/Desktop/AssuTempo/node_modules/jiti',
22 silly reify   '/Users/ayoubelamrani/Desktop/AssuTempo/node_modules/.bin/jiti'
22 silly reify ]
23 silly reify mark retired [ '/Users/ayoubelamrani/Desktop/AssuTempo/node_modules/magic-string' ]
24 silly reify mark retired [ '/Users/ayoubelamrani/Desktop/AssuTempo/node_modules/tapable' ]
25 silly reify moves {
25 silly reify   '/Users/ayoubelamrani/Desktop/AssuTempo/node_modules/@jridgewell/remapping': '/Users/ayoubelamrani/Desktop/AssuTempo/node_modules/@jridgewell/.remapping-UuzMTpRw',
25 silly reify   '/Users/ayoubelamrani/Desktop/AssuTempo/node_modules/@tailwindcss/node': '/Users/ayoubelamrani/Desktop/AssuTempo/node_modules/@tailwindcss/.node-ZMXgHVAq',
25 silly reify   '/Users/ayoubelamrani/Desktop/AssuTempo/node_modules/@tailwindcss/oxide': '/Users/ayoubelamrani/Desktop/AssuTempo/node_modules/@tailwindcss/.oxide-rANMPMXv',
25 silly reify   '/Users/ayoubelamrani/Desktop/AssuTempo/node_modules/@tailwindcss/oxide-darwin-arm64': '/Users/ayoubelamrani/Desktop/AssuTempo/node_modules/@tailwindcss/.oxide-darwin-arm64-qpFSFKQA',
25 silly reify   '/Users/ayoubelamrani/Desktop/AssuTempo/node_modules/@tailwindcss/postcss': '/Users/ayoubelamrani/Desktop/AssuTempo/node_modules/@tailwindcss/.postcss-zmHrSYuL',
25 silly reify   '/Users/ayoubelamrani/Desktop/AssuTempo/node_modules/enhanced-resolve': '/Users/ayoubelamrani/Desktop/AssuTempo/node_modules/.enhanced-resolve-pjtsHyTg',
25 silly reify   '/Users/ayoubelamrani/Desktop/AssuTempo/node_modules/graceful-fs': '/Users/ayoubelamrani/Desktop/AssuTempo/node_modules/.graceful-fs-dV64ffI8',
25 silly reify   '/Users/ayoubelamrani/Desktop/AssuTempo/node_modules/jiti': '/Users/ayoubelamrani/Desktop/AssuTempo/node_modules/.jiti-p5chjPOA',
25 silly reify   '/Users/ayoubelamrani/Desktop/AssuTempo/node_modules/.bin/jiti': '/Users/ayoubelamrani/Desktop/AssuTempo/node_modules/.bin/.jiti-46AthJMQ',
25 silly reify   '/Users/ayoubelamrani/Desktop/AssuTempo/node_modules/magic-string': '/Users/ayoubelamrani/Desktop/AssuTempo/node_modules/.magic-string-6r9yd6rD',
25 silly reify   '/Users/ayoubelamrani/Desktop/AssuTempo/node_modules/tapable': '/Users/ayoubelamrani/Desktop/AssuTempo/node_modules/.tapable-9JXflPDb'
25 silly reify }
26 silly audit bulk request {
26 silly audit   '@alloc/quick-lru': [ '5.2.0' ],
26 silly audit   '@emnapi/core': [ '1.10.0' ],
26 silly audit   '@emnapi/runtime': [ '1.10.0' ],
26 silly audit   '@emnapi/wasi-threads': [ '1.2.1' ],
26 silly audit   '@jridgewell/gen-mapping': [ '0.3.13' ],
26 silly audit   '@jridgewell/resolve-uri': [ '3.1.2' ],
26 silly audit   '@jridgewell/sourcemap-codec': [ '1.5.5' ],
26 silly audit   '@jridgewell/trace-mapping': [ '0.3.31' ],
26 silly audit   '@napi-rs/wasm-runtime': [ '1.1.4' ],
26 silly audit   '@nodelib/fs.scandir': [ '2.1.5' ],
26 silly audit   '@nodelib/fs.stat': [ '2.0.5' ],
26 silly audit   '@nodelib/fs.walk': [ '1.2.8' ],
26 silly audit   '@oxc-project/types': [ '0.132.0' ],
26 silly audit   '@rolldown/binding-android-arm64': [ '1.0.2' ],
26 silly audit   '@rolldown/binding-darwin-arm64': [ '1.0.2' ],
26 silly audit   '@rolldown/binding-darwin-x64': [ '1.0.2' ],
26 silly audit   '@rolldown/binding-freebsd-x64': [ '1.0.2' ],
26 silly audit   '@rolldown/binding-linux-arm-gnueabihf': [ '1.0.2' ],
26 silly audit   '@rolldown/binding-linux-arm64-gnu': [ '1.0.2' ],
26 silly audit   '@rolldown/binding-linux-arm64-musl': [ '1.0.2' ],
26 silly audit   '@rolldown/binding-linux-ppc64-gnu': [ '1.0.2' ],
26 silly audit   '@rolldown/binding-linux-s390x-gnu': [ '1.0.2' ],
26 silly audit   '@rolldown/binding-linux-x64-gnu': [ '1.0.2' ],
26 silly audit   '@rolldown/binding-linux-x64-musl': [ '1.0.2' ],
26 silly audit   '@rolldown/binding-openharmony-arm64': [ '1.0.2' ],
26 silly audit   '@rolldown/binding-wasm32-wasi': [ '1.0.2' ],
26 silly audit   '@rolldown/binding-win32-arm64-msvc': [ '1.0.2' ],
26 silly audit   '@rolldown/binding-win32-x64-msvc': [ '1.0.2' ],
26 silly audit   '@rolldown/pluginutils': [ '1.0.1' ],
26 silly audit   tailwindcss: [ '3.4.4' ],
26 silly audit   '@tybys/wasm-util': [ '0.10.2' ],
26 silly audit   '@vitejs/plugin-react': [ '6.0.2' ],
26 silly audit   'ansi-regex': [ '6.2.2' ],
26 silly audit   'any-promise': [ '1.3.0' ],
26 silly audit   anymatch: [ '3.1.3' ],
26 silly audit   picomatch: [ '2.3.2', '4.0.4' ],
26 silly audit   arg: [ '5.0.2' ],
26 silly audit   autoprefixer: [ '10.5.0' ],
26 silly audit   'baseline-browser-mapping': [ '2.10.32' ],
26 silly audit   'binary-extensions': [ '2.3.0' ],
26 silly audit   braces: [ '3.0.3' ],
26 silly audit   browserslist: [ '4.28.2' ],
26 silly audit   'camelcase-css': [ '2.0.1' ],
26 silly audit   'caniuse-lite': [ '1.0.30001793' ],
26 silly audit   chalk: [ '5.6.2' ],
26 silly audit   chokidar: [ '3.6.0' ],
26 silly audit   'glob-parent': [ '5.1.2', '6.0.2' ],
26 silly audit   'cli-cursor': [ '5.0.0' ],
26 silly audit   'cli-spinners': [ '2.9.2' ],
26 silly audit   commander: [ '12.1.0', '4.1.1' ],
26 silly audit   cookie: [ '1.1.1' ],
26 silly audit   cssesc: [ '3.0.0' ],
26 silly audit   'detect-libc': [ '2.1.2' ],
26 silly audit   didyoumean: [ '1.2.2' ],
26 silly audit   dlv: [ '1.1.3' ],
26 silly audit   'electron-to-chromium': [ '1.5.364' ],
26 silly audit   'emoji-regex': [ '10.6.0' ],
26 silly audit   'es-errors': [ '1.3.0' ],
26 silly audit   escalade: [ '3.2.0' ],
26 silly audit   'fast-glob': [ '3.3.3' ],
26 silly audit   fastq: [ '1.20.1' ],
26 silly audit   fdir: [ '6.5.0' ],
26 silly audit   'fill-range': [ '7.1.1' ],
26 silly audit   'fraction.js': [ '5.3.4' ],
26 silly audit   'framer-motion': [ '12.40.0' ],
26 silly audit   fsevents: [ '2.3.3' ],
26 silly audit   'function-bind': [ '1.1.2' ],
26 silly audit   'get-east-asian-width': [ '1.6.0' ],
26 silly audit   hasown: [ '2.0.4' ],
26 silly audit   'is-binary-path': [ '2.1.0' ],
26 silly audit   'is-core-module': [ '2.16.2' ],
26 silly audit   'is-extglob': [ '2.1.1' ],
26 silly audit   'is-glob': [ '4.0.3' ],
26 silly audit   'is-interactive': [ '2.0.0' ],
26 silly audit   'is-number': [ '7.0.0' ],
26 silly audit   'is-unicode-supported': [ '2.1.0', '1.3.0' ],
26 silly audit   jiti: [ '1.21.7' ],
26 silly audit   kleur: [ '3.0.3' ],
26 silly audit   lightningcss: [ '1.32.0' ],
26 silly audit   'lightningcss-android-arm64': [ '1.32.0' ],
26 silly audit   'lightningcss-darwin-arm64': [ '1.32.0' ],
26 silly audit   'lightningcss-darwin-x64': [ '1.32.0' ],
26 silly audit   'lightningcss-freebsd-x64': [ '1.32.0' ],
26 silly audit   'lightningcss-linux-arm-gnueabihf': [ '1.32.0' ],
26 silly audit   'lightningcss-linux-arm64-gnu': [ '1.32.0' ],
26 silly audit   'lightningcss-linux-arm64-musl': [ '1.32.0' ],
26 silly audit   'lightningcss-linux-x64-gnu': [ '1.32.0' ],
26 silly audit   'lightningcss-linux-x64-musl': [ '1.32.0' ],
26 silly audit   'lightningcss-win32-arm64-msvc': [ '1.32.0' ],
26 silly audit   'lightningcss-win32-x64-msvc': [ '1.32.0' ],
26 silly audit   lilconfig: [ '2.1.0', '3.1.3' ],
26 silly audit   'lines-and-columns': [ '1.2.4' ],
26 silly audit   'log-symbols': [ '6.0.0' ],
26 silly audit   'lucide-react': [ '1.17.0' ],
26 silly audit   merge2: [ '1.4.1' ],
26 silly audit   micromatch: [ '4.0.8' ],
26 silly audit   'mimic-function': [ '5.0.1' ],
26 silly audit   'motion-dom': [ '12.40.0' ],
26 silly audit   'motion-utils': [ '12.39.0' ],
26 silly audit   mz: [ '2.7.0' ],
26 silly audit   nanoid: [ '3.3.12' ],
26 silly audit   'node-releases': [ '2.0.46' ],
26 silly audit   'normalize-path': [ '3.0.0' ],
26 silly audit   'object-assign': [ '4.1.1' ],
26 silly audit   'object-hash': [ '3.0.0' ],
26 silly audit   onetime: [ '7.0.0' ],
26 silly audit   ora: [ '8.2.0' ],
26 silly audit   'path-parse': [ '1.0.7' ],
26 silly audit   picocolors: [ '1.1.1' ],
26 silly audit   pify: [ '2.3.0' ],
26 silly audit   pirates: [ '4.0.7' ],
26 silly audit   postcss: [ '8.5.15' ],
26 silly audit   'postcss-import': [ '15.1.0' ],
26 silly audit   'postcss-js': [ '4.1.0' ],
26 silly audit   'postcss-load-config': [ '4.0.2' ],
26 silly audit   'postcss-nested': [ '6.2.0' ],
26 silly audit   'postcss-selector-parser': [ '6.1.2' ],
26 silly audit   'postcss-value-parser': [ '4.2.0' ],
26 silly audit   prompts: [ '2.4.2' ],
26 silly audit   'queue-microtask': [ '1.2.3' ],
26 silly audit   react: [ '19.2.6' ],
26 silly audit   'react-dom': [ '19.2.6' ],
26 silly audit   'react-router': [ '7.16.0' ],
26 silly audit   'react-router-dom': [ '7.16.0' ],
26 silly audit   'read-cache': [ '1.0.0' ],
26 silly audit   readdirp: [ '3.6.0' ],
26 silly audit   resolve: [ '1.22.12' ],
26 silly audit   'restore-cursor': [ '5.1.0' ],
26 silly audit   reusify: [ '1.1.0' ],
26 silly audit   rolldown: [ '1.0.2' ],
26 silly audit   'run-parallel': [ '1.2.0' ],
26 silly audit   scheduler: [ '0.27.0' ],
26 silly audit   'set-cookie-parser': [ '2.7.2' ],
26 silly audit   'signal-exit': [ '4.1.0' ],
26 silly audit   sisteransi: [ '1.0.5' ],
26 silly audit   'source-map-js': [ '1.2.1' ],
26 silly audit   'stdin-discarder': [ '0.2.2' ],
26 silly audit   'string-width': [ '7.2.0' ],
26 silly audit   'strip-ansi': [ '7.2.0' ],
26 silly audit   sucrase: [ '3.35.1' ],
26 silly audit   'supports-preserve-symlinks-flag': [ '1.0.0' ],
26 silly audit   thenify: [ '3.3.1' ],
26 silly audit   'thenify-all': [ '1.6.0' ],
26 silly audit   tinyglobby: [ '0.2.16' ],
26 silly audit   'to-regex-range': [ '5.0.1' ],
26 silly audit   'ts-interface-checker': [ '0.1.13' ],
26 silly audit   tslib: [ '2.8.1' ],
26 silly audit   'uipro-cli': [ '2.2.3' ],
26 silly audit   'update-browserslist-db': [ '1.2.3' ],
26 silly audit   'util-deprecate': [ '1.0.2' ],
26 silly audit   vite: [ '8.0.14' ],
26 silly audit   yaml: [ '2.9.0' ]
26 silly audit }
27 http fetch POST 200 https://registry.npmjs.org/-/npm/v1/security/advisories/bulk 266ms
28 silly audit report {}
29 silly REMOVE node_modules/tapable
30 silly REMOVE node_modules/magic-string
31 silly REMOVE node_modules/jiti
32 silly REMOVE node_modules/graceful-fs
33 silly REMOVE node_modules/enhanced-resolve
34 silly REMOVE node_modules/@tailwindcss/postcss
35 silly REMOVE node_modules/@tailwindcss/postcss/node_modules/tailwindcss
36 silly REMOVE node_modules/@tailwindcss/oxide-darwin-arm64
37 silly REMOVE node_modules/@tailwindcss/oxide
38 silly REMOVE node_modules/@tailwindcss/node
39 silly REMOVE node_modules/@tailwindcss/node/node_modules/tailwindcss
40 silly REMOVE node_modules/@jridgewell/remapping
41 verbose cwd /Users/ayoubelamrani/Desktop/AssuTempo
42 verbose os Darwin 24.6.0
43 verbose node v24.16.0
44 verbose npm  v11.13.0
45 verbose exit 0
46 info ok
