0 verbose cli /usr/local/bin/node /usr/local/bin/npm
1 info using npm@11.13.0
2 info using node@v24.16.0
3 silly config load:file:/usr/local/lib/node_modules/npm/npmrc
4 silly config load:file:/Users/ayoubelamrani/Desktop/AssuTempo/.npmrc
5 silly config load:file:/Users/ayoubelamrani/.npmrc
6 silly config load:file:/usr/local/etc/npmrc
7 verbose title npm install postcss@8 autoprefixer@10
8 verbose argv "install" "--save-dev" "postcss@8" "autoprefixer@10"
9 verbose logfile logs-max:10 dir:/Users/ayoubelamrani/Desktop/AssuTempo/.npm-cache/_logs/2026-05-30T01_08_29_610Z-
10 verbose logfile /Users/ayoubelamrani/Desktop/AssuTempo/.npm-cache/_logs/2026-05-30T01_08_29_610Z-debug-0.log
11 silly logfile done cleaning log files
12 silly packumentCache heap:2348810240 maxSize:587202560 maxEntrySize:293601280
13 silly idealTree buildDeps
14 silly fetch manifest autoprefixer@10
15 silly packumentCache full:https://registry.npmjs.org/autoprefixer cache-miss
16 http fetch GET 200 https://registry.npmjs.org/autoprefixer 92ms (cache revalidated)
17 silly packumentCache full:https://registry.npmjs.org/autoprefixer set size:1319426 disposed:false
18 silly fetch manifest postcss@8
19 silly packumentCache full:https://registry.npmjs.org/postcss cache-miss
20 http cache https://registry.npmjs.org/postcss 2ms (cache hit)
21 silly packumentCache full:https://registry.npmjs.org/postcss set size:723316 disposed:false
22 silly placeDep ROOT autoprefixer@10.5.0 REPLACE for: assutempo@1.0.0 want: 10
23 silly placeDep ROOT postcss@8.5.15 REPLACE for: assutempo@1.0.0 want: 8
24 silly reify moves {}
25 silly audit bulk request {
25 silly audit   '@alloc/quick-lru': [ '5.2.0' ],
25 silly audit   '@emnapi/core': [ '1.10.0' ],
25 silly audit   '@emnapi/runtime': [ '1.10.0' ],
25 silly audit   '@emnapi/wasi-threads': [ '1.2.1' ],
25 silly audit   '@jridgewell/gen-mapping': [ '0.3.13' ],
25 silly audit   '@jridgewell/remapping': [ '2.3.5' ],
25 silly audit   '@jridgewell/resolve-uri': [ '3.1.2' ],
25 silly audit   '@jridgewell/sourcemap-codec': [ '1.5.5' ],
25 silly audit   '@jridgewell/trace-mapping': [ '0.3.31' ],
25 silly audit   '@napi-rs/wasm-runtime': [ '1.1.4' ],
25 silly audit   '@nodelib/fs.scandir': [ '2.1.5' ],
25 silly audit   '@nodelib/fs.stat': [ '2.0.5' ],
25 silly audit   '@nodelib/fs.walk': [ '1.2.8' ],
25 silly audit   '@oxc-project/types': [ '0.132.0' ],
25 silly audit   '@rolldown/binding-android-arm64': [ '1.0.2' ],
25 silly audit   '@rolldown/binding-darwin-arm64': [ '1.0.2' ],
25 silly audit   '@rolldown/binding-darwin-x64': [ '1.0.2' ],
25 silly audit   '@rolldown/binding-freebsd-x64': [ '1.0.2' ],
25 silly audit   '@rolldown/binding-linux-arm-gnueabihf': [ '1.0.2' ],
25 silly audit   '@rolldown/binding-linux-arm64-gnu': [ '1.0.2' ],
25 silly audit   '@rolldown/binding-linux-arm64-musl': [ '1.0.2' ],
25 silly audit   '@rolldown/binding-linux-ppc64-gnu': [ '1.0.2' ],
25 silly audit   '@rolldown/binding-linux-s390x-gnu': [ '1.0.2' ],
25 silly audit   '@rolldown/binding-linux-x64-gnu': [ '1.0.2' ],
25 silly audit   '@rolldown/binding-linux-x64-musl': [ '1.0.2' ],
25 silly audit   '@rolldown/binding-openharmony-arm64': [ '1.0.2' ],
25 silly audit   '@rolldown/binding-wasm32-wasi': [ '1.0.2' ],
25 silly audit   '@rolldown/binding-win32-arm64-msvc': [ '1.0.2' ],
25 silly audit   '@rolldown/binding-win32-x64-msvc': [ '1.0.2' ],
25 silly audit   '@rolldown/pluginutils': [ '1.0.1' ],
25 silly audit   '@tailwindcss/node': [ '4.3.0' ],
25 silly audit   tailwindcss: [ '4.3.0', '3.4.4' ],
25 silly audit   '@tailwindcss/oxide': [ '4.3.0' ],
25 silly audit   '@tailwindcss/oxide-android-arm64': [ '4.3.0' ],
25 silly audit   '@tailwindcss/oxide-darwin-arm64': [ '4.3.0' ],
25 silly audit   '@tailwindcss/oxide-darwin-x64': [ '4.3.0' ],
25 silly audit   '@tailwindcss/oxide-freebsd-x64': [ '4.3.0' ],
25 silly audit   '@tailwindcss/oxide-linux-arm-gnueabihf': [ '4.3.0' ],
25 silly audit   '@tailwindcss/oxide-linux-arm64-gnu': [ '4.3.0' ],
25 silly audit   '@tailwindcss/oxide-linux-arm64-musl': [ '4.3.0' ],
25 silly audit   '@tailwindcss/oxide-linux-x64-gnu': [ '4.3.0' ],
25 silly audit   '@tailwindcss/oxide-linux-x64-musl': [ '4.3.0' ],
25 silly audit   '@tailwindcss/oxide-wasm32-wasi': [ '4.3.0' ],
25 silly audit   '@tailwindcss/oxide-win32-arm64-msvc': [ '4.3.0' ],
25 silly audit   '@tailwindcss/oxide-win32-x64-msvc': [ '4.3.0' ],
25 silly audit   '@tailwindcss/postcss': [ '4.3.0' ],
25 silly audit   '@tybys/wasm-util': [ '0.10.2' ],
25 silly audit   '@vitejs/plugin-react': [ '6.0.2' ],
25 silly audit   'ansi-regex': [ '6.2.2' ],
25 silly audit   'any-promise': [ '1.3.0' ],
25 silly audit   anymatch: [ '3.1.3' ],
25 silly audit   picomatch: [ '2.3.2', '4.0.4' ],
25 silly audit   arg: [ '5.0.2' ],
25 silly audit   'baseline-browser-mapping': [ '2.10.32' ],
25 silly audit   'binary-extensions': [ '2.3.0' ],
25 silly audit   braces: [ '3.0.3' ],
25 silly audit   browserslist: [ '4.28.2' ],
25 silly audit   'camelcase-css': [ '2.0.1' ],
25 silly audit   'caniuse-lite': [ '1.0.30001793' ],
25 silly audit   chalk: [ '5.6.2' ],
25 silly audit   chokidar: [ '3.6.0' ],
25 silly audit   'glob-parent': [ '5.1.2', '6.0.2' ],
25 silly audit   'cli-cursor': [ '5.0.0' ],
25 silly audit   'cli-spinners': [ '2.9.2' ],
25 silly audit   commander: [ '12.1.0', '4.1.1' ],
25 silly audit   cookie: [ '1.1.1' ],
25 silly audit   cssesc: [ '3.0.0' ],
25 silly audit   'detect-libc': [ '2.1.2' ],
25 silly audit   didyoumean: [ '1.2.2' ],
25 silly audit   dlv: [ '1.1.3' ],
25 silly audit   'electron-to-chromium': [ '1.5.364' ],
25 silly audit   'emoji-regex': [ '10.6.0' ],
25 silly audit   'enhanced-resolve': [ '5.22.1' ],
25 silly audit   'es-errors': [ '1.3.0' ],
25 silly audit   escalade: [ '3.2.0' ],
25 silly audit   'fast-glob': [ '3.3.3' ],
25 silly audit   fastq: [ '1.20.1' ],
25 silly audit   fdir: [ '6.5.0' ],
25 silly audit   'fill-range': [ '7.1.1' ],
25 silly audit   'fraction.js': [ '5.3.4' ],
25 silly audit   'framer-motion': [ '12.40.0' ],
25 silly audit   fsevents: [ '2.3.3' ],
25 silly audit   'function-bind': [ '1.1.2' ],
25 silly audit   'get-east-asian-width': [ '1.6.0' ],
25 silly audit   'graceful-fs': [ '4.2.11' ],
25 silly audit   hasown: [ '2.0.4' ],
25 silly audit   'is-binary-path': [ '2.1.0' ],
25 silly audit   'is-core-module': [ '2.16.2' ],
25 silly audit   'is-extglob': [ '2.1.1' ],
25 silly audit   'is-glob': [ '4.0.3' ],
25 silly audit   'is-interactive': [ '2.0.0' ],
25 silly audit   'is-number': [ '7.0.0' ],
25 silly audit   'is-unicode-supported': [ '2.1.0', '1.3.0' ],
25 silly audit   jiti: [ '2.7.0', '1.21.7' ],
25 silly audit   kleur: [ '3.0.3' ],
25 silly audit   lightningcss: [ '1.32.0' ],
25 silly audit   'lightningcss-android-arm64': [ '1.32.0' ],
25 silly audit   'lightningcss-darwin-arm64': [ '1.32.0' ],
25 silly audit   'lightningcss-darwin-x64': [ '1.32.0' ],
25 silly audit   'lightningcss-freebsd-x64': [ '1.32.0' ],
25 silly audit   'lightningcss-linux-arm-gnueabihf': [ '1.32.0' ],
25 silly audit   'lightningcss-linux-arm64-gnu': [ '1.32.0' ],
25 silly audit   'lightningcss-linux-arm64-musl': [ '1.32.0' ],
25 silly audit   'lightningcss-linux-x64-gnu': [ '1.32.0' ],
25 silly audit   'lightningcss-linux-x64-musl': [ '1.32.0' ],
25 silly audit   'lightningcss-win32-arm64-msvc': [ '1.32.0' ],
25 silly audit   'lightningcss-win32-x64-msvc': [ '1.32.0' ],
25 silly audit   lilconfig: [ '2.1.0', '3.1.3' ],
25 silly audit   'lines-and-columns': [ '1.2.4' ],
25 silly audit   'log-symbols': [ '6.0.0' ],
25 silly audit   'lucide-react': [ '1.17.0' ],
25 silly audit   'magic-string': [ '0.30.21' ],
25 silly audit   merge2: [ '1.4.1' ],
25 silly audit   micromatch: [ '4.0.8' ],
25 silly audit   'mimic-function': [ '5.0.1' ],
25 silly audit   'motion-dom': [ '12.40.0' ],
25 silly audit   'motion-utils': [ '12.39.0' ],
25 silly audit   mz: [ '2.7.0' ],
25 silly audit   nanoid: [ '3.3.12' ],
25 silly audit   'node-releases': [ '2.0.46' ],
25 silly audit   'normalize-path': [ '3.0.0' ],
25 silly audit   'object-assign': [ '4.1.1' ],
25 silly audit   'object-hash': [ '3.0.0' ],
25 silly audit   onetime: [ '7.0.0' ],
25 silly audit   ora: [ '8.2.0' ],
25 silly audit   'path-parse': [ '1.0.7' ],
25 silly audit   picocolors: [ '1.1.1' ],
25 silly audit   pify: [ '2.3.0' ],
25 silly audit   pirates: [ '4.0.7' ],
25 silly audit   'postcss-import': [ '15.1.0' ],
25 silly audit   'postcss-js': [ '4.1.0' ],
25 silly audit   'postcss-load-config': [ '4.0.2' ],
25 silly audit   'postcss-nested': [ '6.2.0' ],
25 silly audit   'postcss-selector-parser': [ '6.1.2' ],
25 silly audit   'postcss-value-parser': [ '4.2.0' ],
25 silly audit   prompts: [ '2.4.2' ],
25 silly audit   'queue-microtask': [ '1.2.3' ],
25 silly audit   react: [ '19.2.6' ],
25 silly audit   'react-dom': [ '19.2.6' ],
25 silly audit   'react-router': [ '7.16.0' ],
25 silly audit   'react-router-dom': [ '7.16.0' ],
25 silly audit   'read-cache': [ '1.0.0' ],
25 silly audit   readdirp: [ '3.6.0' ],
25 silly audit   resolve: [ '1.22.12' ],
25 silly audit   'restore-cursor': [ '5.1.0' ],
25 silly audit   reusify: [ '1.1.0' ],
25 silly audit   rolldown: [ '1.0.2' ],
25 silly audit   'run-parallel': [ '1.2.0' ],
25 silly audit   scheduler: [ '0.27.0' ],
25 silly audit   'set-cookie-parser': [ '2.7.2' ],
25 silly audit   'signal-exit': [ '4.1.0' ],
25 silly audit   sisteransi: [ '1.0.5' ],
25 silly audit   'source-map-js': [ '1.2.1' ],
25 silly audit   'stdin-discarder': [ '0.2.2' ],
25 silly audit   'string-width': [ '7.2.0' ],
25 silly audit   'strip-ansi': [ '7.2.0' ],
25 silly audit   sucrase: [ '3.35.1' ],
25 silly audit   'supports-preserve-symlinks-flag': [ '1.0.0' ],
25 silly audit   tapable: [ '2.3.3' ],
25 silly audit   thenify: [ '3.3.1' ],
25 silly audit   'thenify-all': [ '1.6.0' ],
25 silly audit   tinyglobby: [ '0.2.16' ],
25 silly audit   'to-regex-range': [ '5.0.1' ],
25 silly audit   'ts-interface-checker': [ '0.1.13' ],
25 silly audit   tslib: [ '2.8.1' ],
25 silly audit   'uipro-cli': [ '2.2.3' ],
25 silly audit   'update-browserslist-db': [ '1.2.3' ],
25 silly audit   'util-deprecate': [ '1.0.2' ],
25 silly audit   vite: [ '8.0.14' ],
25 silly audit   yaml: [ '2.9.0' ],
25 silly audit   autoprefixer: [ '10.5.0' ],
25 silly audit   postcss: [ '8.5.15' ]
25 silly audit }
26 http fetch POST 200 https://registry.npmjs.org/-/npm/v1/security/advisories/bulk 169ms
27 silly audit report {}
28 verbose cwd /Users/ayoubelamrani/Desktop/AssuTempo
29 verbose os Darwin 24.6.0
30 verbose node v24.16.0
31 verbose npm  v11.13.0
32 verbose exit 0
33 info ok
