0 verbose cli /usr/local/bin/node /usr/local/bin/npm
1 info using npm@11.13.0
2 info using node@v24.16.0
3 silly config load:file:/usr/local/lib/node_modules/npm/npmrc
4 silly config load:file:/Users/ayoubelamrani/Desktop/AssuTempo/.npmrc
5 silly config load:file:/Users/ayoubelamrani/.npmrc
6 silly config load:file:/usr/local/etc/npmrc
7 verbose title npm install tailwindcss@3.4.4
8 verbose argv "install" "--save-dev" "tailwindcss@3.4.4"
9 verbose logfile logs-max:10 dir:/Users/ayoubelamrani/Desktop/AssuTempo/.npm-cache/_logs/2026-05-30T01_08_26_868Z-
10 verbose logfile /Users/ayoubelamrani/Desktop/AssuTempo/.npm-cache/_logs/2026-05-30T01_08_26_868Z-debug-0.log
11 silly logfile done cleaning log files
12 silly packumentCache heap:2348810240 maxSize:587202560 maxEntrySize:293601280
13 silly idealTree buildDeps
14 silly fetch manifest tailwindcss@3.4.4
15 silly packumentCache full:https://registry.npmjs.org/tailwindcss cache-miss
16 http fetch GET 200 https://registry.npmjs.org/tailwindcss 369ms (cache revalidated)
17 silly packumentCache full:https://registry.npmjs.org/tailwindcss set size:10583444 disposed:false
18 silly placeDep ROOT tailwindcss@3.4.4 REPLACE for: assutempo@1.0.0 want: 3.4.4
19 silly fetch manifest arg@^5.0.2
20 silly packumentCache full:https://registry.npmjs.org/arg cache-miss
21 silly fetch manifest dlv@^1.1.3
22 silly packumentCache full:https://registry.npmjs.org/dlv cache-miss
23 silly fetch manifest jiti@^1.21.0
24 silly packumentCache full:https://registry.npmjs.org/jiti cache-miss
25 silly fetch manifest is-glob@^4.0.3
26 silly packumentCache full:https://registry.npmjs.org/is-glob cache-miss
27 silly fetch manifest resolve@^1.22.2
28 silly packumentCache full:https://registry.npmjs.org/resolve cache-miss
29 silly fetch manifest sucrase@^3.32.0
30 silly packumentCache full:https://registry.npmjs.org/sucrase cache-miss
31 silly fetch manifest chokidar@^3.5.3
32 silly packumentCache full:https://registry.npmjs.org/chokidar cache-miss
33 http fetch GET 200 https://registry.npmjs.org/dlv 91ms (cache miss)
34 silly packumentCache full:https://registry.npmjs.org/dlv set size:undefined disposed:false
35 silly fetch manifest fast-glob@^3.3.0
36 silly packumentCache full:https://registry.npmjs.org/fast-glob cache-miss
37 http fetch GET 200 https://registry.npmjs.org/jiti 158ms (cache revalidated)
38 silly packumentCache full:https://registry.npmjs.org/jiti set size:387989 disposed:false
39 silly fetch manifest lilconfig@^2.1.0
40 silly packumentCache full:https://registry.npmjs.org/lilconfig cache-miss
41 http fetch GET 200 https://registry.npmjs.org/is-glob 166ms (cache miss)
42 silly packumentCache full:https://registry.npmjs.org/is-glob set size:undefined disposed:false
43 silly fetch manifest didyoumean@^1.2.2
44 silly packumentCache full:https://registry.npmjs.org/didyoumean cache-miss
45 http fetch GET 200 https://registry.npmjs.org/arg 170ms (cache miss)
46 silly packumentCache full:https://registry.npmjs.org/arg set size:undefined disposed:false
47 silly fetch manifest micromatch@^4.0.5
48 silly packumentCache full:https://registry.npmjs.org/micromatch cache-miss
49 http fetch GET 200 https://registry.npmjs.org/fast-glob 83ms (cache miss)
50 silly packumentCache full:https://registry.npmjs.org/fast-glob set size:undefined disposed:false
51 silly fetch manifest postcss-js@^4.0.1
52 silly packumentCache full:https://registry.npmjs.org/postcss-js cache-miss
53 http fetch GET 200 https://registry.npmjs.org/resolve 175ms (cache miss)
54 silly packumentCache full:https://registry.npmjs.org/resolve set size:undefined disposed:false
55 silly fetch manifest glob-parent@^6.0.2
56 silly packumentCache full:https://registry.npmjs.org/glob-parent cache-miss
57 http fetch GET 200 https://registry.npmjs.org/chokidar 180ms (cache miss)
58 silly packumentCache full:https://registry.npmjs.org/chokidar set size:undefined disposed:false
59 silly fetch manifest object-hash@^3.0.0
60 silly packumentCache full:https://registry.npmjs.org/object-hash cache-miss
61 http fetch GET 200 https://registry.npmjs.org/lilconfig 25ms (cache miss)
62 silly packumentCache full:https://registry.npmjs.org/lilconfig set size:undefined disposed:false
63 silly fetch manifest normalize-path@^3.0.0
64 silly packumentCache full:https://registry.npmjs.org/normalize-path cache-miss
65 http fetch GET 200 https://registry.npmjs.org/sucrase 186ms (cache miss)
66 silly packumentCache full:https://registry.npmjs.org/sucrase set size:undefined disposed:false
67 silly fetch manifest postcss-import@^15.1.0
68 silly packumentCache full:https://registry.npmjs.org/postcss-import cache-miss
69 http fetch GET 200 https://registry.npmjs.org/didyoumean 24ms (cache miss)
70 silly packumentCache full:https://registry.npmjs.org/didyoumean set size:undefined disposed:false
71 silly fetch manifest postcss-nested@^6.0.1
72 silly packumentCache full:https://registry.npmjs.org/postcss-nested cache-miss
73 http fetch GET 200 https://registry.npmjs.org/postcss-js 23ms (cache miss)
74 silly packumentCache full:https://registry.npmjs.org/postcss-js set size:undefined disposed:false
75 silly fetch manifest postcss-load-config@^4.0.1
76 silly packumentCache full:https://registry.npmjs.org/postcss-load-config cache-miss
77 http fetch GET 200 https://registry.npmjs.org/glob-parent 24ms (cache miss)
78 silly packumentCache full:https://registry.npmjs.org/glob-parent set size:undefined disposed:false
79 silly fetch manifest postcss-selector-parser@^6.0.11
80 silly packumentCache full:https://registry.npmjs.org/postcss-selector-parser cache-miss
81 http fetch GET 200 https://registry.npmjs.org/micromatch 35ms (cache miss)
82 silly packumentCache full:https://registry.npmjs.org/micromatch set size:undefined disposed:false
83 http fetch GET 200 https://registry.npmjs.org/object-hash 33ms (cache miss)
84 silly packumentCache full:https://registry.npmjs.org/object-hash set size:undefined disposed:false
85 http fetch GET 200 https://registry.npmjs.org/normalize-path 31ms (cache miss)
86 silly packumentCache full:https://registry.npmjs.org/normalize-path set size:undefined disposed:false
87 http fetch GET 200 https://registry.npmjs.org/postcss-nested 26ms (cache miss)
88 silly packumentCache full:https://registry.npmjs.org/postcss-nested set size:undefined disposed:false
89 http fetch GET 200 https://registry.npmjs.org/postcss-import 30ms (cache miss)
90 silly packumentCache full:https://registry.npmjs.org/postcss-import set size:undefined disposed:false
91 http fetch GET 200 https://registry.npmjs.org/postcss-load-config 25ms (cache miss)
92 silly packumentCache full:https://registry.npmjs.org/postcss-load-config set size:undefined disposed:false
93 http fetch GET 200 https://registry.npmjs.org/postcss-selector-parser 28ms (cache miss)
94 silly packumentCache full:https://registry.npmjs.org/postcss-selector-parser set size:undefined disposed:false
95 silly fetch manifest tailwindcss@4.3.0
96 silly packumentCache full:https://registry.npmjs.org/tailwindcss cache-miss
97 http cache https://registry.npmjs.org/tailwindcss 15ms (cache hit)
98 silly packumentCache full:https://registry.npmjs.org/tailwindcss set size:10583444 disposed:false
99 silly placeDep node_modules/@tailwindcss/node tailwindcss@4.3.0 OK for: @tailwindcss/node@4.3.0 want: 4.3.0
100 silly placeDep node_modules/@tailwindcss/postcss tailwindcss@4.3.0 OK for: @tailwindcss/postcss@4.3.0 want: 4.3.0
101 silly fetch manifest postcss@^8.4.23
102 silly packumentCache full:https://registry.npmjs.org/postcss cache-miss
103 http fetch GET 200 https://registry.npmjs.org/postcss 27ms (cache revalidated)
104 silly packumentCache full:https://registry.npmjs.org/postcss set size:723316 disposed:false
105 silly fetch manifest ts-node@>=9.0.0
106 silly packumentCache full:https://registry.npmjs.org/ts-node cache-miss
107 http fetch GET 200 https://registry.npmjs.org/ts-node 41ms (cache miss)
108 silly packumentCache full:https://registry.npmjs.org/ts-node set size:undefined disposed:false
109 silly fetch manifest @swc/core@>=1.2.50
110 silly packumentCache full:https://registry.npmjs.org/@swc%2fcore cache-miss
111 http fetch GET 200 https://registry.npmjs.org/@swc%2fcore 138ms (cache miss)
112 silly packumentCache full:https://registry.npmjs.org/@swc%2fcore set size:undefined disposed:false
113 silly fetch manifest @swc/helpers@>=0.5.17
114 silly packumentCache full:https://registry.npmjs.org/@swc%2fhelpers cache-miss
115 http fetch GET 200 https://registry.npmjs.org/@swc%2fhelpers 72ms (cache miss)
116 silly packumentCache full:https://registry.npmjs.org/@swc%2fhelpers set size:undefined disposed:false
117 silly fetch manifest @swc/wasm@>=1.2.50
118 silly packumentCache full:https://registry.npmjs.org/@swc%2fwasm cache-miss
119 http fetch GET 200 https://registry.npmjs.org/@swc%2fwasm 84ms (cache miss)
120 silly packumentCache full:https://registry.npmjs.org/@swc%2fwasm set size:undefined disposed:false
121 silly fetch manifest @types/node@*
122 silly packumentCache full:https://registry.npmjs.org/@types%2fnode cache-miss
123 http fetch GET 200 https://registry.npmjs.org/@types%2fnode 53ms (cache revalidated)
124 silly packumentCache full:https://registry.npmjs.org/@types%2fnode set size:11015753 disposed:false
125 silly fetch manifest typescript@>=2.7
126 silly packumentCache full:https://registry.npmjs.org/typescript cache-miss
127 http fetch GET 200 https://registry.npmjs.org/typescript 225ms (cache miss)
128 silly packumentCache full:https://registry.npmjs.org/typescript set size:undefined disposed:false
129 silly placeDep ROOT arg@5.0.2 OK for: tailwindcss@3.4.4 want: ^5.0.2
130 silly placeDep ROOT chokidar@3.6.0 OK for: tailwindcss@3.4.4 want: ^3.5.3
131 silly placeDep ROOT didyoumean@1.2.2 OK for: tailwindcss@3.4.4 want: ^1.2.2
132 silly placeDep ROOT dlv@1.1.3 OK for: tailwindcss@3.4.4 want: ^1.1.3
133 silly placeDep ROOT fast-glob@3.3.3 OK for: tailwindcss@3.4.4 want: ^3.3.0
134 silly placeDep ROOT glob-parent@6.0.2 OK for: tailwindcss@3.4.4 want: ^6.0.2
135 silly placeDep ROOT is-glob@4.0.3 OK for: tailwindcss@3.4.4 want: ^4.0.3
136 silly placeDep node_modules/tailwindcss jiti@1.21.7 OK for: tailwindcss@3.4.4 want: ^1.21.0
137 silly placeDep ROOT lilconfig@2.1.0 OK for: tailwindcss@3.4.4 want: ^2.1.0
138 silly placeDep ROOT micromatch@4.0.8 OK for: tailwindcss@3.4.4 want: ^4.0.5
139 silly placeDep ROOT normalize-path@3.0.0 OK for: tailwindcss@3.4.4 want: ^3.0.0
140 silly placeDep ROOT object-hash@3.0.0 OK for: tailwindcss@3.4.4 want: ^3.0.0
141 silly placeDep ROOT postcss-import@15.1.0 OK for: tailwindcss@3.4.4 want: ^15.1.0
142 silly placeDep ROOT postcss-js@4.1.0 OK for: tailwindcss@3.4.4 want: ^4.0.1
143 silly placeDep ROOT postcss-load-config@4.0.2 OK for: tailwindcss@3.4.4 want: ^4.0.1
144 silly placeDep ROOT postcss-nested@6.2.0 OK for: tailwindcss@3.4.4 want: ^6.0.1
145 silly placeDep ROOT postcss-selector-parser@6.1.2 OK for: tailwindcss@3.4.4 want: ^6.0.11
146 silly placeDep ROOT resolve@1.22.12 OK for: tailwindcss@3.4.4 want: ^1.22.2
147 silly placeDep ROOT sucrase@3.35.1 OK for: tailwindcss@3.4.4 want: ^3.32.0
148 silly fetch manifest braces@~3.0.2
149 silly packumentCache full:https://registry.npmjs.org/braces cache-miss
150 silly fetch manifest is-glob@~4.0.1
151 silly packumentCache full:https://registry.npmjs.org/is-glob cache-miss
152 silly fetch manifest anymatch@~3.1.2
153 silly packumentCache full:https://registry.npmjs.org/anymatch cache-miss
154 silly fetch manifest readdirp@~3.6.0
155 silly packumentCache full:https://registry.npmjs.org/readdirp cache-miss
156 silly fetch manifest glob-parent@~5.1.2
157 silly packumentCache full:https://registry.npmjs.org/glob-parent cache-miss
158 silly fetch manifest is-binary-path@~2.1.0
159 silly packumentCache full:https://registry.npmjs.org/is-binary-path cache-miss
160 silly fetch manifest normalize-path@~3.0.0
161 silly packumentCache full:https://registry.npmjs.org/normalize-path cache-miss
162 http cache https://registry.npmjs.org/normalize-path 3ms (cache hit)
163 silly packumentCache full:https://registry.npmjs.org/normalize-path set size:28713 disposed:false
164 silly fetch manifest @nodelib/fs.stat@^2.0.2
165 silly packumentCache full:https://registry.npmjs.org/@nodelib%2ffs.stat cache-miss
166 http cache https://registry.npmjs.org/is-glob 5ms (cache hit)
167 silly packumentCache full:https://registry.npmjs.org/is-glob set size:40530 disposed:false
168 silly fetch manifest @nodelib/fs.walk@^1.2.3
169 silly packumentCache full:https://registry.npmjs.org/@nodelib%2ffs.walk cache-miss
170 http cache https://registry.npmjs.org/glob-parent 6ms (cache hit)
171 silly packumentCache full:https://registry.npmjs.org/glob-parent set size:42445 disposed:false
172 silly fetch manifest glob-parent@^5.1.2
173 silly packumentCache full:https://registry.npmjs.org/glob-parent cache-hit
174 silly fetch manifest merge2@^1.3.0
175 silly packumentCache full:https://registry.npmjs.org/merge2 cache-miss
176 http fetch GET 200 https://registry.npmjs.org/braces 26ms (cache miss)
177 silly packumentCache full:https://registry.npmjs.org/braces set size:undefined disposed:false
178 silly fetch manifest micromatch@^4.0.8
179 silly packumentCache full:https://registry.npmjs.org/micromatch cache-miss
180 http cache https://registry.npmjs.org/micromatch 14ms (cache hit)
181 silly packumentCache full:https://registry.npmjs.org/micromatch set size:240630 disposed:false
182 silly fetch manifest is-extglob@^2.1.1
183 silly packumentCache full:https://registry.npmjs.org/is-extglob cache-miss
184 http fetch GET 200 https://registry.npmjs.org/is-binary-path 44ms (cache miss)
185 silly packumentCache full:https://registry.npmjs.org/is-binary-path set size:undefined disposed:false
186 silly fetch manifest braces@^3.0.3
187 silly packumentCache full:https://registry.npmjs.org/braces cache-miss
188 http fetch GET 200 https://registry.npmjs.org/merge2 39ms (cache miss)
189 silly packumentCache full:https://registry.npmjs.org/merge2 set size:undefined disposed:false
190 silly fetch manifest picomatch@^2.3.1
191 silly packumentCache full:https://registry.npmjs.org/picomatch cache-miss
192 http fetch GET 200 https://registry.npmjs.org/anymatch 46ms (cache miss)
193 silly packumentCache full:https://registry.npmjs.org/anymatch set size:undefined disposed:false
194 silly fetch manifest resolve@^1.1.7
195 silly packumentCache full:https://registry.npmjs.org/resolve cache-miss
196 http fetch GET 200 https://registry.npmjs.org/readdirp 47ms (cache miss)
197 silly packumentCache full:https://registry.npmjs.org/readdirp set size:undefined disposed:false
198 silly fetch manifest read-cache@^1.0.0
199 silly packumentCache full:https://registry.npmjs.org/read-cache cache-miss
200 http fetch GET 200 https://registry.npmjs.org/@nodelib%2ffs.stat 44ms (cache miss)
201 silly packumentCache full:https://registry.npmjs.org/@nodelib%2ffs.stat set size:undefined disposed:false
202 silly fetch manifest camelcase-css@^2.0.1
203 silly packumentCache full:https://registry.npmjs.org/camelcase-css cache-miss
204 http fetch GET 200 https://registry.npmjs.org/@nodelib%2ffs.walk 44ms (cache miss)
205 silly packumentCache full:https://registry.npmjs.org/@nodelib%2ffs.walk set size:undefined disposed:false
206 silly fetch manifest yaml@^2.3.4
207 silly packumentCache full:https://registry.npmjs.org/yaml cache-miss
208 http cache https://registry.npmjs.org/braces 5ms (cache hit)
209 silly packumentCache full:https://registry.npmjs.org/braces set size:114529 disposed:false
210 silly fetch manifest lilconfig@^3.0.0
211 silly packumentCache full:https://registry.npmjs.org/lilconfig cache-miss
212 http cache https://registry.npmjs.org/resolve 6ms (cache hit)
213 silly packumentCache full:https://registry.npmjs.org/resolve set size:244568 disposed:false
214 silly fetch manifest postcss-selector-parser@^6.1.1
215 silly packumentCache full:https://registry.npmjs.org/postcss-selector-parser cache-miss
216 http cache https://registry.npmjs.org/lilconfig 3ms (cache hit)
217 silly packumentCache full:https://registry.npmjs.org/lilconfig set size:45636 disposed:false
218 silly fetch manifest cssesc@^3.0.0
219 silly packumentCache full:https://registry.npmjs.org/cssesc cache-miss
220 http cache https://registry.npmjs.org/postcss-selector-parser 2ms (cache hit)
221 silly packumentCache full:https://registry.npmjs.org/postcss-selector-parser set size:177140 disposed:false
222 silly fetch manifest util-deprecate@^1.0.2
223 silly packumentCache full:https://registry.npmjs.org/util-deprecate cache-miss
224 http fetch GET 200 https://registry.npmjs.org/is-extglob 24ms (cache miss)
225 silly packumentCache full:https://registry.npmjs.org/is-extglob set size:undefined disposed:false
226 silly fetch manifest es-errors@^1.3.0
227 silly packumentCache full:https://registry.npmjs.org/es-errors cache-miss
228 http fetch GET 200 https://registry.npmjs.org/read-cache 20ms (cache miss)
229 silly packumentCache full:https://registry.npmjs.org/read-cache set size:undefined disposed:false
230 silly fetch manifest path-parse@^1.0.7
231 silly packumentCache full:https://registry.npmjs.org/path-parse cache-miss
232 http fetch GET 200 https://registry.npmjs.org/picomatch 28ms (cache revalidated)
233 silly packumentCache full:https://registry.npmjs.org/picomatch set size:126376 disposed:false
234 silly fetch manifest is-core-module@^2.16.1
235 silly packumentCache full:https://registry.npmjs.org/is-core-module cache-miss
236 http fetch GET 200 https://registry.npmjs.org/camelcase-css 27ms (cache miss)
237 silly packumentCache full:https://registry.npmjs.org/camelcase-css set size:undefined disposed:false
238 silly fetch manifest supports-preserve-symlinks-flag@^1.0.0
239 silly packumentCache full:https://registry.npmjs.org/supports-preserve-symlinks-flag cache-miss
240 http fetch GET 200 https://registry.npmjs.org/cssesc 22ms (cache miss)
241 silly packumentCache full:https://registry.npmjs.org/cssesc set size:undefined disposed:false
242 silly fetch manifest commander@^4.0.0
243 silly packumentCache full:https://registry.npmjs.org/commander cache-miss
244 http fetch GET 200 https://registry.npmjs.org/yaml 28ms (cache revalidated)
245 silly packumentCache full:https://registry.npmjs.org/yaml set size:385754 disposed:false
246 silly fetch manifest lines-and-columns@^1.1.6
247 silly packumentCache full:https://registry.npmjs.org/lines-and-columns cache-miss
248 http fetch GET 200 https://registry.npmjs.org/util-deprecate 24ms (cache miss)
249 silly packumentCache full:https://registry.npmjs.org/util-deprecate set size:undefined disposed:false
250 silly fetch manifest mz@^2.7.0
251 silly packumentCache full:https://registry.npmjs.org/mz cache-miss
252 http fetch GET 200 https://registry.npmjs.org/es-errors 22ms (cache revalidated)
253 silly packumentCache full:https://registry.npmjs.org/es-errors set size:16918 disposed:false
254 silly fetch manifest pirates@^4.0.1
255 silly packumentCache full:https://registry.npmjs.org/pirates cache-miss
256 http fetch GET 200 https://registry.npmjs.org/path-parse 21ms (cache miss)
257 silly packumentCache full:https://registry.npmjs.org/path-parse set size:undefined disposed:false
258 silly fetch manifest ts-interface-checker@^0.1.9
259 silly packumentCache full:https://registry.npmjs.org/ts-interface-checker cache-miss
260 http fetch GET 200 https://registry.npmjs.org/supports-preserve-symlinks-flag 25ms (cache miss)
261 silly packumentCache full:https://registry.npmjs.org/supports-preserve-symlinks-flag set size:undefined disposed:false
262 http fetch GET 200 https://registry.npmjs.org/is-core-module 26ms (cache miss)
263 silly packumentCache full:https://registry.npmjs.org/is-core-module set size:undefined disposed:false
264 http fetch GET 200 https://registry.npmjs.org/ts-interface-checker 21ms (cache miss)
265 silly packumentCache full:https://registry.npmjs.org/ts-interface-checker set size:undefined disposed:false
266 http fetch GET 200 https://registry.npmjs.org/pirates 23ms (cache miss)
267 silly packumentCache full:https://registry.npmjs.org/pirates set size:undefined disposed:false
268 http fetch GET 200 https://registry.npmjs.org/commander 36ms (cache miss)
269 silly packumentCache full:https://registry.npmjs.org/commander set size:undefined disposed:false
270 http fetch GET 200 https://registry.npmjs.org/lines-and-columns 169ms (cache miss)
271 silly packumentCache full:https://registry.npmjs.org/lines-and-columns set size:undefined disposed:false
272 http fetch GET 200 https://registry.npmjs.org/mz 172ms (cache miss)
273 silly packumentCache full:https://registry.npmjs.org/mz set size:undefined disposed:false
274 silly placeDep ROOT anymatch@3.1.3 OK for: chokidar@3.6.0 want: ~3.1.2
275 silly placeDep ROOT braces@3.0.3 OK for: chokidar@3.6.0 want: ~3.0.2
276 silly placeDep node_modules/chokidar glob-parent@5.1.2 OK for: chokidar@3.6.0 want: ~5.1.2
277 silly placeDep ROOT is-binary-path@2.1.0 OK for: chokidar@3.6.0 want: ~2.1.0
278 silly placeDep ROOT readdirp@3.6.0 OK for: chokidar@3.6.0 want: ~3.6.0
279 silly fetch manifest picomatch@^2.0.4
280 silly packumentCache full:https://registry.npmjs.org/picomatch cache-hit
281 silly fetch manifest fill-range@^7.1.1
282 silly packumentCache full:https://registry.npmjs.org/fill-range cache-miss
283 silly fetch manifest binary-extensions@^2.0.0
284 silly packumentCache full:https://registry.npmjs.org/binary-extensions cache-miss
285 silly fetch manifest picomatch@^2.2.1
286 silly packumentCache full:https://registry.npmjs.org/picomatch cache-hit
287 http fetch GET 200 https://registry.npmjs.org/binary-extensions 23ms (cache miss)
288 silly packumentCache full:https://registry.npmjs.org/binary-extensions set size:undefined disposed:false
289 http fetch GET 200 https://registry.npmjs.org/fill-range 29ms (cache miss)
290 silly packumentCache full:https://registry.npmjs.org/fill-range set size:undefined disposed:false
291 silly placeDep node_modules/anymatch picomatch@2.3.2 OK for: anymatch@3.1.3 want: ^2.0.4
292 silly placeDep ROOT fill-range@7.1.1 OK for: braces@3.0.3 want: ^7.1.1
293 silly fetch manifest to-regex-range@^5.0.1
294 silly packumentCache full:https://registry.npmjs.org/to-regex-range cache-miss
295 http fetch GET 200 https://registry.npmjs.org/to-regex-range 23ms (cache miss)
296 silly packumentCache full:https://registry.npmjs.org/to-regex-range set size:undefined disposed:false
297 silly placeDep ROOT @nodelib/fs.stat@2.0.5 OK for: fast-glob@3.3.3 want: ^2.0.2
298 silly placeDep ROOT @nodelib/fs.walk@1.2.8 OK for: fast-glob@3.3.3 want: ^1.2.3
299 silly placeDep node_modules/fast-glob glob-parent@5.1.2 OK for: fast-glob@3.3.3 want: ^5.1.2
300 silly placeDep ROOT merge2@1.4.1 OK for: fast-glob@3.3.3 want: ^1.3.0
301 silly fetch manifest fastq@^1.6.0
302 silly packumentCache full:https://registry.npmjs.org/fastq cache-miss
303 silly fetch manifest @nodelib/fs.scandir@2.1.5
304 silly packumentCache full:https://registry.npmjs.org/@nodelib%2ffs.scandir cache-miss
305 http fetch GET 200 https://registry.npmjs.org/fastq 23ms (cache miss)
306 silly packumentCache full:https://registry.npmjs.org/fastq set size:undefined disposed:false
307 http fetch GET 200 https://registry.npmjs.org/@nodelib%2ffs.scandir 33ms (cache miss)
308 silly packumentCache full:https://registry.npmjs.org/@nodelib%2ffs.scandir set size:undefined disposed:false
309 silly placeDep ROOT @nodelib/fs.scandir@2.1.5 OK for: @nodelib/fs.walk@1.2.8 want: 2.1.5
310 silly placeDep ROOT fastq@1.20.1 OK for: @nodelib/fs.walk@1.2.8 want: ^1.6.0
311 silly fetch manifest run-parallel@^1.1.9
312 silly packumentCache full:https://registry.npmjs.org/run-parallel cache-miss
313 silly fetch manifest reusify@^1.0.4
314 silly packumentCache full:https://registry.npmjs.org/reusify cache-miss
315 http fetch GET 200 https://registry.npmjs.org/run-parallel 25ms (cache miss)
316 silly packumentCache full:https://registry.npmjs.org/run-parallel set size:undefined disposed:false
317 http fetch GET 200 https://registry.npmjs.org/reusify 26ms (cache miss)
318 silly packumentCache full:https://registry.npmjs.org/reusify set size:undefined disposed:false
319 silly placeDep ROOT run-parallel@1.2.0 OK for: @nodelib/fs.scandir@2.1.5 want: ^1.1.9
320 silly fetch manifest queue-microtask@^1.2.2
321 silly packumentCache full:https://registry.npmjs.org/queue-microtask cache-miss
322 http fetch GET 200 https://registry.npmjs.org/queue-microtask 22ms (cache miss)
323 silly packumentCache full:https://registry.npmjs.org/queue-microtask set size:undefined disposed:false
324 silly placeDep ROOT reusify@1.1.0 OK for: fastq@1.20.1 want: ^1.0.4
325 silly placeDep ROOT to-regex-range@5.0.1 OK for: fill-range@7.1.1 want: ^5.0.1
326 silly fetch manifest is-number@^7.0.0
327 silly packumentCache full:https://registry.npmjs.org/is-number cache-miss
328 http fetch GET 200 https://registry.npmjs.org/is-number 28ms (cache miss)
329 silly packumentCache full:https://registry.npmjs.org/is-number set size:undefined disposed:false
330 silly placeDep ROOT binary-extensions@2.3.0 OK for: is-binary-path@2.1.0 want: ^2.0.0
331 silly placeDep ROOT is-extglob@2.1.1 OK for: is-glob@4.0.3 want: ^2.1.1
332 silly placeDep node_modules/micromatch picomatch@2.3.2 OK for: micromatch@4.0.8 want: ^2.3.1
333 silly placeDep ROOT read-cache@1.0.0 OK for: postcss-import@15.1.0 want: ^1.0.0
334 silly fetch manifest pify@^2.3.0
335 silly packumentCache full:https://registry.npmjs.org/pify cache-miss
336 http fetch GET 200 https://registry.npmjs.org/pify 25ms (cache miss)
337 silly packumentCache full:https://registry.npmjs.org/pify set size:undefined disposed:false
338 silly placeDep ROOT camelcase-css@2.0.1 OK for: postcss-js@4.1.0 want: ^2.0.1
339 silly placeDep node_modules/postcss-load-config lilconfig@3.1.3 OK for: postcss-load-config@4.0.2 want: ^3.0.0
340 silly placeDep ROOT yaml@2.9.0 OK for: postcss-load-config@4.0.2 want: ^2.3.4
341 silly placeDep ROOT cssesc@3.0.0 OK for: postcss-selector-parser@6.1.2 want: ^3.0.0
342 silly placeDep ROOT util-deprecate@1.0.2 OK for: postcss-selector-parser@6.1.2 want: ^1.0.2
343 silly placeDep ROOT pify@2.3.0 OK for: read-cache@1.0.0 want: ^2.3.0
344 silly placeDep node_modules/readdirp picomatch@2.3.2 OK for: readdirp@3.6.0 want: ^2.2.1
345 silly placeDep ROOT es-errors@1.3.0 OK for: resolve@1.22.12 want: ^1.3.0
346 silly placeDep ROOT is-core-module@2.16.2 OK for: resolve@1.22.12 want: ^2.16.1
347 silly placeDep ROOT path-parse@1.0.7 OK for: resolve@1.22.12 want: ^1.0.7
348 silly placeDep ROOT supports-preserve-symlinks-flag@1.0.0 OK for: resolve@1.22.12 want: ^1.0.0
349 silly fetch manifest hasown@^2.0.3
350 silly packumentCache full:https://registry.npmjs.org/hasown cache-miss
351 http fetch GET 200 https://registry.npmjs.org/hasown 22ms (cache revalidated)
352 silly packumentCache full:https://registry.npmjs.org/hasown set size:18361 disposed:false
353 silly placeDep ROOT hasown@2.0.4 OK for: is-core-module@2.16.2 want: ^2.0.3
354 silly fetch manifest function-bind@^1.1.2
355 silly packumentCache full:https://registry.npmjs.org/function-bind cache-miss
356 http fetch GET 200 https://registry.npmjs.org/function-bind 22ms (cache revalidated)
357 silly packumentCache full:https://registry.npmjs.org/function-bind set size:15733 disposed:false
358 silly placeDep ROOT function-bind@1.1.2 OK for: hasown@2.0.4 want: ^1.1.2
359 silly placeDep ROOT queue-microtask@1.2.3 OK for: run-parallel@1.2.0 want: ^1.2.2
360 silly placeDep node_modules/sucrase commander@4.1.1 OK for: sucrase@3.35.1 want: ^4.0.0
361 silly placeDep ROOT lines-and-columns@1.2.4 OK for: sucrase@3.35.1 want: ^1.1.6
362 silly placeDep ROOT mz@2.7.0 OK for: sucrase@3.35.1 want: ^2.7.0
363 silly placeDep ROOT pirates@4.0.7 OK for: sucrase@3.35.1 want: ^4.0.1
364 silly placeDep ROOT ts-interface-checker@0.1.13 OK for: sucrase@3.35.1 want: ^0.1.9
365 silly fetch manifest any-promise@^1.0.0
366 silly packumentCache full:https://registry.npmjs.org/any-promise cache-miss
367 silly fetch manifest object-assign@^4.0.1
368 silly packumentCache full:https://registry.npmjs.org/object-assign cache-miss
369 silly fetch manifest thenify-all@^1.0.0
370 silly packumentCache full:https://registry.npmjs.org/thenify-all cache-miss
371 http fetch GET 200 https://registry.npmjs.org/object-assign 21ms (cache revalidated)
372 silly packumentCache full:https://registry.npmjs.org/object-assign set size:28988 disposed:false
373 http fetch GET 200 https://registry.npmjs.org/any-promise 24ms (cache miss)
374 silly packumentCache full:https://registry.npmjs.org/any-promise set size:undefined disposed:false
375 http fetch GET 200 https://registry.npmjs.org/thenify-all 41ms (cache miss)
376 silly packumentCache full:https://registry.npmjs.org/thenify-all set size:undefined disposed:false
377 silly placeDep ROOT any-promise@1.3.0 OK for: mz@2.7.0 want: ^1.0.0
378 silly placeDep ROOT object-assign@4.1.1 OK for: mz@2.7.0 want: ^4.0.1
379 silly placeDep ROOT thenify-all@1.6.0 OK for: mz@2.7.0 want: ^1.0.0
380 silly fetch manifest thenify@>= 3.1.0 < 4
381 silly packumentCache full:https://registry.npmjs.org/thenify cache-miss
382 http fetch GET 200 https://registry.npmjs.org/thenify 24ms (cache miss)
383 silly packumentCache full:https://registry.npmjs.org/thenify set size:undefined disposed:false
384 silly placeDep ROOT thenify@3.3.1 OK for: thenify-all@1.6.0 want: >= 3.1.0 < 4
385 silly placeDep ROOT is-number@7.0.0 OK for: to-regex-range@5.0.1 want: ^7.0.0
386 silly reify mark retired [ '/Users/ayoubelamrani/Desktop/AssuTempo/node_modules/tailwindcss' ]
387 silly reify moves {
387 silly reify   '/Users/ayoubelamrani/Desktop/AssuTempo/node_modules/tailwindcss': '/Users/ayoubelamrani/Desktop/AssuTempo/node_modules/.tailwindcss-Kq0Hh7gA'
387 silly reify }
388 silly audit bulk request {
388 silly audit   '@alloc/quick-lru': [ '5.2.0' ],
388 silly audit   '@emnapi/core': [ '1.10.0' ],
388 silly audit   '@emnapi/runtime': [ '1.10.0' ],
388 silly audit   '@emnapi/wasi-threads': [ '1.2.1' ],
388 silly audit   '@jridgewell/gen-mapping': [ '0.3.13' ],
388 silly audit   '@jridgewell/remapping': [ '2.3.5' ],
388 silly audit   '@jridgewell/resolve-uri': [ '3.1.2' ],
388 silly audit   '@jridgewell/sourcemap-codec': [ '1.5.5' ],
388 silly audit   '@jridgewell/trace-mapping': [ '0.3.31' ],
388 silly audit   '@napi-rs/wasm-runtime': [ '1.1.4' ],
388 silly audit   '@oxc-project/types': [ '0.132.0' ],
388 silly audit   '@rolldown/binding-android-arm64': [ '1.0.2' ],
388 silly audit   '@rolldown/binding-darwin-arm64': [ '1.0.2' ],
388 silly audit   '@rolldown/binding-darwin-x64': [ '1.0.2' ],
388 silly audit   '@rolldown/binding-freebsd-x64': [ '1.0.2' ],
388 silly audit   '@rolldown/binding-linux-arm-gnueabihf': [ '1.0.2' ],
388 silly audit   '@rolldown/binding-linux-arm64-gnu': [ '1.0.2' ],
388 silly audit   '@rolldown/binding-linux-arm64-musl': [ '1.0.2' ],
388 silly audit   '@rolldown/binding-linux-ppc64-gnu': [ '1.0.2' ],
388 silly audit   '@rolldown/binding-linux-s390x-gnu': [ '1.0.2' ],
388 silly audit   '@rolldown/binding-linux-x64-gnu': [ '1.0.2' ],
388 silly audit   '@rolldown/binding-linux-x64-musl': [ '1.0.2' ],
388 silly audit   '@rolldown/binding-openharmony-arm64': [ '1.0.2' ],
388 silly audit   '@rolldown/binding-wasm32-wasi': [ '1.0.2' ],
388 silly audit   '@rolldown/binding-win32-arm64-msvc': [ '1.0.2' ],
388 silly audit   '@rolldown/binding-win32-x64-msvc': [ '1.0.2' ],
388 silly audit   '@rolldown/pluginutils': [ '1.0.1' ],
388 silly audit   '@tailwindcss/node': [ '4.3.0' ],
388 silly audit   '@tailwindcss/oxide': [ '4.3.0' ],
388 silly audit   '@tailwindcss/oxide-android-arm64': [ '4.3.0' ],
388 silly audit   '@tailwindcss/oxide-darwin-arm64': [ '4.3.0' ],
388 silly audit   '@tailwindcss/oxide-darwin-x64': [ '4.3.0' ],
388 silly audit   '@tailwindcss/oxide-freebsd-x64': [ '4.3.0' ],
388 silly audit   '@tailwindcss/oxide-linux-arm-gnueabihf': [ '4.3.0' ],
388 silly audit   '@tailwindcss/oxide-linux-arm64-gnu': [ '4.3.0' ],
388 silly audit   '@tailwindcss/oxide-linux-arm64-musl': [ '4.3.0' ],
388 silly audit   '@tailwindcss/oxide-linux-x64-gnu': [ '4.3.0' ],
388 silly audit   '@tailwindcss/oxide-linux-x64-musl': [ '4.3.0' ],
388 silly audit   '@tailwindcss/oxide-wasm32-wasi': [ '4.3.0' ],
388 silly audit   '@tailwindcss/oxide-win32-arm64-msvc': [ '4.3.0' ],
388 silly audit   '@tailwindcss/oxide-win32-x64-msvc': [ '4.3.0' ],
388 silly audit   '@tailwindcss/postcss': [ '4.3.0' ],
388 silly audit   '@tybys/wasm-util': [ '0.10.2' ],
388 silly audit   '@vitejs/plugin-react': [ '6.0.2' ],
388 silly audit   'ansi-regex': [ '6.2.2' ],
388 silly audit   autoprefixer: [ '10.5.0' ],
388 silly audit   'baseline-browser-mapping': [ '2.10.32' ],
388 silly audit   browserslist: [ '4.28.2' ],
388 silly audit   'caniuse-lite': [ '1.0.30001793' ],
388 silly audit   chalk: [ '5.6.2' ],
388 silly audit   'cli-cursor': [ '5.0.0' ],
388 silly audit   'cli-spinners': [ '2.9.2' ],
388 silly audit   commander: [ '12.1.0', '4.1.1' ],
388 silly audit   cookie: [ '1.1.1' ],
388 silly audit   'detect-libc': [ '2.1.2' ],
388 silly audit   'electron-to-chromium': [ '1.5.364' ],
388 silly audit   'emoji-regex': [ '10.6.0' ],
388 silly audit   'enhanced-resolve': [ '5.22.1' ],
388 silly audit   escalade: [ '3.2.0' ],
388 silly audit   fdir: [ '6.5.0' ],
388 silly audit   'fraction.js': [ '5.3.4' ],
388 silly audit   'framer-motion': [ '12.40.0' ],
388 silly audit   fsevents: [ '2.3.3' ],
388 silly audit   'get-east-asian-width': [ '1.6.0' ],
388 silly audit   'graceful-fs': [ '4.2.11' ],
388 silly audit   'is-interactive': [ '2.0.0' ],
388 silly audit   'is-unicode-supported': [ '2.1.0', '1.3.0' ],
388 silly audit   jiti: [ '2.7.0', '1.21.7' ],
388 silly audit   kleur: [ '3.0.3' ],
388 silly audit   lightningcss: [ '1.32.0' ],
388 silly audit   'lightningcss-android-arm64': [ '1.32.0' ],
388 silly audit   'lightningcss-darwin-arm64': [ '1.32.0' ],
388 silly audit   'lightningcss-darwin-x64': [ '1.32.0' ],
388 silly audit   'lightningcss-freebsd-x64': [ '1.32.0' ],
388 silly audit   'lightningcss-linux-arm-gnueabihf': [ '1.32.0' ],
388 silly audit   'lightningcss-linux-arm64-gnu': [ '1.32.0' ],
388 silly audit   'lightningcss-linux-arm64-musl': [ '1.32.0' ],
388 silly audit   'lightningcss-linux-x64-gnu': [ '1.32.0' ],
388 silly audit   'lightningcss-linux-x64-musl': [ '1.32.0' ],
388 silly audit   'lightningcss-win32-arm64-msvc': [ '1.32.0' ],
388 silly audit   'lightningcss-win32-x64-msvc': [ '1.32.0' ],
388 silly audit   'log-symbols': [ '6.0.0' ],
388 silly audit   'lucide-react': [ '1.17.0' ],
388 silly audit   'magic-string': [ '0.30.21' ],
388 silly audit   'mimic-function': [ '5.0.1' ],
388 silly audit   'motion-dom': [ '12.40.0' ],
388 silly audit   'motion-utils': [ '12.39.0' ],
388 silly audit   nanoid: [ '3.3.12' ],
388 silly audit   'node-releases': [ '2.0.46' ],
388 silly audit   onetime: [ '7.0.0' ],
388 silly audit   ora: [ '8.2.0' ],
388 silly audit   picocolors: [ '1.1.1' ],
388 silly audit   picomatch: [ '4.0.4', '2.3.2' ],
388 silly audit   postcss: [ '8.5.15' ],
388 silly audit   'postcss-value-parser': [ '4.2.0' ],
388 silly audit   prompts: [ '2.4.2' ],
388 silly audit   react: [ '19.2.6' ],
388 silly audit   'react-dom': [ '19.2.6' ],
388 silly audit   'react-router': [ '7.16.0' ],
388 silly audit   'react-router-dom': [ '7.16.0' ],
388 silly audit   'restore-cursor': [ '5.1.0' ],
388 silly audit   rolldown: [ '1.0.2' ],
388 silly audit   scheduler: [ '0.27.0' ],
388 silly audit   'set-cookie-parser': [ '2.7.2' ],
388 silly audit   'signal-exit': [ '4.1.0' ],
388 silly audit   sisteransi: [ '1.0.5' ],
388 silly audit   'source-map-js': [ '1.2.1' ],
388 silly audit   'stdin-discarder': [ '0.2.2' ],
388 silly audit   'string-width': [ '7.2.0' ],
388 silly audit   'strip-ansi': [ '7.2.0' ],
388 silly audit   tapable: [ '2.3.3' ],
388 silly audit   tinyglobby: [ '0.2.16' ],
388 silly audit   tslib: [ '2.8.1' ],
388 silly audit   'uipro-cli': [ '2.2.3' ],
388 silly audit   'update-browserslist-db': [ '1.2.3' ],
388 silly audit   vite: [ '8.0.14' ],
388 silly audit   tailwindcss: [ '3.4.4', '4.3.0' ],
388 silly audit   arg: [ '5.0.2' ],
388 silly audit   chokidar: [ '3.6.0' ],
388 silly audit   didyoumean: [ '1.2.2' ],
388 silly audit   dlv: [ '1.1.3' ],
388 silly audit   'fast-glob': [ '3.3.3' ],
388 silly audit   'glob-parent': [ '6.0.2', '5.1.2' ],
388 silly audit   'is-glob': [ '4.0.3' ],
388 silly audit   lilconfig: [ '2.1.0', '3.1.3' ],
388 silly audit   micromatch: [ '4.0.8' ],
388 silly audit   'normalize-path': [ '3.0.0' ],
388 silly audit   'object-hash': [ '3.0.0' ],
388 silly audit   'postcss-import': [ '15.1.0' ],
388 silly audit   'postcss-js': [ '4.1.0' ],
388 silly audit   'postcss-load-config': [ '4.0.2' ],
388 silly audit   'postcss-nested': [ '6.2.0' ],
388 silly audit   'postcss-selector-parser': [ '6.1.2' ],
388 silly audit   resolve: [ '1.22.12' ],
388 silly audit   sucrase: [ '3.35.1' ],
388 silly audit   anymatch: [ '3.1.3' ],
388 silly audit   braces: [ '3.0.3' ],
388 silly audit   'is-binary-path': [ '2.1.0' ],
388 silly audit   readdirp: [ '3.6.0' ],
388 silly audit   'fill-range': [ '7.1.1' ],
388 silly audit   '@nodelib/fs.stat': [ '2.0.5' ],
388 silly audit   '@nodelib/fs.walk': [ '1.2.8' ],
388 silly audit   merge2: [ '1.4.1' ],
388 silly audit   '@nodelib/fs.scandir': [ '2.1.5' ],
388 silly audit   fastq: [ '1.20.1' ],
388 silly audit   'run-parallel': [ '1.2.0' ],
388 silly audit   reusify: [ '1.1.0' ],
388 silly audit   'to-regex-range': [ '5.0.1' ],
388 silly audit   'binary-extensions': [ '2.3.0' ],
388 silly audit   'is-extglob': [ '2.1.1' ],
388 silly audit   'read-cache': [ '1.0.0' ],
388 silly audit   'camelcase-css': [ '2.0.1' ],
388 silly audit   yaml: [ '2.9.0' ],
388 silly audit   cssesc: [ '3.0.0' ],
388 silly audit   'util-deprecate': [ '1.0.2' ],
388 silly audit   pify: [ '2.3.0' ],
388 silly audit   'es-errors': [ '1.3.0' ],
388 silly audit   'is-core-module': [ '2.16.2' ],
388 silly audit   'path-parse': [ '1.0.7' ],
388 silly audit   'supports-preserve-symlinks-flag': [ '1.0.0' ],
388 silly audit   hasown: [ '2.0.4' ],
388 silly audit   'function-bind': [ '1.1.2' ],
388 silly audit   'queue-microtask': [ '1.2.3' ],
388 silly audit   'lines-and-columns': [ '1.2.4' ],
388 silly audit   mz: [ '2.7.0' ],
388 silly audit   pirates: [ '4.0.7' ],
388 silly audit   'ts-interface-checker': [ '0.1.13' ],
388 silly audit   'any-promise': [ '1.3.0' ],
388 silly audit   'object-assign': [ '4.1.1' ],
388 silly audit   'thenify-all': [ '1.6.0' ],
388 silly audit   thenify: [ '3.3.1' ],
388 silly audit   'is-number': [ '7.0.0' ]
388 silly audit }
389 http cache is-number@https://registry.npmjs.org/is-number/-/is-number-7.0.0.tgz 0ms (cache hit)
390 http cache thenify@https://registry.npmjs.org/thenify/-/thenify-3.3.1.tgz 0ms (cache hit)
391 http cache thenify-all@https://registry.npmjs.org/thenify-all/-/thenify-all-1.6.0.tgz 0ms (cache hit)
392 http cache object-assign@https://registry.npmjs.org/object-assign/-/object-assign-4.1.1.tgz 0ms (cache hit)
393 http cache any-promise@https://registry.npmjs.org/any-promise/-/any-promise-1.3.0.tgz 0ms (cache hit)
394 http cache ts-interface-checker@https://registry.npmjs.org/ts-interface-checker/-/ts-interface-checker-0.1.13.tgz 0ms (cache hit)
395 http cache mz@https://registry.npmjs.org/mz/-/mz-2.7.0.tgz 0ms (cache hit)
396 http cache lines-and-columns@https://registry.npmjs.org/lines-and-columns/-/lines-and-columns-1.2.4.tgz 0ms (cache hit)
397 http cache pirates@https://registry.npmjs.org/pirates/-/pirates-4.0.7.tgz 0ms (cache hit)
398 http cache queue-microtask@https://registry.npmjs.org/queue-microtask/-/queue-microtask-1.2.3.tgz 0ms (cache hit)
399 http cache function-bind@https://registry.npmjs.org/function-bind/-/function-bind-1.1.2.tgz 0ms (cache hit)
400 http cache supports-preserve-symlinks-flag@https://registry.npmjs.org/supports-preserve-symlinks-flag/-/supports-preserve-symlinks-flag-1.0.0.tgz 0ms (cache hit)
401 http cache hasown@https://registry.npmjs.org/hasown/-/hasown-2.0.4.tgz 0ms (cache hit)
402 http cache path-parse@https://registry.npmjs.org/path-parse/-/path-parse-1.0.7.tgz 0ms (cache hit)
403 http cache is-core-module@https://registry.npmjs.org/is-core-module/-/is-core-module-2.16.2.tgz 0ms (cache hit)
404 http cache es-errors@https://registry.npmjs.org/es-errors/-/es-errors-1.3.0.tgz 0ms (cache hit)
405 http cache pify@https://registry.npmjs.org/pify/-/pify-2.3.0.tgz 0ms (cache hit)
406 http cache cssesc@https://registry.npmjs.org/cssesc/-/cssesc-3.0.0.tgz 0ms (cache hit)
407 http cache util-deprecate@https://registry.npmjs.org/util-deprecate/-/util-deprecate-1.0.2.tgz 0ms (cache hit)
408 http cache yaml@https://registry.npmjs.org/yaml/-/yaml-2.9.0.tgz 0ms (cache hit)
409 http cache camelcase-css@https://registry.npmjs.org/camelcase-css/-/camelcase-css-2.0.1.tgz 0ms (cache hit)
410 http cache read-cache@https://registry.npmjs.org/read-cache/-/read-cache-1.0.0.tgz 0ms (cache hit)
411 http cache is-extglob@https://registry.npmjs.org/is-extglob/-/is-extglob-2.1.1.tgz 0ms (cache hit)
412 http cache binary-extensions@https://registry.npmjs.org/binary-extensions/-/binary-extensions-2.3.0.tgz 0ms (cache hit)
413 http cache to-regex-range@https://registry.npmjs.org/to-regex-range/-/to-regex-range-5.0.1.tgz 0ms (cache hit)
414 http cache reusify@https://registry.npmjs.org/reusify/-/reusify-1.1.0.tgz 0ms (cache hit)
415 http cache run-parallel@https://registry.npmjs.org/run-parallel/-/run-parallel-1.2.0.tgz 0ms (cache hit)
416 http cache @nodelib/fs.scandir@https://registry.npmjs.org/@nodelib/fs.scandir/-/fs.scandir-2.1.5.tgz 0ms (cache hit)
417 http cache merge2@https://registry.npmjs.org/merge2/-/merge2-1.4.1.tgz 0ms (cache hit)
418 http cache @nodelib/fs.walk@https://registry.npmjs.org/@nodelib/fs.walk/-/fs.walk-1.2.8.tgz 0ms (cache hit)
419 http cache @nodelib/fs.stat@https://registry.npmjs.org/@nodelib/fs.stat/-/fs.stat-2.0.5.tgz 0ms (cache hit)
420 http cache fill-range@https://registry.npmjs.org/fill-range/-/fill-range-7.1.1.tgz 0ms (cache hit)
421 http cache readdirp@https://registry.npmjs.org/readdirp/-/readdirp-3.6.0.tgz 0ms (cache hit)
422 http cache is-binary-path@https://registry.npmjs.org/is-binary-path/-/is-binary-path-2.1.0.tgz 0ms (cache hit)
423 http cache fastq@https://registry.npmjs.org/fastq/-/fastq-1.20.1.tgz 0ms (cache hit)
424 http cache braces@https://registry.npmjs.org/braces/-/braces-3.0.3.tgz 0ms (cache hit)
425 http cache anymatch@https://registry.npmjs.org/anymatch/-/anymatch-3.1.3.tgz 0ms (cache hit)
426 http cache sucrase@https://registry.npmjs.org/sucrase/-/sucrase-3.35.1.tgz 0ms (cache hit)
427 http cache resolve@https://registry.npmjs.org/resolve/-/resolve-1.22.12.tgz 0ms (cache hit)
428 http cache postcss-selector-parser@https://registry.npmjs.org/postcss-selector-parser/-/postcss-selector-parser-6.1.2.tgz 0ms (cache hit)
429 http cache postcss-load-config@https://registry.npmjs.org/postcss-load-config/-/postcss-load-config-4.0.2.tgz 0ms (cache hit)
430 http cache postcss-js@https://registry.npmjs.org/postcss-js/-/postcss-js-4.1.0.tgz 0ms (cache hit)
431 http cache postcss-nested@https://registry.npmjs.org/postcss-nested/-/postcss-nested-6.2.0.tgz 0ms (cache hit)
432 http cache postcss-import@https://registry.npmjs.org/postcss-import/-/postcss-import-15.1.0.tgz 0ms (cache hit)
433 http cache object-hash@https://registry.npmjs.org/object-hash/-/object-hash-3.0.0.tgz 0ms (cache hit)
434 http cache normalize-path@https://registry.npmjs.org/normalize-path/-/normalize-path-3.0.0.tgz 0ms (cache hit)
435 http cache micromatch@https://registry.npmjs.org/micromatch/-/micromatch-4.0.8.tgz 0ms (cache hit)
436 http cache lilconfig@https://registry.npmjs.org/lilconfig/-/lilconfig-2.1.0.tgz 0ms (cache hit)
437 http cache is-glob@https://registry.npmjs.org/is-glob/-/is-glob-4.0.3.tgz 0ms (cache hit)
438 http cache glob-parent@https://registry.npmjs.org/glob-parent/-/glob-parent-6.0.2.tgz 0ms (cache hit)
439 http cache fast-glob@https://registry.npmjs.org/fast-glob/-/fast-glob-3.3.3.tgz 0ms (cache hit)
440 http cache dlv@https://registry.npmjs.org/dlv/-/dlv-1.1.3.tgz 0ms (cache hit)
441 http cache didyoumean@https://registry.npmjs.org/didyoumean/-/didyoumean-1.2.2.tgz 0ms (cache hit)
442 http cache chokidar@https://registry.npmjs.org/chokidar/-/chokidar-3.6.0.tgz 0ms (cache hit)
443 http cache arg@https://registry.npmjs.org/arg/-/arg-5.0.2.tgz 0ms (cache hit)
444 http cache tailwindcss@https://registry.npmjs.org/tailwindcss/-/tailwindcss-3.4.4.tgz 0ms (cache hit)
445 http cache picomatch@https://registry.npmjs.org/picomatch/-/picomatch-2.3.2.tgz 0ms (cache hit)
446 http cache picomatch@https://registry.npmjs.org/picomatch/-/picomatch-2.3.2.tgz 0ms (cache hit)
447 http cache commander@https://registry.npmjs.org/commander/-/commander-4.1.1.tgz 0ms (cache hit)
448 http cache lilconfig@https://registry.npmjs.org/lilconfig/-/lilconfig-3.1.3.tgz 0ms (cache hit)
449 http cache picomatch@https://registry.npmjs.org/picomatch/-/picomatch-2.3.2.tgz 0ms (cache hit)
450 http cache glob-parent@https://registry.npmjs.org/glob-parent/-/glob-parent-5.1.2.tgz 0ms (cache hit)
451 http cache jiti@https://registry.npmjs.org/jiti/-/jiti-1.21.7.tgz 0ms (cache hit)
452 http cache glob-parent@https://registry.npmjs.org/glob-parent/-/glob-parent-5.1.2.tgz 0ms (cache hit)
453 http cache tailwindcss@https://registry.npmjs.org/tailwindcss/-/tailwindcss-4.3.0.tgz 0ms (cache hit)
454 http cache tailwindcss@https://registry.npmjs.org/tailwindcss/-/tailwindcss-4.3.0.tgz 0ms (cache hit)
455 silly tarball no local data for is-number@https://registry.npmjs.org/is-number/-/is-number-7.0.0.tgz. Extracting by manifest.
456 silly tarball no local data for thenify@https://registry.npmjs.org/thenify/-/thenify-3.3.1.tgz. Extracting by manifest.
457 silly tarball no local data for thenify-all@https://registry.npmjs.org/thenify-all/-/thenify-all-1.6.0.tgz. Extracting by manifest.
458 silly tarball no local data for any-promise@https://registry.npmjs.org/any-promise/-/any-promise-1.3.0.tgz. Extracting by manifest.
459 silly tarball no local data for ts-interface-checker@https://registry.npmjs.org/ts-interface-checker/-/ts-interface-checker-0.1.13.tgz. Extracting by manifest.
460 silly tarball no local data for mz@https://registry.npmjs.org/mz/-/mz-2.7.0.tgz. Extracting by manifest.
461 silly tarball no local data for lines-and-columns@https://registry.npmjs.org/lines-and-columns/-/lines-and-columns-1.2.4.tgz. Extracting by manifest.
462 silly tarball no local data for pirates@https://registry.npmjs.org/pirates/-/pirates-4.0.7.tgz. Extracting by manifest.
463 silly tarball no local data for queue-microtask@https://registry.npmjs.org/queue-microtask/-/queue-microtask-1.2.3.tgz. Extracting by manifest.
464 silly tarball no local data for supports-preserve-symlinks-flag@https://registry.npmjs.org/supports-preserve-symlinks-flag/-/supports-preserve-symlinks-flag-1.0.0.tgz. Extracting by manifest.
465 silly tarball no local data for path-parse@https://registry.npmjs.org/path-parse/-/path-parse-1.0.7.tgz. Extracting by manifest.
466 silly tarball no local data for is-core-module@https://registry.npmjs.org/is-core-module/-/is-core-module-2.16.2.tgz. Extracting by manifest.
467 silly tarball no local data for pify@https://registry.npmjs.org/pify/-/pify-2.3.0.tgz. Extracting by manifest.
468 silly tarball no local data for cssesc@https://registry.npmjs.org/cssesc/-/cssesc-3.0.0.tgz. Extracting by manifest.
469 silly tarball no local data for util-deprecate@https://registry.npmjs.org/util-deprecate/-/util-deprecate-1.0.2.tgz. Extracting by manifest.
470 silly tarball no local data for camelcase-css@https://registry.npmjs.org/camelcase-css/-/camelcase-css-2.0.1.tgz. Extracting by manifest.
471 silly tarball no local data for yaml@https://registry.npmjs.org/yaml/-/yaml-2.9.0.tgz. Extracting by manifest.
472 silly tarball no local data for is-extglob@https://registry.npmjs.org/is-extglob/-/is-extglob-2.1.1.tgz. Extracting by manifest.
473 silly tarball no local data for binary-extensions@https://registry.npmjs.org/binary-extensions/-/binary-extensions-2.3.0.tgz. Extracting by manifest.
474 silly tarball no local data for read-cache@https://registry.npmjs.org/read-cache/-/read-cache-1.0.0.tgz. Extracting by manifest.
475 silly tarball no local data for reusify@https://registry.npmjs.org/reusify/-/reusify-1.1.0.tgz. Extracting by manifest.
476 silly tarball no local data for to-regex-range@https://registry.npmjs.org/to-regex-range/-/to-regex-range-5.0.1.tgz. Extracting by manifest.
477 silly tarball no local data for run-parallel@https://registry.npmjs.org/run-parallel/-/run-parallel-1.2.0.tgz. Extracting by manifest.
478 silly tarball no local data for merge2@https://registry.npmjs.org/merge2/-/merge2-1.4.1.tgz. Extracting by manifest.
479 silly tarball no local data for @nodelib/fs.scandir@https://registry.npmjs.org/@nodelib/fs.scandir/-/fs.scandir-2.1.5.tgz. Extracting by manifest.
480 silly tarball no local data for @nodelib/fs.stat@https://registry.npmjs.org/@nodelib/fs.stat/-/fs.stat-2.0.5.tgz. Extracting by manifest.
481 silly tarball no local data for @nodelib/fs.walk@https://registry.npmjs.org/@nodelib/fs.walk/-/fs.walk-1.2.8.tgz. Extracting by manifest.
482 silly tarball no local data for fill-range@https://registry.npmjs.org/fill-range/-/fill-range-7.1.1.tgz. Extracting by manifest.
483 silly tarball no local data for readdirp@https://registry.npmjs.org/readdirp/-/readdirp-3.6.0.tgz. Extracting by manifest.
484 silly tarball no local data for fastq@https://registry.npmjs.org/fastq/-/fastq-1.20.1.tgz. Extracting by manifest.
485 silly tarball no local data for is-binary-path@https://registry.npmjs.org/is-binary-path/-/is-binary-path-2.1.0.tgz. Extracting by manifest.
486 silly tarball no local data for braces@https://registry.npmjs.org/braces/-/braces-3.0.3.tgz. Extracting by manifest.
487 silly tarball no local data for anymatch@https://registry.npmjs.org/anymatch/-/anymatch-3.1.3.tgz. Extracting by manifest.
488 silly tarball no local data for sucrase@https://registry.npmjs.org/sucrase/-/sucrase-3.35.1.tgz. Extracting by manifest.
489 silly tarball no local data for postcss-selector-parser@https://registry.npmjs.org/postcss-selector-parser/-/postcss-selector-parser-6.1.2.tgz. Extracting by manifest.
490 silly tarball no local data for resolve@https://registry.npmjs.org/resolve/-/resolve-1.22.12.tgz. Extracting by manifest.
491 silly tarball no local data for postcss-load-config@https://registry.npmjs.org/postcss-load-config/-/postcss-load-config-4.0.2.tgz. Extracting by manifest.
492 silly tarball no local data for postcss-js@https://registry.npmjs.org/postcss-js/-/postcss-js-4.1.0.tgz. Extracting by manifest.
493 silly tarball no local data for object-hash@https://registry.npmjs.org/object-hash/-/object-hash-3.0.0.tgz. Extracting by manifest.
494 silly tarball no local data for postcss-nested@https://registry.npmjs.org/postcss-nested/-/postcss-nested-6.2.0.tgz. Extracting by manifest.
495 silly tarball no local data for postcss-import@https://registry.npmjs.org/postcss-import/-/postcss-import-15.1.0.tgz. Extracting by manifest.
496 silly tarball no local data for normalize-path@https://registry.npmjs.org/normalize-path/-/normalize-path-3.0.0.tgz. Extracting by manifest.
497 silly tarball no local data for lilconfig@https://registry.npmjs.org/lilconfig/-/lilconfig-2.1.0.tgz. Extracting by manifest.
498 silly tarball no local data for micromatch@https://registry.npmjs.org/micromatch/-/micromatch-4.0.8.tgz. Extracting by manifest.
499 silly tarball no local data for glob-parent@https://registry.npmjs.org/glob-parent/-/glob-parent-6.0.2.tgz. Extracting by manifest.
500 silly tarball no local data for is-glob@https://registry.npmjs.org/is-glob/-/is-glob-4.0.3.tgz. Extracting by manifest.
501 silly tarball no local data for fast-glob@https://registry.npmjs.org/fast-glob/-/fast-glob-3.3.3.tgz. Extracting by manifest.
502 silly tarball no local data for dlv@https://registry.npmjs.org/dlv/-/dlv-1.1.3.tgz. Extracting by manifest.
503 silly tarball no local data for didyoumean@https://registry.npmjs.org/didyoumean/-/didyoumean-1.2.2.tgz. Extracting by manifest.
504 silly tarball no local data for chokidar@https://registry.npmjs.org/chokidar/-/chokidar-3.6.0.tgz. Extracting by manifest.
505 silly tarball no local data for arg@https://registry.npmjs.org/arg/-/arg-5.0.2.tgz. Extracting by manifest.
506 silly tarball no local data for tailwindcss@https://registry.npmjs.org/tailwindcss/-/tailwindcss-3.4.4.tgz. Extracting by manifest.
507 silly tarball no local data for picomatch@https://registry.npmjs.org/picomatch/-/picomatch-2.3.2.tgz. Extracting by manifest.
508 silly tarball no local data for picomatch@https://registry.npmjs.org/picomatch/-/picomatch-2.3.2.tgz. Extracting by manifest.
509 silly tarball no local data for lilconfig@https://registry.npmjs.org/lilconfig/-/lilconfig-3.1.3.tgz. Extracting by manifest.
510 silly tarball no local data for commander@https://registry.npmjs.org/commander/-/commander-4.1.1.tgz. Extracting by manifest.
511 silly tarball no local data for picomatch@https://registry.npmjs.org/picomatch/-/picomatch-2.3.2.tgz. Extracting by manifest.
512 silly tarball no local data for glob-parent@https://registry.npmjs.org/glob-parent/-/glob-parent-5.1.2.tgz. Extracting by manifest.
513 silly tarball no local data for jiti@https://registry.npmjs.org/jiti/-/jiti-1.21.7.tgz. Extracting by manifest.
514 silly tarball no local data for glob-parent@https://registry.npmjs.org/glob-parent/-/glob-parent-5.1.2.tgz. Extracting by manifest.
515 http fetch GET 200 https://registry.npmjs.org/is-number/-/is-number-7.0.0.tgz 51ms (cache miss)
516 http fetch GET 200 https://registry.npmjs.org/thenify-all/-/thenify-all-1.6.0.tgz 50ms (cache miss)
517 http fetch GET 200 https://registry.npmjs.org/mz/-/mz-2.7.0.tgz 53ms (cache miss)
518 http fetch GET 200 https://registry.npmjs.org/thenify/-/thenify-3.3.1.tgz 54ms (cache miss)
519 http fetch GET 200 https://registry.npmjs.org/ts-interface-checker/-/ts-interface-checker-0.1.13.tgz 56ms (cache miss)
520 http fetch GET 200 https://registry.npmjs.org/util-deprecate/-/util-deprecate-1.0.2.tgz 57ms (cache miss)
521 http fetch GET 200 https://registry.npmjs.org/camelcase-css/-/camelcase-css-2.0.1.tgz 59ms (cache miss)
522 http fetch GET 200 https://registry.npmjs.org/binary-extensions/-/binary-extensions-2.3.0.tgz 59ms (cache miss)
523 http fetch GET 200 https://registry.npmjs.org/is-extglob/-/is-extglob-2.1.1.tgz 59ms (cache miss)
524 http fetch GET 200 https://registry.npmjs.org/any-promise/-/any-promise-1.3.0.tgz 64ms (cache miss)
525 http fetch GET 200 https://registry.npmjs.org/read-cache/-/read-cache-1.0.0.tgz 62ms (cache miss)
526 http fetch GET 200 https://registry.npmjs.org/path-parse/-/path-parse-1.0.7.tgz 68ms (cache miss)
527 http fetch GET 200 https://registry.npmjs.org/queue-microtask/-/queue-microtask-1.2.3.tgz 71ms (cache miss)
528 http fetch GET 200 https://registry.npmjs.org/reusify/-/reusify-1.1.0.tgz 73ms (cache miss)
529 http fetch GET 200 https://registry.npmjs.org/pify/-/pify-2.3.0.tgz 75ms (cache miss)
530 http fetch GET 200 https://registry.npmjs.org/merge2/-/merge2-1.4.1.tgz 77ms (cache miss)
531 http fetch GET 200 https://registry.npmjs.org/supports-preserve-symlinks-flag/-/supports-preserve-symlinks-flag-1.0.0.tgz 80ms (cache miss)
532 http fetch GET 200 https://registry.npmjs.org/pirates/-/pirates-4.0.7.tgz 81ms (cache miss)
533 http fetch GET 200 https://registry.npmjs.org/to-regex-range/-/to-regex-range-5.0.1.tgz 79ms (cache miss)
534 http fetch GET 200 https://registry.npmjs.org/lines-and-columns/-/lines-and-columns-1.2.4.tgz 82ms (cache miss)
535 http fetch GET 200 https://registry.npmjs.org/run-parallel/-/run-parallel-1.2.0.tgz 79ms (cache miss)
536 http fetch GET 200 https://registry.npmjs.org/is-core-module/-/is-core-module-2.16.2.tgz 81ms (cache miss)
537 http fetch GET 200 https://registry.npmjs.org/cssesc/-/cssesc-3.0.0.tgz 80ms (cache miss)
538 http fetch GET 200 https://registry.npmjs.org/fill-range/-/fill-range-7.1.1.tgz 85ms (cache miss)
539 http fetch GET 200 https://registry.npmjs.org/is-binary-path/-/is-binary-path-2.1.0.tgz 98ms (cache miss)
540 http fetch GET 200 https://registry.npmjs.org/@nodelib/fs.scandir/-/fs.scandir-2.1.5.tgz 101ms (cache miss)
541 http fetch GET 200 https://registry.npmjs.org/readdirp/-/readdirp-3.6.0.tgz 100ms (cache miss)
542 http fetch GET 200 https://registry.npmjs.org/anymatch/-/anymatch-3.1.3.tgz 103ms (cache miss)
543 http fetch GET 200 https://registry.npmjs.org/fastq/-/fastq-1.20.1.tgz 103ms (cache miss)
544 http fetch GET 200 https://registry.npmjs.org/postcss-load-config/-/postcss-load-config-4.0.2.tgz 102ms (cache miss)
545 http fetch GET 200 https://registry.npmjs.org/postcss-js/-/postcss-js-4.1.0.tgz 103ms (cache miss)
546 http fetch GET 200 https://registry.npmjs.org/@nodelib/fs.stat/-/fs.stat-2.0.5.tgz 105ms (cache miss)
547 http fetch GET 200 https://registry.npmjs.org/postcss-nested/-/postcss-nested-6.2.0.tgz 108ms (cache miss)
548 http fetch GET 200 https://registry.npmjs.org/braces/-/braces-3.0.3.tgz 112ms (cache miss)
549 http fetch GET 200 https://registry.npmjs.org/normalize-path/-/normalize-path-3.0.0.tgz 114ms (cache miss)
550 http fetch GET 200 https://registry.npmjs.org/object-hash/-/object-hash-3.0.0.tgz 117ms (cache miss)
551 http fetch GET 200 https://registry.npmjs.org/lilconfig/-/lilconfig-2.1.0.tgz 119ms (cache miss)
552 http fetch GET 200 https://registry.npmjs.org/dlv/-/dlv-1.1.3.tgz 118ms (cache miss)
553 http fetch GET 200 https://registry.npmjs.org/glob-parent/-/glob-parent-6.0.2.tgz 120ms (cache miss)
554 http fetch GET 200 https://registry.npmjs.org/didyoumean/-/didyoumean-1.2.2.tgz 119ms (cache miss)
555 http fetch GET 200 https://registry.npmjs.org/arg/-/arg-5.0.2.tgz 120ms (cache miss)
556 http fetch GET 200 https://registry.npmjs.org/is-glob/-/is-glob-4.0.3.tgz 121ms (cache miss)
557 http fetch GET 200 https://registry.npmjs.org/micromatch/-/micromatch-4.0.8.tgz 122ms (cache miss)
558 http fetch GET 200 https://registry.npmjs.org/postcss-import/-/postcss-import-15.1.0.tgz 126ms (cache miss)
559 http fetch GET 200 https://registry.npmjs.org/@nodelib/fs.walk/-/fs.walk-1.2.8.tgz 134ms (cache miss)
560 http fetch GET 200 https://registry.npmjs.org/picomatch/-/picomatch-2.3.2.tgz 133ms (cache miss)
561 http fetch GET 200 https://registry.npmjs.org/chokidar/-/chokidar-3.6.0.tgz 134ms (cache miss)
562 http fetch GET 200 https://registry.npmjs.org/glob-parent/-/glob-parent-5.1.2.tgz 135ms (cache miss)
563 http fetch GET 200 https://registry.npmjs.org/lilconfig/-/lilconfig-3.1.3.tgz 137ms (cache miss)
564 http fetch GET 200 https://registry.npmjs.org/glob-parent/-/glob-parent-5.1.2.tgz 136ms (cache miss)
565 http fetch GET 200 https://registry.npmjs.org/picomatch/-/picomatch-2.3.2.tgz 139ms (cache miss)
566 http fetch GET 200 https://registry.npmjs.org/commander/-/commander-4.1.1.tgz 139ms (cache miss)
567 http fetch GET 200 https://registry.npmjs.org/picomatch/-/picomatch-2.3.2.tgz 143ms (cache miss)
568 http fetch POST 200 https://registry.npmjs.org/-/npm/v1/security/advisories/bulk 177ms
569 silly audit report {}
570 http fetch GET 200 https://registry.npmjs.org/postcss-selector-parser/-/postcss-selector-parser-6.1.2.tgz 160ms (cache miss)
571 http fetch GET 200 https://registry.npmjs.org/fast-glob/-/fast-glob-3.3.3.tgz 174ms (cache miss)
572 http fetch GET 200 https://registry.npmjs.org/jiti/-/jiti-1.21.7.tgz 183ms (cache miss)
573 http fetch GET 200 https://registry.npmjs.org/resolve/-/resolve-1.22.12.tgz 189ms (cache miss)
574 http fetch GET 200 https://registry.npmjs.org/yaml/-/yaml-2.9.0.tgz 208ms (cache miss)
575 http fetch GET 200 https://registry.npmjs.org/sucrase/-/sucrase-3.35.1.tgz 217ms (cache miss)
576 http fetch GET 200 https://registry.npmjs.org/tailwindcss/-/tailwindcss-3.4.4.tgz 246ms (cache miss)
577 silly ADD node_modules/is-number
578 silly ADD node_modules/thenify
579 silly ADD node_modules/thenify-all
580 silly ADD node_modules/object-assign
581 silly ADD node_modules/any-promise
582 silly ADD node_modules/ts-interface-checker
583 silly ADD node_modules/pirates
584 silly ADD node_modules/mz
585 silly ADD node_modules/lines-and-columns
586 silly ADD node_modules/queue-microtask
587 silly ADD node_modules/function-bind
588 silly ADD node_modules/hasown
589 silly ADD node_modules/supports-preserve-symlinks-flag
590 silly ADD node_modules/path-parse
591 silly ADD node_modules/is-core-module
592 silly ADD node_modules/es-errors
593 silly ADD node_modules/pify
594 silly ADD node_modules/util-deprecate
595 silly ADD node_modules/cssesc
596 silly ADD node_modules/yaml
597 silly ADD node_modules/camelcase-css
598 silly ADD node_modules/read-cache
599 silly ADD node_modules/is-extglob
600 silly ADD node_modules/binary-extensions
601 silly ADD node_modules/to-regex-range
602 silly ADD node_modules/reusify
603 silly ADD node_modules/run-parallel
604 silly ADD node_modules/fastq
605 silly ADD node_modules/@nodelib/fs.scandir
606 silly ADD node_modules/merge2
607 silly ADD node_modules/@nodelib/fs.walk
608 silly ADD node_modules/@nodelib/fs.stat
609 silly ADD node_modules/fill-range
610 silly ADD node_modules/readdirp
611 silly ADD node_modules/readdirp/node_modules/picomatch
612 silly ADD node_modules/is-binary-path
613 silly ADD node_modules/braces
614 silly ADD node_modules/anymatch
615 silly ADD node_modules/anymatch/node_modules/picomatch
616 silly ADD node_modules/sucrase
617 silly ADD node_modules/sucrase/node_modules/commander
618 silly ADD node_modules/resolve
619 silly ADD node_modules/postcss-selector-parser
620 silly ADD node_modules/postcss-nested
621 silly ADD node_modules/postcss-load-config
622 silly ADD node_modules/postcss-load-config/node_modules/lilconfig
623 silly ADD node_modules/postcss-js
624 silly ADD node_modules/postcss-import
625 silly ADD node_modules/object-hash
626 silly ADD node_modules/normalize-path
627 silly ADD node_modules/micromatch
628 silly ADD node_modules/micromatch/node_modules/picomatch
629 silly ADD node_modules/lilconfig
630 silly ADD node_modules/is-glob
631 silly ADD node_modules/glob-parent
632 silly ADD node_modules/fast-glob
633 silly ADD node_modules/fast-glob/node_modules/glob-parent
634 silly ADD node_modules/dlv
635 silly ADD node_modules/didyoumean
636 silly ADD node_modules/chokidar
637 silly ADD node_modules/chokidar/node_modules/glob-parent
638 silly ADD node_modules/arg
639 silly CHANGE node_modules/tailwindcss
640 silly ADD node_modules/tailwindcss/node_modules/jiti
641 silly ADD node_modules/@tailwindcss/postcss/node_modules/tailwindcss
642 silly ADD node_modules/@tailwindcss/node/node_modules/tailwindcss
643 verbose cwd /Users/ayoubelamrani/Desktop/AssuTempo
644 verbose os Darwin 24.6.0
645 verbose node v24.16.0
646 verbose npm  v11.13.0
647 verbose exit 0
648 info ok
