0 verbose cli /usr/local/bin/node /usr/local/lib/node_modules/npm/bin/npm-cli.js
1 info using npm@11.13.0
2 info using node@v24.16.0
3 silly config load:file:/usr/local/lib/node_modules/npm/npmrc
4 silly config load:file:/Users/ayoubelamrani/Desktop/AssuTempo/.npmrc
5 silly config load:file:/Users/ayoubelamrani/.npmrc
6 silly config load:file:/usr/local/etc/npmrc
7 verbose title npm exec @21st-dev/magic@latest
8 verbose argv "exec" "--yes" "--" "@21st-dev/magic@latest"
9 verbose logfile logs-max:10 dir:/Users/ayoubelamrani/Desktop/AssuTempo/$(pwd)/.npm-cache/_logs/2026-05-30T00_49_26_205Z-
10 verbose logfile /Users/ayoubelamrani/Desktop/AssuTempo/$(pwd)/.npm-cache/_logs/2026-05-30T00_49_26_205Z-debug-0.log
11 silly logfile done cleaning log files
12 silly packumentCache heap:2348810240 maxSize:587202560 maxEntrySize:293601280
13 http fetch GET 200 https://registry.npmjs.org/npm 387ms
14 http fetch GET 200 https://registry.npmjs.org/@21st-dev%2fmagic 377ms (cache miss)
15 silly packumentCache heap:2348810240 maxSize:587202560 maxEntrySize:293601280
16 silly packumentCache heap:2348810240 maxSize:587202560 maxEntrySize:293601280
17 silly idealTree buildDeps
18 silly fetch manifest @21st-dev/magic@0.1.0
19 silly packumentCache full:https://registry.npmjs.org/@21st-dev%2fmagic cache-miss
20 http fetch GET 200 https://registry.npmjs.org/@21st-dev%2fmagic 222ms (cache miss)
21 silly packumentCache full:https://registry.npmjs.org/@21st-dev%2fmagic set size:undefined disposed:false
22 silly placeDep ROOT @21st-dev/magic@0.1.0 OK for:  want: 0.1.0
23 silly fetch manifest zod@^3.24.2
24 silly packumentCache full:https://registry.npmjs.org/zod cache-miss
25 silly fetch manifest cors@^2.8.5
26 silly packumentCache full:https://registry.npmjs.org/cors cache-miss
27 silly fetch manifest open@^10.1.0
28 silly packumentCache full:https://registry.npmjs.org/open cache-miss
29 silly fetch manifest @types/cors@^2.8.17
30 silly packumentCache full:https://registry.npmjs.org/@types%2fcors cache-miss
31 silly fetch manifest @types/express@^5.0.0
32 silly packumentCache full:https://registry.npmjs.org/@types%2fexpress cache-miss
33 silly fetch manifest @modelcontextprotocol/sdk@^1.8.0
34 silly packumentCache full:https://registry.npmjs.org/@modelcontextprotocol%2fsdk cache-miss
35 http fetch GET 200 https://registry.npmjs.org/cors 29ms (cache miss)
36 silly packumentCache full:https://registry.npmjs.org/cors set size:undefined disposed:false
37 http fetch GET 200 https://registry.npmjs.org/open 223ms (cache miss)
38 silly packumentCache full:https://registry.npmjs.org/open set size:undefined disposed:false
39 http fetch GET 200 https://registry.npmjs.org/@types%2fcors 247ms (cache miss)
40 silly packumentCache full:https://registry.npmjs.org/@types%2fcors set size:undefined disposed:false
41 http fetch GET 200 https://registry.npmjs.org/zod 255ms (cache miss)
42 silly packumentCache full:https://registry.npmjs.org/zod set size:undefined disposed:false
43 http fetch GET 200 https://registry.npmjs.org/@modelcontextprotocol%2fsdk 268ms (cache miss)
44 silly packumentCache full:https://registry.npmjs.org/@modelcontextprotocol%2fsdk set size:undefined disposed:false
45 http fetch GET 200 https://registry.npmjs.org/@types%2fexpress 395ms (cache miss)
46 silly packumentCache full:https://registry.npmjs.org/@types%2fexpress set size:undefined disposed:false
47 silly fetch manifest @cfworker/json-schema@^4.1.1
48 silly packumentCache full:https://registry.npmjs.org/@cfworker%2fjson-schema cache-miss
49 http fetch GET 200 https://registry.npmjs.org/@cfworker%2fjson-schema 63ms (cache miss)
50 silly packumentCache full:https://registry.npmjs.org/@cfworker%2fjson-schema set size:undefined disposed:false
51 silly placeDep ROOT @modelcontextprotocol/sdk@1.29.0 OK for: @21st-dev/magic@0.1.0 want: ^1.8.0
52 silly placeDep ROOT @types/cors@2.8.19 OK for: @21st-dev/magic@0.1.0 want: ^2.8.17
53 silly placeDep ROOT @types/express@5.0.6 OK for: @21st-dev/magic@0.1.0 want: ^5.0.0
54 silly placeDep ROOT cors@2.8.6 OK for: @21st-dev/magic@0.1.0 want: ^2.8.5
55 silly placeDep ROOT open@10.2.0 OK for: @21st-dev/magic@0.1.0 want: ^10.1.0
56 silly placeDep ROOT zod@3.25.76 OK for: @21st-dev/magic@0.1.0 want: ^3.24.2
57 silly fetch manifest @hono/node-server@^1.19.9
58 silly packumentCache full:https://registry.npmjs.org/@hono%2fnode-server cache-miss
59 silly fetch manifest ajv@^8.17.1
60 silly packumentCache full:https://registry.npmjs.org/ajv cache-miss
61 silly fetch manifest ajv-formats@^3.0.1
62 silly packumentCache full:https://registry.npmjs.org/ajv-formats cache-miss
63 silly fetch manifest content-type@^1.0.5
64 silly packumentCache full:https://registry.npmjs.org/content-type cache-miss
65 silly fetch manifest cross-spawn@^7.0.5
66 silly packumentCache full:https://registry.npmjs.org/cross-spawn cache-miss
67 silly fetch manifest eventsource@^3.0.2
68 silly packumentCache full:https://registry.npmjs.org/eventsource cache-miss
69 silly fetch manifest eventsource-parser@^3.0.0
70 silly packumentCache full:https://registry.npmjs.org/eventsource-parser cache-miss
71 http fetch GET 200 https://registry.npmjs.org/content-type 33ms (cache miss)
72 silly packumentCache full:https://registry.npmjs.org/content-type set size:undefined disposed:false
73 silly fetch manifest express@^5.2.1
74 silly packumentCache full:https://registry.npmjs.org/express cache-miss
75 http fetch GET 200 https://registry.npmjs.org/eventsource 36ms (cache miss)
76 silly packumentCache full:https://registry.npmjs.org/eventsource set size:undefined disposed:false
77 silly fetch manifest express-rate-limit@^8.2.1
78 silly packumentCache full:https://registry.npmjs.org/express-rate-limit cache-miss
79 http fetch GET 200 https://registry.npmjs.org/cross-spawn 40ms (cache miss)
80 silly packumentCache full:https://registry.npmjs.org/cross-spawn set size:undefined disposed:false
81 silly fetch manifest hono@^4.11.4
82 silly packumentCache full:https://registry.npmjs.org/hono cache-miss
83 http fetch GET 200 https://registry.npmjs.org/ajv-formats 43ms (cache miss)
84 silly packumentCache full:https://registry.npmjs.org/ajv-formats set size:undefined disposed:false
85 silly fetch manifest jose@^6.1.3
86 silly packumentCache full:https://registry.npmjs.org/jose cache-miss
87 http fetch GET 200 https://registry.npmjs.org/@hono%2fnode-server 53ms (cache miss)
88 silly packumentCache full:https://registry.npmjs.org/@hono%2fnode-server set size:undefined disposed:false
89 silly fetch manifest json-schema-typed@^8.0.2
90 silly packumentCache full:https://registry.npmjs.org/json-schema-typed cache-miss
91 http fetch GET 200 https://registry.npmjs.org/ajv 55ms (cache miss)
92 silly packumentCache full:https://registry.npmjs.org/ajv set size:undefined disposed:false
93 silly fetch manifest pkce-challenge@^5.0.0
94 silly packumentCache full:https://registry.npmjs.org/pkce-challenge cache-miss
95 http fetch GET 200 https://registry.npmjs.org/eventsource-parser 61ms (cache miss)
96 silly packumentCache full:https://registry.npmjs.org/eventsource-parser set size:undefined disposed:false
97 silly fetch manifest raw-body@^3.0.0
98 silly packumentCache full:https://registry.npmjs.org/raw-body cache-miss
99 http fetch GET 200 https://registry.npmjs.org/json-schema-typed 34ms (cache miss)
100 silly packumentCache full:https://registry.npmjs.org/json-schema-typed set size:undefined disposed:false
101 silly fetch manifest zod@^3.25 || ^4.0
102 silly packumentCache full:https://registry.npmjs.org/zod cache-miss
103 http cache https://registry.npmjs.org/zod 8ms (cache hit)
104 silly packumentCache full:https://registry.npmjs.org/zod set size:3552562 disposed:false
105 silly fetch manifest zod-to-json-schema@^3.25.1
106 silly packumentCache full:https://registry.npmjs.org/zod-to-json-schema cache-miss
107 http fetch GET 200 https://registry.npmjs.org/express 81ms (cache miss)
108 silly packumentCache full:https://registry.npmjs.org/express set size:undefined disposed:false
109 silly fetch manifest @types/node@*
110 silly packumentCache full:https://registry.npmjs.org/@types%2fnode cache-miss
111 http fetch GET 200 https://registry.npmjs.org/pkce-challenge 61ms (cache miss)
112 silly packumentCache full:https://registry.npmjs.org/pkce-challenge set size:undefined disposed:false
113 silly fetch manifest @types/body-parser@*
114 silly packumentCache full:https://registry.npmjs.org/@types%2fbody-parser cache-miss
115 http fetch GET 200 https://registry.npmjs.org/express-rate-limit 83ms (cache miss)
116 silly packumentCache full:https://registry.npmjs.org/express-rate-limit set size:undefined disposed:false
117 silly fetch manifest @types/serve-static@^2
118 silly packumentCache full:https://registry.npmjs.org/@types%2fserve-static cache-miss
119 http fetch GET 200 https://registry.npmjs.org/raw-body 64ms (cache miss)
120 silly packumentCache full:https://registry.npmjs.org/raw-body set size:undefined disposed:false
121 silly fetch manifest @types/express-serve-static-core@^5.0.0
122 silly packumentCache full:https://registry.npmjs.org/@types%2fexpress-serve-static-core cache-miss
123 http fetch GET 200 https://registry.npmjs.org/zod-to-json-schema 38ms (cache miss)
124 silly packumentCache full:https://registry.npmjs.org/zod-to-json-schema set size:undefined disposed:false
125 silly fetch manifest object-assign@^4
126 silly packumentCache full:https://registry.npmjs.org/object-assign cache-miss
127 http fetch GET 200 https://registry.npmjs.org/jose 101ms (cache miss)
128 silly packumentCache full:https://registry.npmjs.org/jose set size:undefined disposed:false
129 silly fetch manifest vary@^1
130 silly packumentCache full:https://registry.npmjs.org/vary cache-miss
131 http fetch GET 200 https://registry.npmjs.org/@types%2fbody-parser 33ms (cache miss)
132 silly packumentCache full:https://registry.npmjs.org/@types%2fbody-parser set size:undefined disposed:false
133 silly fetch manifest wsl-utils@^0.1.0
134 silly packumentCache full:https://registry.npmjs.org/wsl-utils cache-miss
135 http fetch GET 200 https://registry.npmjs.org/@types%2fserve-static 41ms (cache miss)
136 silly packumentCache full:https://registry.npmjs.org/@types%2fserve-static set size:undefined disposed:false
137 silly fetch manifest default-browser@^5.2.1
138 silly packumentCache full:https://registry.npmjs.org/default-browser cache-miss
139 http fetch GET 200 https://registry.npmjs.org/object-assign 24ms (cache miss)
140 silly packumentCache full:https://registry.npmjs.org/object-assign set size:undefined disposed:false
141 silly fetch manifest define-lazy-prop@^3.0.0
142 silly packumentCache full:https://registry.npmjs.org/define-lazy-prop cache-miss
143 http fetch GET 200 https://registry.npmjs.org/vary 31ms (cache miss)
144 silly packumentCache full:https://registry.npmjs.org/vary set size:undefined disposed:false
145 silly fetch manifest is-inside-container@^1.0.0
146 silly packumentCache full:https://registry.npmjs.org/is-inside-container cache-miss
147 http fetch GET 200 https://registry.npmjs.org/@types%2fexpress-serve-static-core 57ms (cache miss)
148 silly packumentCache full:https://registry.npmjs.org/@types%2fexpress-serve-static-core set size:undefined disposed:false
149 http fetch GET 200 https://registry.npmjs.org/default-browser 24ms (cache miss)
150 silly packumentCache full:https://registry.npmjs.org/default-browser set size:undefined disposed:false
151 http fetch GET 200 https://registry.npmjs.org/wsl-utils 34ms (cache miss)
152 silly packumentCache full:https://registry.npmjs.org/wsl-utils set size:undefined disposed:false
153 http fetch GET 200 https://registry.npmjs.org/hono 151ms (cache miss)
154 silly packumentCache full:https://registry.npmjs.org/hono set size:undefined disposed:false
155 http fetch GET 200 https://registry.npmjs.org/define-lazy-prop 43ms (cache miss)
156 silly packumentCache full:https://registry.npmjs.org/define-lazy-prop set size:undefined disposed:false
157 http fetch GET 200 https://registry.npmjs.org/is-inside-container 37ms (cache miss)
158 silly packumentCache full:https://registry.npmjs.org/is-inside-container set size:undefined disposed:false
159 http fetch GET 200 https://registry.npmjs.org/@types%2fnode 178ms (cache miss)
160 silly packumentCache full:https://registry.npmjs.org/@types%2fnode set size:undefined disposed:false
161 silly placeDep ROOT @hono/node-server@1.19.14 OK for: @modelcontextprotocol/sdk@1.29.0 want: ^1.19.9
162 silly placeDep ROOT hono@4.12.23 OK for: @hono/node-server@1.19.14 want: ^4
163 silly placeDep ROOT ajv@8.20.0 OK for: @modelcontextprotocol/sdk@1.29.0 want: ^8.17.1
164 silly placeDep ROOT ajv-formats@3.0.1 OK for: @modelcontextprotocol/sdk@1.29.0 want: ^3.0.1
165 silly placeDep ROOT content-type@1.0.5 OK for: @modelcontextprotocol/sdk@1.29.0 want: ^1.0.5
166 silly placeDep ROOT cross-spawn@7.0.6 OK for: @modelcontextprotocol/sdk@1.29.0 want: ^7.0.5
167 silly placeDep ROOT eventsource@3.0.7 OK for: @modelcontextprotocol/sdk@1.29.0 want: ^3.0.2
168 silly placeDep ROOT eventsource-parser@3.1.0 OK for: @modelcontextprotocol/sdk@1.29.0 want: ^3.0.0
169 silly placeDep ROOT express@5.2.1 OK for: @modelcontextprotocol/sdk@1.29.0 want: ^5.2.1
170 silly placeDep ROOT express-rate-limit@8.5.2 OK for: @modelcontextprotocol/sdk@1.29.0 want: ^8.2.1
171 silly placeDep ROOT jose@6.2.3 OK for: @modelcontextprotocol/sdk@1.29.0 want: ^6.1.3
172 silly placeDep ROOT json-schema-typed@8.0.2 OK for: @modelcontextprotocol/sdk@1.29.0 want: ^8.0.2
173 silly placeDep ROOT pkce-challenge@5.0.1 OK for: @modelcontextprotocol/sdk@1.29.0 want: ^5.0.0
174 silly placeDep ROOT raw-body@3.0.2 OK for: @modelcontextprotocol/sdk@1.29.0 want: ^3.0.0
175 silly placeDep ROOT zod-to-json-schema@3.25.2 OK for: @modelcontextprotocol/sdk@1.29.0 want: ^3.25.1
176 silly fetch manifest fast-deep-equal@^3.1.3
177 silly packumentCache full:https://registry.npmjs.org/fast-deep-equal cache-miss
178 silly fetch manifest fast-uri@^3.0.1
179 silly packumentCache full:https://registry.npmjs.org/fast-uri cache-miss
180 silly fetch manifest json-schema-traverse@^1.0.0
181 silly packumentCache full:https://registry.npmjs.org/json-schema-traverse cache-miss
182 silly fetch manifest require-from-string@^2.0.2
183 silly packumentCache full:https://registry.npmjs.org/require-from-string cache-miss
184 silly fetch manifest which@^2.0.1
185 silly packumentCache full:https://registry.npmjs.org/which cache-miss
186 silly fetch manifest path-key@^3.1.0
187 silly packumentCache full:https://registry.npmjs.org/path-key cache-miss
188 silly fetch manifest shebang-command@^2.0.0
189 silly packumentCache full:https://registry.npmjs.org/shebang-command cache-miss
190 http fetch GET 200 https://registry.npmjs.org/json-schema-traverse 25ms (cache miss)
191 silly packumentCache full:https://registry.npmjs.org/json-schema-traverse set size:undefined disposed:false
192 silly fetch manifest eventsource-parser@^3.0.1
193 silly packumentCache full:https://registry.npmjs.org/eventsource-parser cache-miss
194 http fetch GET 200 https://registry.npmjs.org/require-from-string 26ms (cache miss)
195 silly packumentCache full:https://registry.npmjs.org/require-from-string set size:undefined disposed:false
196 silly fetch manifest qs@^6.14.0
197 silly packumentCache full:https://registry.npmjs.org/qs cache-miss
198 http fetch GET 200 https://registry.npmjs.org/fast-deep-equal 27ms (cache miss)
199 silly packumentCache full:https://registry.npmjs.org/fast-deep-equal set size:undefined disposed:false
200 silly fetch manifest depd@^2.0.0
201 silly packumentCache full:https://registry.npmjs.org/depd cache-miss
202 http fetch GET 200 https://registry.npmjs.org/shebang-command 29ms (cache miss)
203 silly packumentCache full:https://registry.npmjs.org/shebang-command set size:undefined disposed:false
204 silly fetch manifest etag@^1.8.1
205 silly packumentCache full:https://registry.npmjs.org/etag cache-miss
206 http cache https://registry.npmjs.org/eventsource-parser 4ms (cache hit)
207 silly packumentCache full:https://registry.npmjs.org/eventsource-parser set size:78018 disposed:false
208 silly fetch manifest once@^1.4.0
209 silly packumentCache full:https://registry.npmjs.org/once cache-miss
210 http fetch GET 200 https://registry.npmjs.org/path-key 34ms (cache miss)
211 silly packumentCache full:https://registry.npmjs.org/path-key set size:undefined disposed:false
212 silly fetch manifest send@^1.1.0
213 silly packumentCache full:https://registry.npmjs.org/send cache-miss
214 http fetch GET 200 https://registry.npmjs.org/which 36ms (cache miss)
215 silly packumentCache full:https://registry.npmjs.org/which set size:undefined disposed:false
216 silly fetch manifest vary@^1.1.2
217 silly packumentCache full:https://registry.npmjs.org/vary cache-miss
218 http fetch GET 200 https://registry.npmjs.org/fast-uri 37ms (cache miss)
219 silly packumentCache full:https://registry.npmjs.org/fast-uri set size:undefined disposed:false
220 silly fetch manifest debug@^4.4.0
221 silly packumentCache full:https://registry.npmjs.org/debug cache-miss
222 http cache https://registry.npmjs.org/vary 1ms (cache hit)
223 silly packumentCache full:https://registry.npmjs.org/vary set size:15994 disposed:false
224 silly fetch manifest fresh@^2.0.0
225 silly packumentCache full:https://registry.npmjs.org/fresh cache-miss
226 http fetch GET 200 https://registry.npmjs.org/etag 22ms (cache miss)
227 silly packumentCache full:https://registry.npmjs.org/etag set size:undefined disposed:false
228 silly fetch manifest cookie@^0.7.1
229 silly packumentCache full:https://registry.npmjs.org/cookie cache-miss
230 http fetch GET 200 https://registry.npmjs.org/depd 24ms (cache miss)
231 silly packumentCache full:https://registry.npmjs.org/depd set size:undefined disposed:false
232 silly fetch manifest router@^2.2.0
233 silly packumentCache full:https://registry.npmjs.org/router cache-miss
234 http fetch GET 200 https://registry.npmjs.org/once 22ms (cache miss)
235 silly packumentCache full:https://registry.npmjs.org/once set size:undefined disposed:false
236 silly fetch manifest accepts@^2.0.0
237 silly packumentCache full:https://registry.npmjs.org/accepts cache-miss
238 http fetch GET 200 https://registry.npmjs.org/qs 29ms (cache miss)
239 silly packumentCache full:https://registry.npmjs.org/qs set size:undefined disposed:false
240 silly fetch manifest type-is@^2.0.1
241 silly packumentCache full:https://registry.npmjs.org/type-is cache-miss
242 http fetch GET 200 https://registry.npmjs.org/send 28ms (cache miss)
243 silly packumentCache full:https://registry.npmjs.org/send set size:undefined disposed:false
244 silly fetch manifest parseurl@^1.3.3
245 silly packumentCache full:https://registry.npmjs.org/parseurl cache-miss
246 http fetch GET 200 https://registry.npmjs.org/fresh 34ms (cache miss)
247 silly packumentCache full:https://registry.npmjs.org/fresh set size:undefined disposed:false
248 silly fetch manifest statuses@^2.0.1
249 silly packumentCache full:https://registry.npmjs.org/statuses cache-miss
250 http fetch GET 200 https://registry.npmjs.org/debug 39ms (cache miss)
251 silly packumentCache full:https://registry.npmjs.org/debug set size:undefined disposed:false
252 silly fetch manifest encodeurl@^2.0.0
253 silly packumentCache full:https://registry.npmjs.org/encodeurl cache-miss
254 http fetch GET 200 https://registry.npmjs.org/accepts 26ms (cache miss)
255 silly packumentCache full:https://registry.npmjs.org/accepts set size:undefined disposed:false
256 silly fetch manifest mime-types@^3.0.0
257 silly packumentCache full:https://registry.npmjs.org/mime-types cache-miss
258 http fetch GET 200 https://registry.npmjs.org/cookie 28ms (cache miss)
259 silly packumentCache full:https://registry.npmjs.org/cookie set size:undefined disposed:false
260 silly fetch manifest proxy-addr@^2.0.7
261 silly packumentCache full:https://registry.npmjs.org/proxy-addr cache-miss
262 http fetch GET 200 https://registry.npmjs.org/router 29ms (cache miss)
263 silly packumentCache full:https://registry.npmjs.org/router set size:undefined disposed:false
264 silly fetch manifest body-parser@^2.2.1
265 silly packumentCache full:https://registry.npmjs.org/body-parser cache-miss
266 http fetch GET 200 https://registry.npmjs.org/type-is 27ms (cache miss)
267 silly packumentCache full:https://registry.npmjs.org/type-is set size:undefined disposed:false
268 silly fetch manifest escape-html@^1.0.3
269 silly packumentCache full:https://registry.npmjs.org/escape-html cache-miss
270 http fetch GET 200 https://registry.npmjs.org/parseurl 34ms (cache miss)
271 silly packumentCache full:https://registry.npmjs.org/parseurl set size:undefined disposed:false
272 silly fetch manifest http-errors@^2.0.0
273 silly packumentCache full:https://registry.npmjs.org/http-errors cache-miss
274 http fetch GET 200 https://registry.npmjs.org/proxy-addr 22ms (cache miss)
275 silly packumentCache full:https://registry.npmjs.org/proxy-addr set size:undefined disposed:false
276 silly fetch manifest on-finished@^2.4.1
277 silly packumentCache full:https://registry.npmjs.org/on-finished cache-miss
278 http fetch GET 200 https://registry.npmjs.org/statuses 28ms (cache miss)
279 silly packumentCache full:https://registry.npmjs.org/statuses set size:undefined disposed:false
280 silly fetch manifest finalhandler@^2.1.0
281 silly packumentCache full:https://registry.npmjs.org/finalhandler cache-miss
282 http fetch GET 200 https://registry.npmjs.org/escape-html 21ms (cache miss)
283 silly packumentCache full:https://registry.npmjs.org/escape-html set size:undefined disposed:false
284 silly fetch manifest range-parser@^1.2.1
285 silly packumentCache full:https://registry.npmjs.org/range-parser cache-miss
286 http fetch GET 200 https://registry.npmjs.org/mime-types 28ms (cache miss)
287 silly packumentCache full:https://registry.npmjs.org/mime-types set size:undefined disposed:false
288 silly fetch manifest serve-static@^2.2.0
289 silly packumentCache full:https://registry.npmjs.org/serve-static cache-miss
290 http fetch GET 200 https://registry.npmjs.org/encodeurl 31ms (cache miss)
291 silly packumentCache full:https://registry.npmjs.org/encodeurl set size:undefined disposed:false
292 silly fetch manifest cookie-signature@^1.2.1
293 silly packumentCache full:https://registry.npmjs.org/cookie-signature cache-miss
294 http fetch GET 200 https://registry.npmjs.org/body-parser 28ms (cache miss)
295 silly packumentCache full:https://registry.npmjs.org/body-parser set size:undefined disposed:false
296 silly fetch manifest merge-descriptors@^2.0.0
297 silly packumentCache full:https://registry.npmjs.org/merge-descriptors cache-miss
298 http fetch GET 200 https://registry.npmjs.org/on-finished 39ms (cache miss)
299 silly packumentCache full:https://registry.npmjs.org/on-finished set size:undefined disposed:false
300 silly fetch manifest content-disposition@^1.0.0
301 silly packumentCache full:https://registry.npmjs.org/content-disposition cache-miss
302 http fetch GET 200 https://registry.npmjs.org/range-parser 35ms (cache miss)
303 silly packumentCache full:https://registry.npmjs.org/range-parser set size:undefined disposed:false
304 silly fetch manifest ip-address@^10.2.0
305 silly packumentCache full:https://registry.npmjs.org/ip-address cache-miss
306 http fetch GET 200 https://registry.npmjs.org/finalhandler 40ms (cache miss)
307 silly packumentCache full:https://registry.npmjs.org/finalhandler set size:undefined disposed:false
308 silly fetch manifest bytes@~3.1.2
309 silly packumentCache full:https://registry.npmjs.org/bytes cache-miss
310 http fetch GET 200 https://registry.npmjs.org/http-errors 46ms (cache miss)
311 silly packumentCache full:https://registry.npmjs.org/http-errors set size:undefined disposed:false
312 silly fetch manifest unpipe@~1.0.0
313 silly packumentCache full:https://registry.npmjs.org/unpipe cache-miss
314 http fetch GET 200 https://registry.npmjs.org/merge-descriptors 36ms (cache miss)
315 silly packumentCache full:https://registry.npmjs.org/merge-descriptors set size:undefined disposed:false
316 silly fetch manifest iconv-lite@~0.7.0
317 silly packumentCache full:https://registry.npmjs.org/iconv-lite cache-miss
318 http fetch GET 200 https://registry.npmjs.org/cookie-signature 39ms (cache miss)
319 silly packumentCache full:https://registry.npmjs.org/cookie-signature set size:undefined disposed:false
320 silly fetch manifest http-errors@~2.0.1
321 silly packumentCache full:https://registry.npmjs.org/http-errors cache-miss
322 http fetch GET 200 https://registry.npmjs.org/serve-static 41ms (cache miss)
323 silly packumentCache full:https://registry.npmjs.org/serve-static set size:undefined disposed:false
324 http cache https://registry.npmjs.org/http-errors 1ms (cache hit)
325 silly packumentCache full:https://registry.npmjs.org/http-errors set size:71987 disposed:false
326 http fetch GET 200 https://registry.npmjs.org/unpipe 164ms (cache miss)
327 silly packumentCache full:https://registry.npmjs.org/unpipe set size:undefined disposed:false
328 http fetch GET 200 https://registry.npmjs.org/bytes 167ms (cache miss)
329 silly packumentCache full:https://registry.npmjs.org/bytes set size:undefined disposed:false
330 http fetch GET 200 https://registry.npmjs.org/content-disposition 169ms (cache miss)
331 silly packumentCache full:https://registry.npmjs.org/content-disposition set size:undefined disposed:false
332 http fetch GET 200 https://registry.npmjs.org/ip-address 170ms (cache miss)
333 silly packumentCache full:https://registry.npmjs.org/ip-address set size:undefined disposed:false
334 http fetch GET 200 https://registry.npmjs.org/iconv-lite 166ms (cache miss)
335 silly packumentCache full:https://registry.npmjs.org/iconv-lite set size:undefined disposed:false
336 silly placeDep ROOT @types/node@25.9.1 OK for: @types/cors@2.8.19 want: *
337 silly fetch manifest undici-types@>=7.24.0 <7.24.7
338 silly packumentCache full:https://registry.npmjs.org/undici-types cache-miss
339 http fetch GET 200 https://registry.npmjs.org/undici-types 153ms (cache miss)
340 silly packumentCache full:https://registry.npmjs.org/undici-types set size:undefined disposed:false
341 silly placeDep ROOT @types/body-parser@1.19.6 OK for: @types/express@5.0.6 want: *
342 silly placeDep ROOT @types/express-serve-static-core@5.1.1 OK for: @types/express@5.0.6 want: ^5.0.0
343 silly placeDep ROOT @types/serve-static@2.2.0 OK for: @types/express@5.0.6 want: ^2
344 silly fetch manifest @types/connect@*
345 silly packumentCache full:https://registry.npmjs.org/@types%2fconnect cache-miss
346 silly fetch manifest @types/qs@*
347 silly packumentCache full:https://registry.npmjs.org/@types%2fqs cache-miss
348 silly fetch manifest @types/send@*
349 silly packumentCache full:https://registry.npmjs.org/@types%2fsend cache-miss
350 silly fetch manifest @types/range-parser@*
351 silly packumentCache full:https://registry.npmjs.org/@types%2frange-parser cache-miss
352 silly fetch manifest @types/http-errors@*
353 silly packumentCache full:https://registry.npmjs.org/@types%2fhttp-errors cache-miss
354 http fetch GET 200 https://registry.npmjs.org/@types%2frange-parser 174ms (cache miss)
355 silly packumentCache full:https://registry.npmjs.org/@types%2frange-parser set size:undefined disposed:false
356 http fetch GET 200 https://registry.npmjs.org/@types%2fsend 176ms (cache miss)
357 silly packumentCache full:https://registry.npmjs.org/@types%2fsend set size:undefined disposed:false
358 http fetch GET 200 https://registry.npmjs.org/@types%2fconnect 177ms (cache miss)
359 silly packumentCache full:https://registry.npmjs.org/@types%2fconnect set size:undefined disposed:false
360 http fetch GET 200 https://registry.npmjs.org/@types%2fhttp-errors 177ms (cache miss)
361 silly packumentCache full:https://registry.npmjs.org/@types%2fhttp-errors set size:undefined disposed:false
362 http fetch GET 200 https://registry.npmjs.org/@types%2fqs 179ms (cache miss)
363 silly packumentCache full:https://registry.npmjs.org/@types%2fqs set size:undefined disposed:false
364 silly placeDep ROOT @types/connect@3.4.38 OK for: @types/body-parser@1.19.6 want: *
365 silly placeDep ROOT @types/qs@6.15.1 OK for: @types/express-serve-static-core@5.1.1 want: *
366 silly placeDep ROOT @types/range-parser@1.2.7 OK for: @types/express-serve-static-core@5.1.1 want: *
367 silly placeDep ROOT @types/send@1.2.1 OK for: @types/express-serve-static-core@5.1.1 want: *
368 silly placeDep ROOT undici-types@7.24.6 OK for: @types/node@25.9.1 want: >=7.24.0 <7.24.7
369 silly placeDep ROOT @types/http-errors@2.0.5 OK for: @types/serve-static@2.2.0 want: *
370 silly placeDep ROOT fast-deep-equal@3.1.3 OK for: ajv@8.20.0 want: ^3.1.3
371 silly placeDep ROOT fast-uri@3.1.2 OK for: ajv@8.20.0 want: ^3.0.1
372 silly placeDep ROOT json-schema-traverse@1.0.0 OK for: ajv@8.20.0 want: ^1.0.0
373 silly placeDep ROOT require-from-string@2.0.2 OK for: ajv@8.20.0 want: ^2.0.2
374 silly placeDep ROOT object-assign@4.1.1 OK for: cors@2.8.6 want: ^4
375 silly placeDep ROOT vary@1.1.2 OK for: cors@2.8.6 want: ^1
376 silly placeDep ROOT path-key@3.1.1 OK for: cross-spawn@7.0.6 want: ^3.1.0
377 silly placeDep ROOT shebang-command@2.0.0 OK for: cross-spawn@7.0.6 want: ^2.0.0
378 silly placeDep ROOT which@2.0.2 OK for: cross-spawn@7.0.6 want: ^2.0.1
379 silly fetch manifest shebang-regex@^3.0.0
380 silly packumentCache full:https://registry.npmjs.org/shebang-regex cache-miss
381 silly fetch manifest isexe@^2.0.0
382 silly packumentCache full:https://registry.npmjs.org/isexe cache-miss
383 http fetch GET 200 https://registry.npmjs.org/isexe 169ms (cache miss)
384 silly packumentCache full:https://registry.npmjs.org/isexe set size:undefined disposed:false
385 http fetch GET 200 https://registry.npmjs.org/shebang-regex 170ms (cache miss)
386 silly packumentCache full:https://registry.npmjs.org/shebang-regex set size:undefined disposed:false
387 silly placeDep ROOT accepts@2.0.0 OK for: express@5.2.1 want: ^2.0.0
388 silly placeDep ROOT body-parser@2.2.2 OK for: express@5.2.1 want: ^2.2.1
389 silly placeDep ROOT content-disposition@1.1.0 OK for: express@5.2.1 want: ^1.0.0
390 silly placeDep ROOT cookie@0.7.2 OK for: express@5.2.1 want: ^0.7.1
391 silly placeDep ROOT cookie-signature@1.2.2 OK for: express@5.2.1 want: ^1.2.1
392 silly placeDep ROOT debug@4.4.3 OK for: express@5.2.1 want: ^4.4.0
393 silly placeDep ROOT depd@2.0.0 OK for: express@5.2.1 want: ^2.0.0
394 silly placeDep ROOT encodeurl@2.0.0 OK for: express@5.2.1 want: ^2.0.0
395 silly placeDep ROOT escape-html@1.0.3 OK for: express@5.2.1 want: ^1.0.3
396 silly placeDep ROOT etag@1.8.1 OK for: express@5.2.1 want: ^1.8.1
397 silly placeDep ROOT finalhandler@2.1.1 OK for: express@5.2.1 want: ^2.1.0
398 silly placeDep ROOT fresh@2.0.0 OK for: express@5.2.1 want: ^2.0.0
399 silly placeDep ROOT http-errors@2.0.1 OK for: express@5.2.1 want: ^2.0.0
400 silly placeDep ROOT merge-descriptors@2.0.0 OK for: express@5.2.1 want: ^2.0.0
401 silly placeDep ROOT mime-types@3.0.2 OK for: express@5.2.1 want: ^3.0.0
402 silly placeDep ROOT on-finished@2.4.1 OK for: express@5.2.1 want: ^2.4.1
403 silly placeDep ROOT once@1.4.0 OK for: express@5.2.1 want: ^1.4.0
404 silly placeDep ROOT parseurl@1.3.3 OK for: express@5.2.1 want: ^1.3.3
405 silly placeDep ROOT proxy-addr@2.0.7 OK for: express@5.2.1 want: ^2.0.7
406 silly placeDep ROOT qs@6.15.2 OK for: express@5.2.1 want: ^6.14.0
407 silly placeDep ROOT range-parser@1.2.1 OK for: express@5.2.1 want: ^1.2.1
408 silly placeDep ROOT router@2.2.0 OK for: express@5.2.1 want: ^2.2.0
409 silly placeDep ROOT send@1.2.1 OK for: express@5.2.1 want: ^1.1.0
410 silly placeDep ROOT serve-static@2.2.1 OK for: express@5.2.1 want: ^2.2.0
411 silly placeDep ROOT statuses@2.0.2 OK for: express@5.2.1 want: ^2.0.1
412 silly placeDep ROOT type-is@2.1.0 OK for: express@5.2.1 want: ^2.0.1
413 silly fetch manifest negotiator@^1.0.0
414 silly packumentCache full:https://registry.npmjs.org/negotiator cache-miss
415 silly fetch manifest qs@^6.14.1
416 silly packumentCache full:https://registry.npmjs.org/qs cache-miss
417 silly fetch manifest bytes@^3.1.2
418 silly packumentCache full:https://registry.npmjs.org/bytes cache-miss
419 silly fetch manifest debug@^4.4.3
420 silly packumentCache full:https://registry.npmjs.org/debug cache-miss
421 silly fetch manifest iconv-lite@^0.7.0
422 silly packumentCache full:https://registry.npmjs.org/iconv-lite cache-miss
423 silly fetch manifest ms@^2.1.3
424 silly packumentCache full:https://registry.npmjs.org/ms cache-miss
425 silly fetch manifest inherits@~2.0.4
426 silly packumentCache full:https://registry.npmjs.org/inherits cache-miss
427 http cache https://registry.npmjs.org/debug 3ms (cache hit)
428 silly packumentCache full:https://registry.npmjs.org/debug set size:195840 disposed:false
429 silly fetch manifest setprototypeof@~1.2.0
430 silly packumentCache full:https://registry.npmjs.org/setprototypeof cache-miss
431 http cache https://registry.npmjs.org/qs 5ms (cache hit)
432 silly packumentCache full:https://registry.npmjs.org/qs set size:356906 disposed:false
433 silly fetch manifest statuses@~2.0.2
434 silly packumentCache full:https://registry.npmjs.org/statuses cache-miss
435 http cache https://registry.npmjs.org/bytes 8ms (cache hit)
436 silly packumentCache full:https://registry.npmjs.org/bytes set size:37018 disposed:false
437 silly fetch manifest toidentifier@~1.0.1
438 silly packumentCache full:https://registry.npmjs.org/toidentifier cache-miss
439 http cache https://registry.npmjs.org/iconv-lite 9ms (cache hit)
440 silly packumentCache full:https://registry.npmjs.org/iconv-lite set size:120557 disposed:false
441 silly fetch manifest mime-db@^1.54.0
442 silly packumentCache full:https://registry.npmjs.org/mime-db cache-miss
443 http cache https://registry.npmjs.org/statuses 3ms (cache hit)
444 silly packumentCache full:https://registry.npmjs.org/statuses set size:37117 disposed:false
445 silly fetch manifest ee-first@1.1.1
446 silly packumentCache full:https://registry.npmjs.org/ee-first cache-miss
447 http fetch GET 200 https://registry.npmjs.org/inherits 148ms (cache miss)
448 silly packumentCache full:https://registry.npmjs.org/inherits set size:undefined disposed:false
449 silly fetch manifest wrappy@1
450 silly packumentCache full:https://registry.npmjs.org/wrappy cache-miss
451 http fetch GET 200 https://registry.npmjs.org/setprototypeof 146ms (cache miss)
452 silly packumentCache full:https://registry.npmjs.org/setprototypeof set size:undefined disposed:false
453 silly fetch manifest forwarded@0.2.0
454 silly packumentCache full:https://registry.npmjs.org/forwarded cache-miss
455 http fetch GET 200 https://registry.npmjs.org/negotiator 152ms (cache miss)
456 silly packumentCache full:https://registry.npmjs.org/negotiator set size:undefined disposed:false
457 silly fetch manifest ipaddr.js@1.9.1
458 silly packumentCache full:https://registry.npmjs.org/ipaddr.js cache-miss
459 http fetch GET 200 https://registry.npmjs.org/toidentifier 146ms (cache miss)
460 silly packumentCache full:https://registry.npmjs.org/toidentifier set size:undefined disposed:false
461 silly fetch manifest side-channel@^1.1.0
462 silly packumentCache full:https://registry.npmjs.org/side-channel cache-miss
463 http fetch GET 200 https://registry.npmjs.org/ee-first 144ms (cache miss)
464 silly packumentCache full:https://registry.npmjs.org/ee-first set size:undefined disposed:false
465 silly fetch manifest is-promise@^4.0.0
466 silly packumentCache full:https://registry.npmjs.org/is-promise cache-miss
467 http fetch GET 200 https://registry.npmjs.org/ms 156ms (cache miss)
468 silly packumentCache full:https://registry.npmjs.org/ms set size:undefined disposed:false
469 silly fetch manifest path-to-regexp@^8.0.0
470 silly packumentCache full:https://registry.npmjs.org/path-to-regexp cache-miss
471 http fetch GET 200 https://registry.npmjs.org/mime-db 149ms (cache miss)
472 silly packumentCache full:https://registry.npmjs.org/mime-db set size:undefined disposed:false
473 silly fetch manifest statuses@^2.0.2
474 silly packumentCache full:https://registry.npmjs.org/statuses cache-hit
475 silly fetch manifest content-type@^2.0.0
476 silly packumentCache full:https://registry.npmjs.org/content-type cache-miss
477 http cache https://registry.npmjs.org/content-type 1ms (cache hit)
478 silly packumentCache full:https://registry.npmjs.org/content-type set size:18994 disposed:false
479 silly fetch manifest media-typer@^1.1.0
480 silly packumentCache full:https://registry.npmjs.org/media-typer cache-miss
481 http fetch GET 200 https://registry.npmjs.org/is-promise 161ms (cache miss)
482 silly packumentCache full:https://registry.npmjs.org/is-promise set size:undefined disposed:false
483 http fetch GET 200 https://registry.npmjs.org/wrappy 168ms (cache miss)
484 silly packumentCache full:https://registry.npmjs.org/wrappy set size:undefined disposed:false
485 http fetch GET 200 https://registry.npmjs.org/forwarded 168ms (cache miss)
486 silly packumentCache full:https://registry.npmjs.org/forwarded set size:undefined disposed:false
487 http fetch GET 200 https://registry.npmjs.org/side-channel 164ms (cache miss)
488 silly packumentCache full:https://registry.npmjs.org/side-channel set size:undefined disposed:false
489 http fetch GET 200 https://registry.npmjs.org/media-typer 159ms (cache miss)
490 silly packumentCache full:https://registry.npmjs.org/media-typer set size:undefined disposed:false
491 http fetch GET 200 https://registry.npmjs.org/ipaddr.js 168ms (cache miss)
492 silly packumentCache full:https://registry.npmjs.org/ipaddr.js set size:undefined disposed:false
493 http fetch GET 200 https://registry.npmjs.org/path-to-regexp 166ms (cache miss)
494 silly packumentCache full:https://registry.npmjs.org/path-to-regexp set size:undefined disposed:false
495 silly placeDep ROOT negotiator@1.0.0 OK for: accepts@2.0.0 want: ^1.0.0
496 silly placeDep ROOT bytes@3.1.2 OK for: body-parser@2.2.2 want: ^3.1.2
497 silly placeDep ROOT iconv-lite@0.7.2 OK for: body-parser@2.2.2 want: ^0.7.0
498 silly fetch manifest safer-buffer@>= 2.1.2 < 3.0.0
499 silly packumentCache full:https://registry.npmjs.org/safer-buffer cache-miss
500 http fetch GET 200 https://registry.npmjs.org/safer-buffer 156ms (cache miss)
501 silly packumentCache full:https://registry.npmjs.org/safer-buffer set size:undefined disposed:false
502 silly placeDep ROOT ms@2.1.3 OK for: debug@4.4.3 want: ^2.1.3
503 silly placeDep ROOT ip-address@10.2.0 OK for: express-rate-limit@8.5.2 want: ^10.2.0
504 silly placeDep ROOT inherits@2.0.4 OK for: http-errors@2.0.1 want: ~2.0.4
505 silly placeDep ROOT setprototypeof@1.2.0 OK for: http-errors@2.0.1 want: ~1.2.0
506 silly placeDep ROOT toidentifier@1.0.1 OK for: http-errors@2.0.1 want: ~1.0.1
507 silly placeDep ROOT safer-buffer@2.1.2 OK for: iconv-lite@0.7.2 want: >= 2.1.2 < 3.0.0
508 silly placeDep ROOT mime-db@1.54.0 OK for: mime-types@3.0.2 want: ^1.54.0
509 silly placeDep ROOT ee-first@1.1.1 OK for: on-finished@2.4.1 want: 1.1.1
510 silly placeDep ROOT wrappy@1.0.2 OK for: once@1.4.0 want: 1
511 silly placeDep ROOT default-browser@5.5.0 OK for: open@10.2.0 want: ^5.2.1
512 silly placeDep ROOT define-lazy-prop@3.0.0 OK for: open@10.2.0 want: ^3.0.0
513 silly placeDep ROOT is-inside-container@1.0.0 OK for: open@10.2.0 want: ^1.0.0
514 silly placeDep ROOT wsl-utils@0.1.0 OK for: open@10.2.0 want: ^0.1.0
515 silly fetch manifest bundle-name@^4.1.0
516 silly packumentCache full:https://registry.npmjs.org/bundle-name cache-miss
517 silly fetch manifest default-browser-id@^5.0.0
518 silly packumentCache full:https://registry.npmjs.org/default-browser-id cache-miss
519 silly fetch manifest is-docker@^3.0.0
520 silly packumentCache full:https://registry.npmjs.org/is-docker cache-miss
521 silly fetch manifest is-wsl@^3.1.0
522 silly packumentCache full:https://registry.npmjs.org/is-wsl cache-miss
523 http fetch GET 200 https://registry.npmjs.org/is-wsl 26ms (cache miss)
524 silly packumentCache full:https://registry.npmjs.org/is-wsl set size:undefined disposed:false
525 http fetch GET 200 https://registry.npmjs.org/default-browser-id 26ms (cache miss)
526 silly packumentCache full:https://registry.npmjs.org/default-browser-id set size:undefined disposed:false
527 http fetch GET 200 https://registry.npmjs.org/bundle-name 29ms (cache miss)
528 silly packumentCache full:https://registry.npmjs.org/bundle-name set size:undefined disposed:false
529 http fetch GET 200 https://registry.npmjs.org/is-docker 168ms (cache miss)
530 silly packumentCache full:https://registry.npmjs.org/is-docker set size:undefined disposed:false
531 silly placeDep ROOT bundle-name@4.1.0 OK for: default-browser@5.5.0 want: ^4.1.0
532 silly placeDep ROOT default-browser-id@5.0.1 OK for: default-browser@5.5.0 want: ^5.0.0
533 silly fetch manifest run-applescript@^7.0.0
534 silly packumentCache full:https://registry.npmjs.org/run-applescript cache-miss
535 http fetch GET 200 https://registry.npmjs.org/run-applescript 182ms (cache miss)
536 silly packumentCache full:https://registry.npmjs.org/run-applescript set size:undefined disposed:false
537 silly placeDep ROOT run-applescript@7.1.0 OK for: bundle-name@4.1.0 want: ^7.0.0
538 silly placeDep ROOT is-docker@3.0.0 OK for: is-inside-container@1.0.0 want: ^3.0.0
539 silly placeDep ROOT forwarded@0.2.0 OK for: proxy-addr@2.0.7 want: 0.2.0
540 silly placeDep ROOT ipaddr.js@1.9.1 OK for: proxy-addr@2.0.7 want: 1.9.1
541 silly placeDep ROOT side-channel@1.1.0 OK for: qs@6.15.2 want: ^1.1.0
542 silly fetch manifest es-errors@^1.3.0
543 silly packumentCache full:https://registry.npmjs.org/es-errors cache-miss
544 silly fetch manifest object-inspect@^1.13.3
545 silly packumentCache full:https://registry.npmjs.org/object-inspect cache-miss
546 silly fetch manifest side-channel-list@^1.0.0
547 silly packumentCache full:https://registry.npmjs.org/side-channel-list cache-miss
548 silly fetch manifest side-channel-map@^1.0.1
549 silly packumentCache full:https://registry.npmjs.org/side-channel-map cache-miss
550 silly fetch manifest side-channel-weakmap@^1.0.2
551 silly packumentCache full:https://registry.npmjs.org/side-channel-weakmap cache-miss
552 http fetch GET 200 https://registry.npmjs.org/side-channel-list 176ms (cache miss)
553 silly packumentCache full:https://registry.npmjs.org/side-channel-list set size:undefined disposed:false
554 http fetch GET 200 https://registry.npmjs.org/es-errors 177ms (cache miss)
555 silly packumentCache full:https://registry.npmjs.org/es-errors set size:undefined disposed:false
556 http fetch GET 200 https://registry.npmjs.org/side-channel-map 177ms (cache miss)
557 silly packumentCache full:https://registry.npmjs.org/side-channel-map set size:undefined disposed:false
558 http fetch GET 200 https://registry.npmjs.org/side-channel-weakmap 177ms (cache miss)
559 silly packumentCache full:https://registry.npmjs.org/side-channel-weakmap set size:undefined disposed:false
560 http fetch GET 200 https://registry.npmjs.org/object-inspect 180ms (cache miss)
561 silly packumentCache full:https://registry.npmjs.org/object-inspect set size:undefined disposed:false
562 silly placeDep ROOT unpipe@1.0.0 OK for: raw-body@3.0.2 want: ~1.0.0
563 silly placeDep ROOT is-promise@4.0.0 OK for: router@2.2.0 want: ^4.0.0
564 silly placeDep ROOT path-to-regexp@8.4.2 OK for: router@2.2.0 want: ^8.0.0
565 silly placeDep ROOT shebang-regex@3.0.0 OK for: shebang-command@2.0.0 want: ^3.0.0
566 silly placeDep ROOT es-errors@1.3.0 OK for: side-channel@1.1.0 want: ^1.3.0
567 silly placeDep ROOT object-inspect@1.13.4 OK for: side-channel@1.1.0 want: ^1.13.3
568 silly placeDep ROOT side-channel-list@1.0.1 OK for: side-channel@1.1.0 want: ^1.0.0
569 silly placeDep ROOT side-channel-map@1.0.1 OK for: side-channel@1.1.0 want: ^1.0.1
570 silly placeDep ROOT side-channel-weakmap@1.0.2 OK for: side-channel@1.1.0 want: ^1.0.2
571 silly fetch manifest call-bound@^1.0.2
572 silly packumentCache full:https://registry.npmjs.org/call-bound cache-miss
573 silly fetch manifest get-intrinsic@^1.2.5
574 silly packumentCache full:https://registry.npmjs.org/get-intrinsic cache-miss
575 silly fetch manifest call-bound@^1.0.2
576 silly packumentCache full:https://registry.npmjs.org/call-bound cache-miss
577 silly fetch manifest get-intrinsic@^1.2.5
578 silly packumentCache full:https://registry.npmjs.org/get-intrinsic cache-miss
579 http fetch GET 200 https://registry.npmjs.org/call-bound 112ms (cache miss)
580 silly packumentCache full:https://registry.npmjs.org/call-bound set size:undefined disposed:false
581 http fetch GET 200 https://registry.npmjs.org/call-bound 113ms (cache miss)
582 silly packumentCache full:https://registry.npmjs.org/call-bound set size:undefined disposed:false
583 http fetch GET 200 https://registry.npmjs.org/get-intrinsic 115ms (cache miss)
584 silly packumentCache full:https://registry.npmjs.org/get-intrinsic set size:undefined disposed:false
585 http fetch GET 200 https://registry.npmjs.org/get-intrinsic 116ms (cache miss)
586 silly packumentCache full:https://registry.npmjs.org/get-intrinsic set size:undefined disposed:false
587 silly placeDep ROOT call-bound@1.0.4 OK for: side-channel-map@1.0.1 want: ^1.0.2
588 silly placeDep ROOT get-intrinsic@1.3.0 OK for: side-channel-map@1.0.1 want: ^1.2.5
589 silly fetch manifest call-bind-apply-helpers@^1.0.2
590 silly packumentCache full:https://registry.npmjs.org/call-bind-apply-helpers cache-miss
591 silly fetch manifest get-intrinsic@^1.3.0
592 silly packumentCache full:https://registry.npmjs.org/get-intrinsic cache-miss
593 silly fetch manifest gopd@^1.2.0
594 silly packumentCache full:https://registry.npmjs.org/gopd cache-miss
595 silly fetch manifest hasown@^2.0.2
596 silly packumentCache full:https://registry.npmjs.org/hasown cache-miss
597 silly fetch manifest get-proto@^1.0.1
598 silly packumentCache full:https://registry.npmjs.org/get-proto cache-miss
599 silly fetch manifest has-symbols@^1.1.0
600 silly packumentCache full:https://registry.npmjs.org/has-symbols cache-miss
601 silly fetch manifest function-bind@^1.1.2
602 silly packumentCache full:https://registry.npmjs.org/function-bind cache-miss
603 http cache https://registry.npmjs.org/get-intrinsic 4ms (cache hit)
604 silly packumentCache full:https://registry.npmjs.org/get-intrinsic set size:60985 disposed:false
605 silly fetch manifest es-object-atoms@^1.1.1
606 silly packumentCache full:https://registry.npmjs.org/es-object-atoms cache-miss
607 http fetch GET 200 https://registry.npmjs.org/get-proto 70ms (cache miss)
608 silly packumentCache full:https://registry.npmjs.org/get-proto set size:undefined disposed:false
609 silly fetch manifest math-intrinsics@^1.1.0
610 silly packumentCache full:https://registry.npmjs.org/math-intrinsics cache-miss
611 http fetch GET 200 https://registry.npmjs.org/function-bind 70ms (cache miss)
612 silly packumentCache full:https://registry.npmjs.org/function-bind set size:undefined disposed:false
613 silly fetch manifest es-define-property@^1.0.1
614 silly packumentCache full:https://registry.npmjs.org/es-define-property cache-miss
615 http fetch GET 200 https://registry.npmjs.org/gopd 72ms (cache miss)
616 silly packumentCache full:https://registry.npmjs.org/gopd set size:undefined disposed:false
617 silly fetch manifest call-bind-apply-helpers@^1.0.2
618 silly packumentCache full:https://registry.npmjs.org/call-bind-apply-helpers cache-miss
619 http fetch GET 200 https://registry.npmjs.org/call-bind-apply-helpers 73ms (cache miss)
620 silly packumentCache full:https://registry.npmjs.org/call-bind-apply-helpers set size:undefined disposed:false
621 http fetch GET 200 https://registry.npmjs.org/hasown 74ms (cache miss)
622 silly packumentCache full:https://registry.npmjs.org/hasown set size:undefined disposed:false
623 http fetch GET 200 https://registry.npmjs.org/has-symbols 74ms (cache miss)
624 silly packumentCache full:https://registry.npmjs.org/has-symbols set size:undefined disposed:false
625 http cache https://registry.npmjs.org/call-bind-apply-helpers 2ms (cache hit)
626 silly packumentCache full:https://registry.npmjs.org/call-bind-apply-helpers set size:12744 disposed:false
627 http fetch GET 200 https://registry.npmjs.org/es-object-atoms 188ms (cache miss)
628 silly packumentCache full:https://registry.npmjs.org/es-object-atoms set size:undefined disposed:false
629 http fetch GET 200 https://registry.npmjs.org/es-define-property 137ms (cache miss)
630 silly packumentCache full:https://registry.npmjs.org/es-define-property set size:undefined disposed:false
631 http fetch GET 200 https://registry.npmjs.org/math-intrinsics 139ms (cache miss)
632 silly packumentCache full:https://registry.npmjs.org/math-intrinsics set size:undefined disposed:false
633 silly placeDep ROOT call-bind-apply-helpers@1.0.2 OK for: call-bound@1.0.4 want: ^1.0.2
634 silly placeDep ROOT function-bind@1.1.2 OK for: call-bind-apply-helpers@1.0.2 want: ^1.1.2
635 silly placeDep ROOT es-define-property@1.0.1 OK for: get-intrinsic@1.3.0 want: ^1.0.1
636 silly placeDep ROOT es-object-atoms@1.1.2 OK for: get-intrinsic@1.3.0 want: ^1.1.1
637 silly placeDep ROOT get-proto@1.0.1 OK for: get-intrinsic@1.3.0 want: ^1.0.1
638 silly placeDep ROOT gopd@1.2.0 OK for: get-intrinsic@1.3.0 want: ^1.2.0
639 silly placeDep ROOT has-symbols@1.1.0 OK for: get-intrinsic@1.3.0 want: ^1.1.0
640 silly placeDep ROOT hasown@2.0.4 OK for: get-intrinsic@1.3.0 want: ^2.0.2
641 silly placeDep ROOT math-intrinsics@1.1.0 OK for: get-intrinsic@1.3.0 want: ^1.1.0
642 silly fetch manifest dunder-proto@^1.0.1
643 silly packumentCache full:https://registry.npmjs.org/dunder-proto cache-miss
644 http fetch GET 200 https://registry.npmjs.org/dunder-proto 154ms (cache miss)
645 silly packumentCache full:https://registry.npmjs.org/dunder-proto set size:undefined disposed:false
646 silly placeDep ROOT dunder-proto@1.0.1 OK for: get-proto@1.0.1 want: ^1.0.1
647 silly placeDep node_modules/type-is content-type@2.0.0 OK for: type-is@2.1.0 want: ^2.0.0
648 silly placeDep ROOT media-typer@1.1.0 OK for: type-is@2.1.0 want: ^1.1.0
649 silly placeDep ROOT isexe@2.0.0 OK for: which@2.0.2 want: ^2.0.0
650 silly placeDep ROOT is-wsl@3.1.1 OK for: wsl-utils@0.1.0 want: ^3.1.0
651 silly reify moves {}
652 silly audit bulk request {
652 silly audit   '@21st-dev/magic': [ '0.1.0' ],
652 silly audit   '@modelcontextprotocol/sdk': [ '1.29.0' ],
652 silly audit   '@types/cors': [ '2.8.19' ],
652 silly audit   '@types/express': [ '5.0.6' ],
652 silly audit   cors: [ '2.8.6' ],
652 silly audit   open: [ '10.2.0' ],
652 silly audit   zod: [ '3.25.76' ],
652 silly audit   '@hono/node-server': [ '1.19.14' ],
652 silly audit   hono: [ '4.12.23' ],
652 silly audit   ajv: [ '8.20.0' ],
652 silly audit   'ajv-formats': [ '3.0.1' ],
652 silly audit   'content-type': [ '1.0.5', '2.0.0' ],
652 silly audit   'cross-spawn': [ '7.0.6' ],
652 silly audit   eventsource: [ '3.0.7' ],
652 silly audit   'eventsource-parser': [ '3.1.0' ],
652 silly audit   express: [ '5.2.1' ],
652 silly audit   'express-rate-limit': [ '8.5.2' ],
652 silly audit   jose: [ '6.2.3' ],
652 silly audit   'json-schema-typed': [ '8.0.2' ],
652 silly audit   'pkce-challenge': [ '5.0.1' ],
652 silly audit   'raw-body': [ '3.0.2' ],
652 silly audit   'zod-to-json-schema': [ '3.25.2' ],
652 silly audit   '@types/node': [ '25.9.1' ],
652 silly audit   '@types/body-parser': [ '1.19.6' ],
652 silly audit   '@types/express-serve-static-core': [ '5.1.1' ],
652 silly audit   '@types/serve-static': [ '2.2.0' ],
652 silly audit   '@types/connect': [ '3.4.38' ],
652 silly audit   '@types/qs': [ '6.15.1' ],
652 silly audit   '@types/range-parser': [ '1.2.7' ],
652 silly audit   '@types/send': [ '1.2.1' ],
652 silly audit   'undici-types': [ '7.24.6' ],
652 silly audit   '@types/http-errors': [ '2.0.5' ],
652 silly audit   'fast-deep-equal': [ '3.1.3' ],
652 silly audit   'fast-uri': [ '3.1.2' ],
652 silly audit   'json-schema-traverse': [ '1.0.0' ],
652 silly audit   'require-from-string': [ '2.0.2' ],
652 silly audit   'object-assign': [ '4.1.1' ],
652 silly audit   vary: [ '1.1.2' ],
652 silly audit   'path-key': [ '3.1.1' ],
652 silly audit   'shebang-command': [ '2.0.0' ],
652 silly audit   which: [ '2.0.2' ],
652 silly audit   accepts: [ '2.0.0' ],
652 silly audit   'body-parser': [ '2.2.2' ],
652 silly audit   'content-disposition': [ '1.1.0' ],
652 silly audit   cookie: [ '0.7.2' ],
652 silly audit   'cookie-signature': [ '1.2.2' ],
652 silly audit   debug: [ '4.4.3' ],
652 silly audit   depd: [ '2.0.0' ],
652 silly audit   encodeurl: [ '2.0.0' ],
652 silly audit   'escape-html': [ '1.0.3' ],
652 silly audit   etag: [ '1.8.1' ],
652 silly audit   finalhandler: [ '2.1.1' ],
652 silly audit   fresh: [ '2.0.0' ],
652 silly audit   'http-errors': [ '2.0.1' ],
652 silly audit   'merge-descriptors': [ '2.0.0' ],
652 silly audit   'mime-types': [ '3.0.2' ],
652 silly audit   'on-finished': [ '2.4.1' ],
652 silly audit   once: [ '1.4.0' ],
652 silly audit   parseurl: [ '1.3.3' ],
652 silly audit   'proxy-addr': [ '2.0.7' ],
652 silly audit   qs: [ '6.15.2' ],
652 silly audit   'range-parser': [ '1.2.1' ],
652 silly audit   router: [ '2.2.0' ],
652 silly audit   send: [ '1.2.1' ],
652 silly audit   'serve-static': [ '2.2.1' ],
652 silly audit   statuses: [ '2.0.2' ],
652 silly audit   'type-is': [ '2.1.0' ],
652 silly audit   negotiator: [ '1.0.0' ],
652 silly audit   bytes: [ '3.1.2' ],
652 silly audit   'iconv-lite': [ '0.7.2' ],
652 silly audit   ms: [ '2.1.3' ],
652 silly audit   'ip-address': [ '10.2.0' ],
652 silly audit   inherits: [ '2.0.4' ],
652 silly audit   setprototypeof: [ '1.2.0' ],
652 silly audit   toidentifier: [ '1.0.1' ],
652 silly audit   'safer-buffer': [ '2.1.2' ],
652 silly audit   'mime-db': [ '1.54.0' ],
652 silly audit   'ee-first': [ '1.1.1' ],
652 silly audit   wrappy: [ '1.0.2' ],
652 silly audit   'default-browser': [ '5.5.0' ],
652 silly audit   'define-lazy-prop': [ '3.0.0' ],
652 silly audit   'is-inside-container': [ '1.0.0' ],
652 silly audit   'wsl-utils': [ '0.1.0' ],
652 silly audit   'bundle-name': [ '4.1.0' ],
652 silly audit   'default-browser-id': [ '5.0.1' ],
652 silly audit   'run-applescript': [ '7.1.0' ],
652 silly audit   'is-docker': [ '3.0.0' ],
652 silly audit   forwarded: [ '0.2.0' ],
652 silly audit   'ipaddr.js': [ '1.9.1' ],
652 silly audit   'side-channel': [ '1.1.0' ],
652 silly audit   unpipe: [ '1.0.0' ],
652 silly audit   'is-promise': [ '4.0.0' ],
652 silly audit   'path-to-regexp': [ '8.4.2' ],
652 silly audit   'shebang-regex': [ '3.0.0' ],
652 silly audit   'es-errors': [ '1.3.0' ],
652 silly audit   'object-inspect': [ '1.13.4' ],
652 silly audit   'side-channel-list': [ '1.0.1' ],
652 silly audit   'side-channel-map': [ '1.0.1' ],
652 silly audit   'side-channel-weakmap': [ '1.0.2' ],
652 silly audit   'call-bound': [ '1.0.4' ],
652 silly audit   'get-intrinsic': [ '1.3.0' ],
652 silly audit   'call-bind-apply-helpers': [ '1.0.2' ],
652 silly audit   'function-bind': [ '1.1.2' ],
652 silly audit   'es-define-property': [ '1.0.1' ],
652 silly audit   'es-object-atoms': [ '1.1.2' ],
652 silly audit   'get-proto': [ '1.0.1' ],
652 silly audit   gopd: [ '1.2.0' ],
652 silly audit   'has-symbols': [ '1.1.0' ],
652 silly audit   hasown: [ '2.0.4' ],
652 silly audit   'math-intrinsics': [ '1.1.0' ],
652 silly audit   'dunder-proto': [ '1.0.1' ],
652 silly audit   'media-typer': [ '1.1.0' ],
652 silly audit   isexe: [ '2.0.0' ],
652 silly audit   'is-wsl': [ '3.1.1' ]
652 silly audit }
653 http cache is-wsl@https://registry.npmjs.org/is-wsl/-/is-wsl-3.1.1.tgz 0ms (cache hit)
654 http cache isexe@https://registry.npmjs.org/isexe/-/isexe-2.0.0.tgz 0ms (cache hit)
655 http cache math-intrinsics@https://registry.npmjs.org/math-intrinsics/-/math-intrinsics-1.1.0.tgz 0ms (cache hit)
656 http cache media-typer@https://registry.npmjs.org/media-typer/-/media-typer-1.1.0.tgz 0ms (cache hit)
657 http cache hasown@https://registry.npmjs.org/hasown/-/hasown-2.0.4.tgz 0ms (cache hit)
658 http cache dunder-proto@https://registry.npmjs.org/dunder-proto/-/dunder-proto-1.0.1.tgz 0ms (cache hit)
659 http cache has-symbols@https://registry.npmjs.org/has-symbols/-/has-symbols-1.1.0.tgz 0ms (cache hit)
660 http cache gopd@https://registry.npmjs.org/gopd/-/gopd-1.2.0.tgz 0ms (cache hit)
661 http cache get-proto@https://registry.npmjs.org/get-proto/-/get-proto-1.0.1.tgz 0ms (cache hit)
662 http cache es-object-atoms@https://registry.npmjs.org/es-object-atoms/-/es-object-atoms-1.1.2.tgz 0ms (cache hit)
663 http cache function-bind@https://registry.npmjs.org/function-bind/-/function-bind-1.1.2.tgz 0ms (cache hit)
664 http cache call-bind-apply-helpers@https://registry.npmjs.org/call-bind-apply-helpers/-/call-bind-apply-helpers-1.0.2.tgz 0ms (cache hit)
665 http cache es-define-property@https://registry.npmjs.org/es-define-property/-/es-define-property-1.0.1.tgz 0ms (cache hit)
666 http cache get-intrinsic@https://registry.npmjs.org/get-intrinsic/-/get-intrinsic-1.3.0.tgz 0ms (cache hit)
667 http cache call-bound@https://registry.npmjs.org/call-bound/-/call-bound-1.0.4.tgz 0ms (cache hit)
668 http cache side-channel-weakmap@https://registry.npmjs.org/side-channel-weakmap/-/side-channel-weakmap-1.0.2.tgz 0ms (cache hit)
669 http cache side-channel-map@https://registry.npmjs.org/side-channel-map/-/side-channel-map-1.0.1.tgz 0ms (cache hit)
670 http cache object-inspect@https://registry.npmjs.org/object-inspect/-/object-inspect-1.13.4.tgz 0ms (cache hit)
671 http cache es-errors@https://registry.npmjs.org/es-errors/-/es-errors-1.3.0.tgz 1ms (cache hit)
672 http cache shebang-regex@https://registry.npmjs.org/shebang-regex/-/shebang-regex-3.0.0.tgz 0ms (cache hit)
673 http cache side-channel-list@https://registry.npmjs.org/side-channel-list/-/side-channel-list-1.0.1.tgz 0ms (cache hit)
674 http cache path-to-regexp@https://registry.npmjs.org/path-to-regexp/-/path-to-regexp-8.4.2.tgz 0ms (cache hit)
675 http cache is-promise@https://registry.npmjs.org/is-promise/-/is-promise-4.0.0.tgz 0ms (cache hit)
676 http cache unpipe@https://registry.npmjs.org/unpipe/-/unpipe-1.0.0.tgz 0ms (cache hit)
677 http cache side-channel@https://registry.npmjs.org/side-channel/-/side-channel-1.1.0.tgz 0ms (cache hit)
678 http cache ipaddr.js@https://registry.npmjs.org/ipaddr.js/-/ipaddr.js-1.9.1.tgz 0ms (cache hit)
679 http cache is-docker@https://registry.npmjs.org/is-docker/-/is-docker-3.0.0.tgz 0ms (cache hit)
680 http cache forwarded@https://registry.npmjs.org/forwarded/-/forwarded-0.2.0.tgz 0ms (cache hit)
681 http cache run-applescript@https://registry.npmjs.org/run-applescript/-/run-applescript-7.1.0.tgz 0ms (cache hit)
682 http cache default-browser-id@https://registry.npmjs.org/default-browser-id/-/default-browser-id-5.0.1.tgz 0ms (cache hit)
683 http cache bundle-name@https://registry.npmjs.org/bundle-name/-/bundle-name-4.1.0.tgz 0ms (cache hit)
684 http cache wsl-utils@https://registry.npmjs.org/wsl-utils/-/wsl-utils-0.1.0.tgz 0ms (cache hit)
685 http cache define-lazy-prop@https://registry.npmjs.org/define-lazy-prop/-/define-lazy-prop-3.0.0.tgz 0ms (cache hit)
686 http cache is-inside-container@https://registry.npmjs.org/is-inside-container/-/is-inside-container-1.0.0.tgz 0ms (cache hit)
687 http cache default-browser@https://registry.npmjs.org/default-browser/-/default-browser-5.5.0.tgz 0ms (cache hit)
688 http cache wrappy@https://registry.npmjs.org/wrappy/-/wrappy-1.0.2.tgz 0ms (cache hit)
689 http cache ee-first@https://registry.npmjs.org/ee-first/-/ee-first-1.1.1.tgz 0ms (cache hit)
690 http cache safer-buffer@https://registry.npmjs.org/safer-buffer/-/safer-buffer-2.1.2.tgz 0ms (cache hit)
691 http cache mime-db@https://registry.npmjs.org/mime-db/-/mime-db-1.54.0.tgz 0ms (cache hit)
692 http cache toidentifier@https://registry.npmjs.org/toidentifier/-/toidentifier-1.0.1.tgz 0ms (cache hit)
693 http cache setprototypeof@https://registry.npmjs.org/setprototypeof/-/setprototypeof-1.2.0.tgz 0ms (cache hit)
694 http cache inherits@https://registry.npmjs.org/inherits/-/inherits-2.0.4.tgz 0ms (cache hit)
695 http cache ms@https://registry.npmjs.org/ms/-/ms-2.1.3.tgz 0ms (cache hit)
696 http cache iconv-lite@https://registry.npmjs.org/iconv-lite/-/iconv-lite-0.7.2.tgz 0ms (cache hit)
697 http cache ip-address@https://registry.npmjs.org/ip-address/-/ip-address-10.2.0.tgz 0ms (cache hit)
698 http cache bytes@https://registry.npmjs.org/bytes/-/bytes-3.1.2.tgz 0ms (cache hit)
699 http cache negotiator@https://registry.npmjs.org/negotiator/-/negotiator-1.0.0.tgz 0ms (cache hit)
700 http cache type-is@https://registry.npmjs.org/type-is/-/type-is-2.1.0.tgz 0ms (cache hit)
701 http cache statuses@https://registry.npmjs.org/statuses/-/statuses-2.0.2.tgz 0ms (cache hit)
702 http cache serve-static@https://registry.npmjs.org/serve-static/-/serve-static-2.2.1.tgz 0ms (cache hit)
703 http cache send@https://registry.npmjs.org/send/-/send-1.2.1.tgz 0ms (cache hit)
704 http cache range-parser@https://registry.npmjs.org/range-parser/-/range-parser-1.2.1.tgz 0ms (cache hit)
705 http cache router@https://registry.npmjs.org/router/-/router-2.2.0.tgz 0ms (cache hit)
706 http cache qs@https://registry.npmjs.org/qs/-/qs-6.15.2.tgz 0ms (cache hit)
707 http cache proxy-addr@https://registry.npmjs.org/proxy-addr/-/proxy-addr-2.0.7.tgz 0ms (cache hit)
708 http cache parseurl@https://registry.npmjs.org/parseurl/-/parseurl-1.3.3.tgz 0ms (cache hit)
709 http cache once@https://registry.npmjs.org/once/-/once-1.4.0.tgz 0ms (cache hit)
710 http cache on-finished@https://registry.npmjs.org/on-finished/-/on-finished-2.4.1.tgz 0ms (cache hit)
711 http cache mime-types@https://registry.npmjs.org/mime-types/-/mime-types-3.0.2.tgz 0ms (cache hit)
712 http cache merge-descriptors@https://registry.npmjs.org/merge-descriptors/-/merge-descriptors-2.0.0.tgz 0ms (cache hit)
713 http cache finalhandler@https://registry.npmjs.org/finalhandler/-/finalhandler-2.1.1.tgz 0ms (cache hit)
714 http cache etag@https://registry.npmjs.org/etag/-/etag-1.8.1.tgz 0ms (cache hit)
715 http cache fresh@https://registry.npmjs.org/fresh/-/fresh-2.0.0.tgz 0ms (cache hit)
716 http cache escape-html@https://registry.npmjs.org/escape-html/-/escape-html-1.0.3.tgz 0ms (cache hit)
717 http cache encodeurl@https://registry.npmjs.org/encodeurl/-/encodeurl-2.0.0.tgz 0ms (cache hit)
718 http cache depd@https://registry.npmjs.org/depd/-/depd-2.0.0.tgz 0ms (cache hit)
719 http cache debug@https://registry.npmjs.org/debug/-/debug-4.4.3.tgz 0ms (cache hit)
720 http cache cookie-signature@https://registry.npmjs.org/cookie-signature/-/cookie-signature-1.2.2.tgz 0ms (cache hit)
721 http cache cookie@https://registry.npmjs.org/cookie/-/cookie-0.7.2.tgz 0ms (cache hit)
722 http cache content-disposition@https://registry.npmjs.org/content-disposition/-/content-disposition-1.1.0.tgz 0ms (cache hit)
723 http cache body-parser@https://registry.npmjs.org/body-parser/-/body-parser-2.2.2.tgz 0ms (cache hit)
724 http cache accepts@https://registry.npmjs.org/accepts/-/accepts-2.0.0.tgz 0ms (cache hit)
725 http cache which@https://registry.npmjs.org/which/-/which-2.0.2.tgz 0ms (cache hit)
726 http cache path-key@https://registry.npmjs.org/path-key/-/path-key-3.1.1.tgz 0ms (cache hit)
727 http cache vary@https://registry.npmjs.org/vary/-/vary-1.1.2.tgz 0ms (cache hit)
728 http cache object-assign@https://registry.npmjs.org/object-assign/-/object-assign-4.1.1.tgz 0ms (cache hit)
729 http cache shebang-command@https://registry.npmjs.org/shebang-command/-/shebang-command-2.0.0.tgz 0ms (cache hit)
730 http cache require-from-string@https://registry.npmjs.org/require-from-string/-/require-from-string-2.0.2.tgz 0ms (cache hit)
731 http cache json-schema-traverse@https://registry.npmjs.org/json-schema-traverse/-/json-schema-traverse-1.0.0.tgz 0ms (cache hit)
732 http cache http-errors@https://registry.npmjs.org/http-errors/-/http-errors-2.0.1.tgz 0ms (cache hit)
733 http cache fast-uri@https://registry.npmjs.org/fast-uri/-/fast-uri-3.1.2.tgz 0ms (cache hit)
734 http cache @types/http-errors@https://registry.npmjs.org/@types/http-errors/-/http-errors-2.0.5.tgz 0ms (cache hit)
735 http cache fast-deep-equal@https://registry.npmjs.org/fast-deep-equal/-/fast-deep-equal-3.1.3.tgz 0ms (cache hit)
736 http cache undici-types@https://registry.npmjs.org/undici-types/-/undici-types-7.24.6.tgz 0ms (cache hit)
737 http cache @types/send@https://registry.npmjs.org/@types/send/-/send-1.2.1.tgz 0ms (cache hit)
738 http cache @types/range-parser@https://registry.npmjs.org/@types/range-parser/-/range-parser-1.2.7.tgz 0ms (cache hit)
739 http cache @types/qs@https://registry.npmjs.org/@types/qs/-/qs-6.15.1.tgz 0ms (cache hit)
740 http cache @types/connect@https://registry.npmjs.org/@types/connect/-/connect-3.4.38.tgz 0ms (cache hit)
741 http cache @types/serve-static@https://registry.npmjs.org/@types/serve-static/-/serve-static-2.2.0.tgz 0ms (cache hit)
742 http cache @types/express-serve-static-core@https://registry.npmjs.org/@types/express-serve-static-core/-/express-serve-static-core-5.1.1.tgz 0ms (cache hit)
743 http cache @types/node@https://registry.npmjs.org/@types/node/-/node-25.9.1.tgz 0ms (cache hit)
744 http cache zod-to-json-schema@https://registry.npmjs.org/zod-to-json-schema/-/zod-to-json-schema-3.25.2.tgz 0ms (cache hit)
745 http cache @types/body-parser@https://registry.npmjs.org/@types/body-parser/-/body-parser-1.19.6.tgz 0ms (cache hit)
746 http cache raw-body@https://registry.npmjs.org/raw-body/-/raw-body-3.0.2.tgz 0ms (cache hit)
747 http cache json-schema-typed@https://registry.npmjs.org/json-schema-typed/-/json-schema-typed-8.0.2.tgz 0ms (cache hit)
748 http cache pkce-challenge@https://registry.npmjs.org/pkce-challenge/-/pkce-challenge-5.0.1.tgz 0ms (cache hit)
749 http cache express-rate-limit@https://registry.npmjs.org/express-rate-limit/-/express-rate-limit-8.5.2.tgz 0ms (cache hit)
750 http cache jose@https://registry.npmjs.org/jose/-/jose-6.2.3.tgz 0ms (cache hit)
751 http cache express@https://registry.npmjs.org/express/-/express-5.2.1.tgz 0ms (cache hit)
752 http cache eventsource-parser@https://registry.npmjs.org/eventsource-parser/-/eventsource-parser-3.1.0.tgz 0ms (cache hit)
753 http cache eventsource@https://registry.npmjs.org/eventsource/-/eventsource-3.0.7.tgz 0ms (cache hit)
754 http cache cross-spawn@https://registry.npmjs.org/cross-spawn/-/cross-spawn-7.0.6.tgz 0ms (cache hit)
755 http cache content-type@https://registry.npmjs.org/content-type/-/content-type-1.0.5.tgz 0ms (cache hit)
756 http cache ajv-formats@https://registry.npmjs.org/ajv-formats/-/ajv-formats-3.0.1.tgz 0ms (cache hit)
757 http cache ajv@https://registry.npmjs.org/ajv/-/ajv-8.20.0.tgz 0ms (cache hit)
758 http cache @hono/node-server@https://registry.npmjs.org/@hono/node-server/-/node-server-1.19.14.tgz 0ms (cache hit)
759 http cache zod@https://registry.npmjs.org/zod/-/zod-3.25.76.tgz 0ms (cache hit)
760 http cache open@https://registry.npmjs.org/open/-/open-10.2.0.tgz 0ms (cache hit)
761 http cache cors@https://registry.npmjs.org/cors/-/cors-2.8.6.tgz 0ms (cache hit)
762 http cache @types/express@https://registry.npmjs.org/@types/express/-/express-5.0.6.tgz 0ms (cache hit)
763 http cache @types/cors@https://registry.npmjs.org/@types/cors/-/cors-2.8.19.tgz 0ms (cache hit)
764 http cache @modelcontextprotocol/sdk@https://registry.npmjs.org/@modelcontextprotocol/sdk/-/sdk-1.29.0.tgz 0ms (cache hit)
765 http cache @21st-dev/magic@https://registry.npmjs.org/@21st-dev/magic/-/magic-0.1.0.tgz 0ms (cache hit)
766 http cache content-type@https://registry.npmjs.org/content-type/-/content-type-2.0.0.tgz 0ms (cache hit)
767 http cache hono@https://registry.npmjs.org/hono/-/hono-4.12.23.tgz 0ms (cache hit)
768 silly tarball no local data for is-wsl@https://registry.npmjs.org/is-wsl/-/is-wsl-3.1.1.tgz. Extracting by manifest.
769 silly tarball no local data for isexe@https://registry.npmjs.org/isexe/-/isexe-2.0.0.tgz. Extracting by manifest.
770 silly tarball no local data for math-intrinsics@https://registry.npmjs.org/math-intrinsics/-/math-intrinsics-1.1.0.tgz. Extracting by manifest.
771 silly tarball no local data for media-typer@https://registry.npmjs.org/media-typer/-/media-typer-1.1.0.tgz. Extracting by manifest.
772 silly tarball no local data for hasown@https://registry.npmjs.org/hasown/-/hasown-2.0.4.tgz. Extracting by manifest.
773 silly tarball no local data for dunder-proto@https://registry.npmjs.org/dunder-proto/-/dunder-proto-1.0.1.tgz. Extracting by manifest.
774 silly tarball no local data for has-symbols@https://registry.npmjs.org/has-symbols/-/has-symbols-1.1.0.tgz. Extracting by manifest.
775 silly tarball no local data for gopd@https://registry.npmjs.org/gopd/-/gopd-1.2.0.tgz. Extracting by manifest.
776 silly tarball no local data for get-proto@https://registry.npmjs.org/get-proto/-/get-proto-1.0.1.tgz. Extracting by manifest.
777 silly tarball no local data for es-object-atoms@https://registry.npmjs.org/es-object-atoms/-/es-object-atoms-1.1.2.tgz. Extracting by manifest.
778 silly tarball no local data for function-bind@https://registry.npmjs.org/function-bind/-/function-bind-1.1.2.tgz. Extracting by manifest.
779 silly tarball no local data for call-bind-apply-helpers@https://registry.npmjs.org/call-bind-apply-helpers/-/call-bind-apply-helpers-1.0.2.tgz. Extracting by manifest.
780 silly tarball no local data for es-define-property@https://registry.npmjs.org/es-define-property/-/es-define-property-1.0.1.tgz. Extracting by manifest.
781 silly tarball no local data for get-intrinsic@https://registry.npmjs.org/get-intrinsic/-/get-intrinsic-1.3.0.tgz. Extracting by manifest.
782 silly tarball no local data for call-bound@https://registry.npmjs.org/call-bound/-/call-bound-1.0.4.tgz. Extracting by manifest.
783 silly tarball no local data for side-channel-weakmap@https://registry.npmjs.org/side-channel-weakmap/-/side-channel-weakmap-1.0.2.tgz. Extracting by manifest.
784 silly tarball no local data for side-channel-map@https://registry.npmjs.org/side-channel-map/-/side-channel-map-1.0.1.tgz. Extracting by manifest.
785 silly tarball no local data for object-inspect@https://registry.npmjs.org/object-inspect/-/object-inspect-1.13.4.tgz. Extracting by manifest.
786 silly tarball no local data for es-errors@https://registry.npmjs.org/es-errors/-/es-errors-1.3.0.tgz. Extracting by manifest.
787 silly tarball no local data for shebang-regex@https://registry.npmjs.org/shebang-regex/-/shebang-regex-3.0.0.tgz. Extracting by manifest.
788 silly tarball no local data for side-channel-list@https://registry.npmjs.org/side-channel-list/-/side-channel-list-1.0.1.tgz. Extracting by manifest.
789 silly tarball no local data for path-to-regexp@https://registry.npmjs.org/path-to-regexp/-/path-to-regexp-8.4.2.tgz. Extracting by manifest.
790 silly tarball no local data for is-promise@https://registry.npmjs.org/is-promise/-/is-promise-4.0.0.tgz. Extracting by manifest.
791 silly tarball no local data for unpipe@https://registry.npmjs.org/unpipe/-/unpipe-1.0.0.tgz. Extracting by manifest.
792 silly tarball no local data for side-channel@https://registry.npmjs.org/side-channel/-/side-channel-1.1.0.tgz. Extracting by manifest.
793 silly tarball no local data for ipaddr.js@https://registry.npmjs.org/ipaddr.js/-/ipaddr.js-1.9.1.tgz. Extracting by manifest.
794 silly tarball no local data for is-docker@https://registry.npmjs.org/is-docker/-/is-docker-3.0.0.tgz. Extracting by manifest.
795 silly tarball no local data for forwarded@https://registry.npmjs.org/forwarded/-/forwarded-0.2.0.tgz. Extracting by manifest.
796 silly tarball no local data for run-applescript@https://registry.npmjs.org/run-applescript/-/run-applescript-7.1.0.tgz. Extracting by manifest.
797 silly tarball no local data for default-browser-id@https://registry.npmjs.org/default-browser-id/-/default-browser-id-5.0.1.tgz. Extracting by manifest.
798 silly tarball no local data for bundle-name@https://registry.npmjs.org/bundle-name/-/bundle-name-4.1.0.tgz. Extracting by manifest.
799 silly tarball no local data for wsl-utils@https://registry.npmjs.org/wsl-utils/-/wsl-utils-0.1.0.tgz. Extracting by manifest.
800 silly tarball no local data for define-lazy-prop@https://registry.npmjs.org/define-lazy-prop/-/define-lazy-prop-3.0.0.tgz. Extracting by manifest.
801 silly tarball no local data for is-inside-container@https://registry.npmjs.org/is-inside-container/-/is-inside-container-1.0.0.tgz. Extracting by manifest.
802 silly tarball no local data for default-browser@https://registry.npmjs.org/default-browser/-/default-browser-5.5.0.tgz. Extracting by manifest.
803 silly tarball no local data for wrappy@https://registry.npmjs.org/wrappy/-/wrappy-1.0.2.tgz. Extracting by manifest.
804 silly tarball no local data for ee-first@https://registry.npmjs.org/ee-first/-/ee-first-1.1.1.tgz. Extracting by manifest.
805 silly tarball no local data for safer-buffer@https://registry.npmjs.org/safer-buffer/-/safer-buffer-2.1.2.tgz. Extracting by manifest.
806 silly tarball no local data for mime-db@https://registry.npmjs.org/mime-db/-/mime-db-1.54.0.tgz. Extracting by manifest.
807 silly tarball no local data for toidentifier@https://registry.npmjs.org/toidentifier/-/toidentifier-1.0.1.tgz. Extracting by manifest.
808 silly tarball no local data for setprototypeof@https://registry.npmjs.org/setprototypeof/-/setprototypeof-1.2.0.tgz. Extracting by manifest.
809 silly tarball no local data for inherits@https://registry.npmjs.org/inherits/-/inherits-2.0.4.tgz. Extracting by manifest.
810 silly tarball no local data for ms@https://registry.npmjs.org/ms/-/ms-2.1.3.tgz. Extracting by manifest.
811 silly tarball no local data for iconv-lite@https://registry.npmjs.org/iconv-lite/-/iconv-lite-0.7.2.tgz. Extracting by manifest.
812 silly tarball no local data for ip-address@https://registry.npmjs.org/ip-address/-/ip-address-10.2.0.tgz. Extracting by manifest.
813 silly tarball no local data for bytes@https://registry.npmjs.org/bytes/-/bytes-3.1.2.tgz. Extracting by manifest.
814 silly tarball no local data for negotiator@https://registry.npmjs.org/negotiator/-/negotiator-1.0.0.tgz. Extracting by manifest.
815 silly tarball no local data for type-is@https://registry.npmjs.org/type-is/-/type-is-2.1.0.tgz. Extracting by manifest.
816 silly tarball no local data for statuses@https://registry.npmjs.org/statuses/-/statuses-2.0.2.tgz. Extracting by manifest.
817 silly tarball no local data for serve-static@https://registry.npmjs.org/serve-static/-/serve-static-2.2.1.tgz. Extracting by manifest.
818 silly tarball no local data for send@https://registry.npmjs.org/send/-/send-1.2.1.tgz. Extracting by manifest.
819 silly tarball no local data for range-parser@https://registry.npmjs.org/range-parser/-/range-parser-1.2.1.tgz. Extracting by manifest.
820 silly tarball no local data for router@https://registry.npmjs.org/router/-/router-2.2.0.tgz. Extracting by manifest.
821 silly tarball no local data for qs@https://registry.npmjs.org/qs/-/qs-6.15.2.tgz. Extracting by manifest.
822 silly tarball no local data for proxy-addr@https://registry.npmjs.org/proxy-addr/-/proxy-addr-2.0.7.tgz. Extracting by manifest.
823 silly tarball no local data for parseurl@https://registry.npmjs.org/parseurl/-/parseurl-1.3.3.tgz. Extracting by manifest.
824 silly tarball no local data for once@https://registry.npmjs.org/once/-/once-1.4.0.tgz. Extracting by manifest.
825 silly tarball no local data for on-finished@https://registry.npmjs.org/on-finished/-/on-finished-2.4.1.tgz. Extracting by manifest.
826 silly tarball no local data for mime-types@https://registry.npmjs.org/mime-types/-/mime-types-3.0.2.tgz. Extracting by manifest.
827 silly tarball no local data for merge-descriptors@https://registry.npmjs.org/merge-descriptors/-/merge-descriptors-2.0.0.tgz. Extracting by manifest.
828 silly tarball no local data for finalhandler@https://registry.npmjs.org/finalhandler/-/finalhandler-2.1.1.tgz. Extracting by manifest.
829 silly tarball no local data for etag@https://registry.npmjs.org/etag/-/etag-1.8.1.tgz. Extracting by manifest.
830 silly tarball no local data for fresh@https://registry.npmjs.org/fresh/-/fresh-2.0.0.tgz. Extracting by manifest.
831 silly tarball no local data for escape-html@https://registry.npmjs.org/escape-html/-/escape-html-1.0.3.tgz. Extracting by manifest.
832 silly tarball no local data for encodeurl@https://registry.npmjs.org/encodeurl/-/encodeurl-2.0.0.tgz. Extracting by manifest.
833 silly tarball no local data for depd@https://registry.npmjs.org/depd/-/depd-2.0.0.tgz. Extracting by manifest.
834 silly tarball no local data for debug@https://registry.npmjs.org/debug/-/debug-4.4.3.tgz. Extracting by manifest.
835 silly tarball no local data for cookie-signature@https://registry.npmjs.org/cookie-signature/-/cookie-signature-1.2.2.tgz. Extracting by manifest.
836 silly tarball no local data for cookie@https://registry.npmjs.org/cookie/-/cookie-0.7.2.tgz. Extracting by manifest.
837 silly tarball no local data for content-disposition@https://registry.npmjs.org/content-disposition/-/content-disposition-1.1.0.tgz. Extracting by manifest.
838 silly tarball no local data for body-parser@https://registry.npmjs.org/body-parser/-/body-parser-2.2.2.tgz. Extracting by manifest.
839 silly tarball no local data for accepts@https://registry.npmjs.org/accepts/-/accepts-2.0.0.tgz. Extracting by manifest.
840 silly tarball no local data for which@https://registry.npmjs.org/which/-/which-2.0.2.tgz. Extracting by manifest.
841 silly tarball no local data for path-key@https://registry.npmjs.org/path-key/-/path-key-3.1.1.tgz. Extracting by manifest.
842 silly tarball no local data for vary@https://registry.npmjs.org/vary/-/vary-1.1.2.tgz. Extracting by manifest.
843 silly tarball no local data for object-assign@https://registry.npmjs.org/object-assign/-/object-assign-4.1.1.tgz. Extracting by manifest.
844 silly tarball no local data for shebang-command@https://registry.npmjs.org/shebang-command/-/shebang-command-2.0.0.tgz. Extracting by manifest.
845 silly tarball no local data for require-from-string@https://registry.npmjs.org/require-from-string/-/require-from-string-2.0.2.tgz. Extracting by manifest.
846 silly tarball no local data for json-schema-traverse@https://registry.npmjs.org/json-schema-traverse/-/json-schema-traverse-1.0.0.tgz. Extracting by manifest.
847 silly tarball no local data for http-errors@https://registry.npmjs.org/http-errors/-/http-errors-2.0.1.tgz. Extracting by manifest.
848 silly tarball no local data for fast-uri@https://registry.npmjs.org/fast-uri/-/fast-uri-3.1.2.tgz. Extracting by manifest.
849 silly tarball no local data for @types/http-errors@https://registry.npmjs.org/@types/http-errors/-/http-errors-2.0.5.tgz. Extracting by manifest.
850 silly tarball no local data for fast-deep-equal@https://registry.npmjs.org/fast-deep-equal/-/fast-deep-equal-3.1.3.tgz. Extracting by manifest.
851 silly tarball no local data for undici-types@https://registry.npmjs.org/undici-types/-/undici-types-7.24.6.tgz. Extracting by manifest.
852 silly tarball no local data for @types/send@https://registry.npmjs.org/@types/send/-/send-1.2.1.tgz. Extracting by manifest.
853 silly tarball no local data for @types/range-parser@https://registry.npmjs.org/@types/range-parser/-/range-parser-1.2.7.tgz. Extracting by manifest.
854 silly tarball no local data for @types/qs@https://registry.npmjs.org/@types/qs/-/qs-6.15.1.tgz. Extracting by manifest.
855 silly tarball no local data for @types/connect@https://registry.npmjs.org/@types/connect/-/connect-3.4.38.tgz. Extracting by manifest.
856 silly tarball no local data for @types/serve-static@https://registry.npmjs.org/@types/serve-static/-/serve-static-2.2.0.tgz. Extracting by manifest.
857 silly tarball no local data for @types/express-serve-static-core@https://registry.npmjs.org/@types/express-serve-static-core/-/express-serve-static-core-5.1.1.tgz. Extracting by manifest.
858 silly tarball no local data for @types/node@https://registry.npmjs.org/@types/node/-/node-25.9.1.tgz. Extracting by manifest.
859 silly tarball no local data for zod-to-json-schema@https://registry.npmjs.org/zod-to-json-schema/-/zod-to-json-schema-3.25.2.tgz. Extracting by manifest.
860 silly tarball no local data for @types/body-parser@https://registry.npmjs.org/@types/body-parser/-/body-parser-1.19.6.tgz. Extracting by manifest.
861 silly tarball no local data for raw-body@https://registry.npmjs.org/raw-body/-/raw-body-3.0.2.tgz. Extracting by manifest.
862 silly tarball no local data for json-schema-typed@https://registry.npmjs.org/json-schema-typed/-/json-schema-typed-8.0.2.tgz. Extracting by manifest.
863 silly tarball no local data for pkce-challenge@https://registry.npmjs.org/pkce-challenge/-/pkce-challenge-5.0.1.tgz. Extracting by manifest.
864 silly tarball no local data for express-rate-limit@https://registry.npmjs.org/express-rate-limit/-/express-rate-limit-8.5.2.tgz. Extracting by manifest.
865 silly tarball no local data for jose@https://registry.npmjs.org/jose/-/jose-6.2.3.tgz. Extracting by manifest.
866 silly tarball no local data for express@https://registry.npmjs.org/express/-/express-5.2.1.tgz. Extracting by manifest.
867 silly tarball no local data for eventsource-parser@https://registry.npmjs.org/eventsource-parser/-/eventsource-parser-3.1.0.tgz. Extracting by manifest.
868 silly tarball no local data for eventsource@https://registry.npmjs.org/eventsource/-/eventsource-3.0.7.tgz. Extracting by manifest.
869 silly tarball no local data for cross-spawn@https://registry.npmjs.org/cross-spawn/-/cross-spawn-7.0.6.tgz. Extracting by manifest.
870 silly tarball no local data for content-type@https://registry.npmjs.org/content-type/-/content-type-1.0.5.tgz. Extracting by manifest.
871 silly tarball no local data for ajv-formats@https://registry.npmjs.org/ajv-formats/-/ajv-formats-3.0.1.tgz. Extracting by manifest.
872 silly tarball no local data for ajv@https://registry.npmjs.org/ajv/-/ajv-8.20.0.tgz. Extracting by manifest.
873 silly tarball no local data for @hono/node-server@https://registry.npmjs.org/@hono/node-server/-/node-server-1.19.14.tgz. Extracting by manifest.
874 silly tarball no local data for zod@https://registry.npmjs.org/zod/-/zod-3.25.76.tgz. Extracting by manifest.
875 silly tarball no local data for open@https://registry.npmjs.org/open/-/open-10.2.0.tgz. Extracting by manifest.
876 silly tarball no local data for cors@https://registry.npmjs.org/cors/-/cors-2.8.6.tgz. Extracting by manifest.
877 silly tarball no local data for @types/express@https://registry.npmjs.org/@types/express/-/express-5.0.6.tgz. Extracting by manifest.
878 silly tarball no local data for @types/cors@https://registry.npmjs.org/@types/cors/-/cors-2.8.19.tgz. Extracting by manifest.
879 silly tarball no local data for @modelcontextprotocol/sdk@https://registry.npmjs.org/@modelcontextprotocol/sdk/-/sdk-1.29.0.tgz. Extracting by manifest.
880 silly tarball no local data for @21st-dev/magic@https://registry.npmjs.org/@21st-dev/magic/-/magic-0.1.0.tgz. Extracting by manifest.
881 silly tarball no local data for content-type@https://registry.npmjs.org/content-type/-/content-type-2.0.0.tgz. Extracting by manifest.
882 silly tarball no local data for hono@https://registry.npmjs.org/hono/-/hono-4.12.23.tgz. Extracting by manifest.
883 http fetch GET 200 https://registry.npmjs.org/dunder-proto/-/dunder-proto-1.0.1.tgz 71ms (cache miss)
884 http fetch GET 200 https://registry.npmjs.org/media-typer/-/media-typer-1.1.0.tgz 74ms (cache miss)
885 http fetch GET 200 https://registry.npmjs.org/math-intrinsics/-/math-intrinsics-1.1.0.tgz 75ms (cache miss)
886 http fetch GET 200 https://registry.npmjs.org/hasown/-/hasown-2.0.4.tgz 75ms (cache miss)
887 http fetch GET 200 https://registry.npmjs.org/isexe/-/isexe-2.0.0.tgz 76ms (cache miss)
888 http fetch GET 200 https://registry.npmjs.org/is-wsl/-/is-wsl-3.1.1.tgz 76ms (cache miss)
889 http fetch GET 200 https://registry.npmjs.org/side-channel-weakmap/-/side-channel-weakmap-1.0.2.tgz 94ms (cache miss)
890 http fetch GET 200 https://registry.npmjs.org/call-bound/-/call-bound-1.0.4.tgz 96ms (cache miss)
891 http fetch GET 200 https://registry.npmjs.org/side-channel-map/-/side-channel-map-1.0.1.tgz 101ms (cache miss)
892 http fetch GET 200 https://registry.npmjs.org/es-errors/-/es-errors-1.3.0.tgz 101ms (cache miss)
893 http fetch GET 200 https://registry.npmjs.org/side-channel-list/-/side-channel-list-1.0.1.tgz 108ms (cache miss)
894 http fetch GET 200 https://registry.npmjs.org/path-to-regexp/-/path-to-regexp-8.4.2.tgz 111ms (cache miss)
895 http fetch GET 200 https://registry.npmjs.org/shebang-regex/-/shebang-regex-3.0.0.tgz 115ms (cache miss)
896 http fetch GET 200 https://registry.npmjs.org/is-promise/-/is-promise-4.0.0.tgz 127ms (cache miss)
897 http fetch GET 200 https://registry.npmjs.org/side-channel/-/side-channel-1.1.0.tgz 127ms (cache miss)
898 http fetch GET 200 https://registry.npmjs.org/es-define-property/-/es-define-property-1.0.1.tgz 138ms (cache miss)
899 http fetch GET 200 https://registry.npmjs.org/gopd/-/gopd-1.2.0.tgz 141ms (cache miss)
900 http fetch GET 200 https://registry.npmjs.org/get-proto/-/get-proto-1.0.1.tgz 143ms (cache miss)
901 http fetch GET 200 https://registry.npmjs.org/unpipe/-/unpipe-1.0.0.tgz 143ms (cache miss)
902 http fetch GET 200 https://registry.npmjs.org/is-docker/-/is-docker-3.0.0.tgz 146ms (cache miss)
903 http fetch GET 200 https://registry.npmjs.org/es-object-atoms/-/es-object-atoms-1.1.2.tgz 148ms (cache miss)
904 http fetch GET 200 https://registry.npmjs.org/run-applescript/-/run-applescript-7.1.0.tgz 146ms (cache miss)
905 http fetch GET 200 https://registry.npmjs.org/forwarded/-/forwarded-0.2.0.tgz 161ms (cache miss)
906 http fetch GET 200 https://registry.npmjs.org/call-bind-apply-helpers/-/call-bind-apply-helpers-1.0.2.tgz 165ms (cache miss)
907 http fetch GET 200 https://registry.npmjs.org/default-browser-id/-/default-browser-id-5.0.1.tgz 162ms (cache miss)
908 http fetch GET 200 https://registry.npmjs.org/ee-first/-/ee-first-1.1.1.tgz 163ms (cache miss)
909 http fetch GET 200 https://registry.npmjs.org/ipaddr.js/-/ipaddr.js-1.9.1.tgz 166ms (cache miss)
910 http fetch GET 200 https://registry.npmjs.org/bundle-name/-/bundle-name-4.1.0.tgz 165ms (cache miss)
911 http fetch GET 200 https://registry.npmjs.org/is-inside-container/-/is-inside-container-1.0.0.tgz 165ms (cache miss)
912 http fetch GET 200 https://registry.npmjs.org/function-bind/-/function-bind-1.1.2.tgz 168ms (cache miss)
913 http fetch GET 200 https://registry.npmjs.org/define-lazy-prop/-/define-lazy-prop-3.0.0.tgz 166ms (cache miss)
914 http fetch GET 200 https://registry.npmjs.org/default-browser/-/default-browser-5.5.0.tgz 166ms (cache miss)
915 http fetch GET 200 https://registry.npmjs.org/wrappy/-/wrappy-1.0.2.tgz 166ms (cache miss)
916 http fetch GET 200 https://registry.npmjs.org/safer-buffer/-/safer-buffer-2.1.2.tgz 166ms (cache miss)
917 http fetch GET 200 https://registry.npmjs.org/setprototypeof/-/setprototypeof-1.2.0.tgz 167ms (cache miss)
918 http fetch GET 200 https://registry.npmjs.org/get-intrinsic/-/get-intrinsic-1.3.0.tgz 170ms (cache miss)
919 http fetch GET 200 https://registry.npmjs.org/wsl-utils/-/wsl-utils-0.1.0.tgz 168ms (cache miss)
920 http fetch GET 200 https://registry.npmjs.org/toidentifier/-/toidentifier-1.0.1.tgz 167ms (cache miss)
921 http fetch GET 200 https://registry.npmjs.org/bytes/-/bytes-3.1.2.tgz 166ms (cache miss)
922 http fetch GET 200 https://registry.npmjs.org/inherits/-/inherits-2.0.4.tgz 169ms (cache miss)
923 http fetch GET 200 https://registry.npmjs.org/negotiator/-/negotiator-1.0.0.tgz 169ms (cache miss)
924 http fetch GET 200 https://registry.npmjs.org/ms/-/ms-2.1.3.tgz 169ms (cache miss)
925 http fetch GET 200 https://registry.npmjs.org/mime-db/-/mime-db-1.54.0.tgz 172ms (cache miss)
926 http fetch GET 200 https://registry.npmjs.org/type-is/-/type-is-2.1.0.tgz 171ms (cache miss)
927 http fetch GET 200 https://registry.npmjs.org/range-parser/-/range-parser-1.2.1.tgz 170ms (cache miss)
928 http fetch GET 200 https://registry.npmjs.org/on-finished/-/on-finished-2.4.1.tgz 171ms (cache miss)
929 http fetch GET 200 https://registry.npmjs.org/proxy-addr/-/proxy-addr-2.0.7.tgz 172ms (cache miss)
930 http fetch GET 200 https://registry.npmjs.org/has-symbols/-/has-symbols-1.1.0.tgz 178ms (cache miss)
931 http fetch GET 200 https://registry.npmjs.org/merge-descriptors/-/merge-descriptors-2.0.0.tgz 172ms (cache miss)
932 http fetch GET 200 https://registry.npmjs.org/mime-types/-/mime-types-3.0.2.tgz 175ms (cache miss)
933 http fetch GET 200 https://registry.npmjs.org/statuses/-/statuses-2.0.2.tgz 177ms (cache miss)
934 http fetch GET 200 https://registry.npmjs.org/once/-/once-1.4.0.tgz 176ms (cache miss)
935 http fetch GET 200 https://registry.npmjs.org/parseurl/-/parseurl-1.3.3.tgz 177ms (cache miss)
936 http fetch GET 200 https://registry.npmjs.org/serve-static/-/serve-static-2.2.1.tgz 178ms (cache miss)
937 http fetch GET 200 https://registry.npmjs.org/finalhandler/-/finalhandler-2.1.1.tgz 178ms (cache miss)
938 http fetch GET 200 https://registry.npmjs.org/escape-html/-/escape-html-1.0.3.tgz 178ms (cache miss)
939 http fetch GET 200 https://registry.npmjs.org/send/-/send-1.2.1.tgz 180ms (cache miss)
940 http fetch GET 200 https://registry.npmjs.org/etag/-/etag-1.8.1.tgz 180ms (cache miss)
941 http fetch GET 200 https://registry.npmjs.org/cookie/-/cookie-0.7.2.tgz 179ms (cache miss)
942 http fetch GET 200 https://registry.npmjs.org/encodeurl/-/encodeurl-2.0.0.tgz 179ms (cache miss)
943 http fetch GET 200 https://registry.npmjs.org/fresh/-/fresh-2.0.0.tgz 181ms (cache miss)
944 http fetch GET 200 https://registry.npmjs.org/content-disposition/-/content-disposition-1.1.0.tgz 180ms (cache miss)
945 http fetch GET 200 https://registry.npmjs.org/body-parser/-/body-parser-2.2.2.tgz 181ms (cache miss)
946 http fetch GET 200 https://registry.npmjs.org/cookie-signature/-/cookie-signature-1.2.2.tgz 181ms (cache miss)
947 http fetch GET 200 https://registry.npmjs.org/router/-/router-2.2.0.tgz 184ms (cache miss)
948 http fetch GET 200 https://registry.npmjs.org/depd/-/depd-2.0.0.tgz 184ms (cache miss)
949 http fetch GET 200 https://registry.npmjs.org/object-assign/-/object-assign-4.1.1.tgz 184ms (cache miss)
950 http fetch GET 200 https://registry.npmjs.org/accepts/-/accepts-2.0.0.tgz 185ms (cache miss)
951 http fetch GET 200 https://registry.npmjs.org/debug/-/debug-4.4.3.tgz 189ms (cache miss)
952 http fetch GET 200 https://registry.npmjs.org/object-inspect/-/object-inspect-1.13.4.tgz 196ms (cache miss)
953 http fetch GET 200 https://registry.npmjs.org/shebang-command/-/shebang-command-2.0.0.tgz 189ms (cache miss)
954 http fetch GET 200 https://registry.npmjs.org/path-key/-/path-key-3.1.1.tgz 189ms (cache miss)
955 http fetch GET 200 https://registry.npmjs.org/which/-/which-2.0.2.tgz 190ms (cache miss)
956 http fetch GET 200 https://registry.npmjs.org/vary/-/vary-1.1.2.tgz 193ms (cache miss)
957 http fetch GET 200 https://registry.npmjs.org/require-from-string/-/require-from-string-2.0.2.tgz 194ms (cache miss)
958 http fetch GET 200 https://registry.npmjs.org/json-schema-traverse/-/json-schema-traverse-1.0.0.tgz 196ms (cache miss)
959 http fetch GET 200 https://registry.npmjs.org/http-errors/-/http-errors-2.0.1.tgz 198ms (cache miss)
960 http fetch GET 200 https://registry.npmjs.org/qs/-/qs-6.15.2.tgz 201ms (cache miss)
961 http fetch GET 200 https://registry.npmjs.org/fast-deep-equal/-/fast-deep-equal-3.1.3.tgz 200ms (cache miss)
962 http fetch GET 200 https://registry.npmjs.org/@types/http-errors/-/http-errors-2.0.5.tgz 203ms (cache miss)
963 http fetch GET 200 https://registry.npmjs.org/ip-address/-/ip-address-10.2.0.tgz 208ms (cache miss)
964 http fetch GET 200 https://registry.npmjs.org/undici-types/-/undici-types-7.24.6.tgz 208ms (cache miss)
965 http fetch GET 200 https://registry.npmjs.org/@types/send/-/send-1.2.1.tgz 211ms (cache miss)
966 http fetch GET 200 https://registry.npmjs.org/@types/range-parser/-/range-parser-1.2.7.tgz 211ms (cache miss)
967 http fetch GET 200 https://registry.npmjs.org/@types/qs/-/qs-6.15.1.tgz 210ms (cache miss)
968 http fetch GET 200 https://registry.npmjs.org/@types/serve-static/-/serve-static-2.2.0.tgz 211ms (cache miss)
969 http fetch GET 200 https://registry.npmjs.org/iconv-lite/-/iconv-lite-0.7.2.tgz 222ms (cache miss)
970 http fetch GET 200 https://registry.npmjs.org/fast-uri/-/fast-uri-3.1.2.tgz 219ms (cache miss)
971 http fetch GET 200 https://registry.npmjs.org/@types/connect/-/connect-3.4.38.tgz 221ms (cache miss)
972 http fetch GET 200 https://registry.npmjs.org/raw-body/-/raw-body-3.0.2.tgz 221ms (cache miss)
973 http fetch GET 200 https://registry.npmjs.org/pkce-challenge/-/pkce-challenge-5.0.1.tgz 222ms (cache miss)
974 http fetch GET 200 https://registry.npmjs.org/json-schema-typed/-/json-schema-typed-8.0.2.tgz 223ms (cache miss)
975 http fetch GET 200 https://registry.npmjs.org/@types/express-serve-static-core/-/express-serve-static-core-5.1.1.tgz 225ms (cache miss)
976 http fetch GET 200 https://registry.npmjs.org/@types/body-parser/-/body-parser-1.19.6.tgz 225ms (cache miss)
977 http fetch GET 200 https://registry.npmjs.org/express/-/express-5.2.1.tgz 230ms (cache miss)
978 http fetch GET 200 https://registry.npmjs.org/express-rate-limit/-/express-rate-limit-8.5.2.tgz 232ms (cache miss)
979 http fetch GET 200 https://registry.npmjs.org/content-type/-/content-type-1.0.5.tgz 233ms (cache miss)
980 http fetch GET 200 https://registry.npmjs.org/cross-spawn/-/cross-spawn-7.0.6.tgz 235ms (cache miss)
981 http fetch GET 200 https://registry.npmjs.org/eventsource/-/eventsource-3.0.7.tgz 236ms (cache miss)
982 http fetch GET 200 https://registry.npmjs.org/ajv-formats/-/ajv-formats-3.0.1.tgz 238ms (cache miss)
983 http fetch GET 200 https://registry.npmjs.org/eventsource-parser/-/eventsource-parser-3.1.0.tgz 240ms (cache miss)
984 http fetch POST 200 https://registry.npmjs.org/-/npm/v1/security/advisories/bulk 288ms
985 silly audit report {}
986 http fetch GET 200 https://registry.npmjs.org/open/-/open-10.2.0.tgz 256ms (cache miss)
987 http fetch GET 200 https://registry.npmjs.org/cors/-/cors-2.8.6.tgz 256ms (cache miss)
988 http fetch GET 200 https://registry.npmjs.org/content-type/-/content-type-2.0.0.tgz 257ms (cache miss)
989 http fetch GET 200 https://registry.npmjs.org/@types/cors/-/cors-2.8.19.tgz 261ms (cache miss)
990 http fetch GET 200 https://registry.npmjs.org/@hono/node-server/-/node-server-1.19.14.tgz 283ms (cache miss)
991 http fetch GET 200 https://registry.npmjs.org/@types/node/-/node-25.9.1.tgz 305ms (cache miss)
992 http fetch GET 200 https://registry.npmjs.org/jose/-/jose-6.2.3.tgz 316ms (cache miss)
993 http fetch GET 200 https://registry.npmjs.org/zod-to-json-schema/-/zod-to-json-schema-3.25.2.tgz 319ms (cache miss)
994 http fetch GET 200 https://registry.npmjs.org/@types/express/-/express-5.0.6.tgz 396ms (cache miss)
995 http fetch GET 200 https://registry.npmjs.org/ajv/-/ajv-8.20.0.tgz 435ms (cache miss)
996 http fetch GET 200 https://registry.npmjs.org/@21st-dev/magic/-/magic-0.1.0.tgz 453ms (cache miss)
997 http fetch GET 200 https://registry.npmjs.org/zod/-/zod-3.25.76.tgz 474ms (cache miss)
998 http fetch GET 200 https://registry.npmjs.org/hono/-/hono-4.12.23.tgz 485ms (cache miss)
999 http fetch GET 200 https://registry.npmjs.org/@modelcontextprotocol/sdk/-/sdk-1.29.0.tgz 516ms (cache miss)
1000 verbose cwd /Users/ayoubelamrani/Desktop/AssuTempo
1001 verbose os Darwin 24.6.0
1002 verbose node v24.16.0
1003 verbose npm  v11.13.0
1004 notice
1004 notice New minor version of npm available! 11.13.0 -> 11.16.0
1004 notice Changelog: https://github.com/npm/cli/releases/tag/v11.16.0
1004 notice To update run: npm install -g npm@11.16.0
1004 notice  { force: true, Symbol(proc-log.meta): true }
1005 verbose exit 0
1006 info ok
